
> shoplisl-app@0.0.0 test
> vitest --run


 RUN  v3.2.4 /home/user/shoplisl

stdout | src/app/core/services/ai/context-management.service.spec.ts > ContextManagementService > should be created
🤖 Clearing conversation context

stdout | src/app/core/services/ai/context-management.service.spec.ts > ContextManagementService > Context Management - Basic Operations > should set and get conversation context
🤖 Setting conversation context: {
  lastAction: {
    type: [32m'article_added'[39m,
    listId: [32m'list-1'[39m,
    listName: [32m'Einkaufen'[39m,
    articleName: [32m'Milch'[39m,
    timestamp: [35m2025-11-20T08:05:18.787Z[39m
  }
}

stdout | src/app/core/services/ai/context-management.service.spec.ts > ContextManagementService > Context Management - Basic Operations > should set and get conversation context
🤖 Clearing conversation context

stdout | src/app/core/services/ai/context-management.service.spec.ts > ContextManagementService > Context Management - Basic Operations > should clear conversation context
🤖 Setting conversation context: {
  lastAction: {
    type: [32m'article_added'[39m,
    listId: [32m'list-1'[39m,
    listName: [32m'Einkaufen'[39m,
    articleName: [32m'Milch'[39m,
    timestamp: [35m2025-11-20T08:05:18.790Z[39m
  }
}
🤖 Clearing conversation context

stdout | src/app/core/services/ai/context-management.service.spec.ts > ContextManagementService > Context Management - Basic Operations > should clear conversation context
🤖 Clearing conversation context

stdout | src/app/core/services/ai/context-management.service.spec.ts > ContextManagementService > Context Management - Basic Operations > should return empty context initially
🤖 Clearing conversation context

stdout | src/app/core/services/ai/context-management.service.spec.ts > ContextManagementService > Context Queries > should detect when waiting for articles
🤖 Setting conversation context: {
  waitingForArticles: {
    listId: [32m'list-1'[39m,
    listName: [32m'Einkaufen'[39m,
    prompt: [32m'Möchtest du noch weitere Artikel hinzufügen?'[39m
  }
}

stdout | src/app/core/services/ai/context-management.service.spec.ts > ContextManagementService > Context Queries > should detect when waiting for articles
🤖 Clearing conversation context

stdout | src/app/core/services/ai/context-management.service.spec.ts > ContextManagementService > Context Queries > should detect when NOT waiting for articles
🤖 Clearing conversation context

stdout | src/app/core/services/ai/context-management.service.spec.ts > ContextManagementService > Context Queries > should detect when NOT waiting for articles
🤖 Clearing conversation context

stdout | src/app/core/services/ai/context-management.service.spec.ts > ContextManagementService > Context Queries > should get waiting for articles context
🤖 Setting conversation context: {
  waitingForArticles: { listId: [32m'list-1'[39m, listName: [32m'Einkaufen'[39m, prompt: [32m'Test prompt'[39m }
}

stdout | src/app/core/services/ai/context-management.service.spec.ts > ContextManagementService > Context Queries > should get waiting for articles context
🤖 Clearing conversation context

stdout | src/app/core/services/ai/context-management.service.spec.ts > ContextManagementService > Context Queries > should return undefined when not waiting for articles
🤖 Clearing conversation context

stdout | src/app/core/services/ai/context-management.service.spec.ts > ContextManagementService > Context Queries > should return undefined when not waiting for articles
🤖 Clearing conversation context

stdout | src/app/core/services/ai/context-management.service.spec.ts > ContextManagementService > Context Queries > should get last action
🤖 Setting conversation context: {
  lastAction: {
    type: [32m'article_added'[39m,
    listId: [32m'list-1'[39m,
    listName: [32m'Einkaufen'[39m,
    articleName: [32m'Milch'[39m,
    timestamp: [35m2025-11-20T08:05:18.807Z[39m
  }
}

stdout | src/app/core/services/ai/context-management.service.spec.ts > ContextManagementService > Context Queries > should get last action
🤖 Clearing conversation context

stdout | src/app/core/services/ai/context-management.service.spec.ts > ContextManagementService > Context Queries > should return undefined when no last action exists
🤖 Clearing conversation context

stdout | src/app/core/services/ai/context-management.service.spec.ts > ContextManagementService > Context Queries > should return undefined when no last action exists
🤖 Clearing conversation context

stdout | src/app/core/services/ai/context-management.service.spec.ts > ContextManagementService > Context Updates > should update context for article added
🤖 Setting conversation context: {
  lastAction: {
    type: [32m'article_added'[39m,
    listId: [32m'list-1'[39m,
    listName: [32m'Einkaufen'[39m,
    articleName: [32m'Milch'[39m,
    timestamp: [35m2025-11-20T08:05:18.812Z[39m
  },
  waitingForArticles: {
    listId: [32m'list-1'[39m,
    listName: [32m'Einkaufen'[39m,
    prompt: [32m'Möchtest du noch weitere Artikel hinzufügen?'[39m
  }
}

stdout | src/app/core/services/ai/context-management.service.spec.ts > ContextManagementService > Context Updates > should update context for article added
🤖 Clearing conversation context

stdout | src/app/core/services/ai/context-management.service.spec.ts > ContextManagementService > Context Updates > should update context for list created
🤖 Setting conversation context: {
  lastAction: {
    type: [32m'list_created'[39m,
    listId: [32m'list-2'[39m,
    listName: [32m'Wocheneinkauf'[39m,
    articleName: [90mundefined[39m,
    timestamp: [35m2025-11-20T08:05:18.814Z[39m
  },
  waitingForArticles: {
    listId: [32m'list-2'[39m,
    listName: [32m'Wocheneinkauf'[39m,
    prompt: [32m'Möchtest du Artikel hinzufügen?'[39m
  }
}

stdout | src/app/core/services/ai/context-management.service.spec.ts > ContextManagementService > Context Updates > should update context for list created
🤖 Clearing conversation context

stdout | src/app/core/services/ai/context-management.service.spec.ts > ContextManagementService > Context Updates > should preserve context across multiple updates
🤖 Setting conversation context: {
  lastAction: {
    type: [32m'article_added'[39m,
    listId: [32m'list-1'[39m,
    listName: [32m'Einkaufen'[39m,
    articleName: [32m'Milch'[39m,
    timestamp: [35m2025-11-20T08:05:18.817Z[39m
  },
  waitingForArticles: {
    listId: [32m'list-1'[39m,
    listName: [32m'Einkaufen'[39m,
    prompt: [32m'Möchtest du noch weitere Artikel hinzufügen?'[39m
  }
}
🤖 Setting conversation context: {
  lastAction: {
    type: [32m'article_added'[39m,
    listId: [32m'list-1'[39m,
    listName: [32m'Einkaufen'[39m,
    articleName: [32m'Brot'[39m,
    timestamp: [35m2025-11-20T08:05:18.817Z[39m
  },
  waitingForArticles: {
    listId: [32m'list-1'[39m,
    listName: [32m'Einkaufen'[39m,
    prompt: [32m'Möchtest du noch weitere Artikel hinzufügen?'[39m
  }
}

stdout | src/app/core/services/ai/context-management.service.spec.ts > ContextManagementService > Context Updates > should preserve context across multiple updates
🤖 Clearing conversation context

stdout | src/app/core/services/ai/context-management.service.spec.ts > ContextManagementService > Context Validation > should validate fresh context as valid
🤖 Setting conversation context: {
  lastAction: {
    type: [32m'article_added'[39m,
    listId: [32m'list-1'[39m,
    listName: [32m'Einkaufen'[39m,
    articleName: [32m'Milch'[39m,
    timestamp: [35m2025-11-20T08:05:18.819Z[39m
  },
  waitingForArticles: {
    listId: [32m'list-1'[39m,
    listName: [32m'Einkaufen'[39m,
    prompt: [32m'Möchtest du noch weitere Artikel hinzufügen?'[39m
  }
}

stdout | src/app/core/services/ai/context-management.service.spec.ts > ContextManagementService > Context Validation > should validate fresh context as valid
🤖 Clearing conversation context

stdout | src/app/core/services/ai/context-management.service.spec.ts > ContextManagementService > Context Validation > should validate old context as invalid (beyond max age)
🤖 Setting conversation context: {
  lastAction: {
    type: [32m'article_added'[39m,
    listId: [32m'list-1'[39m,
    listName: [32m'Einkaufen'[39m,
    articleName: [32m'Milch'[39m,
    timestamp: [35m2025-11-20T07:54:18.821Z[39m
  }
}

stdout | src/app/core/services/ai/context-management.service.spec.ts > ContextManagementService > Context Validation > should validate old context as invalid (beyond max age)
🤖 Clearing conversation context

stdout | src/app/core/services/ai/context-management.service.spec.ts > ContextManagementService > Context Validation > should validate context with custom max age
🤖 Setting conversation context: {
  lastAction: {
    type: [32m'article_added'[39m,
    listId: [32m'list-1'[39m,
    listName: [32m'Einkaufen'[39m,
    articleName: [32m'Milch'[39m,
    timestamp: [35m2025-11-20T08:02:18.823Z[39m
  }
}

stdout | src/app/core/services/ai/context-management.service.spec.ts > ContextManagementService > Context Validation > should validate context with custom max age
🤖 Clearing conversation context

stdout | src/app/core/services/ai/context-management.service.spec.ts > ContextManagementService > Context Validation > should return false when no context exists
🤖 Clearing conversation context

 ✓ src/app/core/utils/department-mapping.utils.spec.ts (33 tests) 17ms
 ✓ src/app/features/lists/list-detail/services/list-filter.service.spec.ts (24 tests) 14ms
stdout | src/app/core/services/ai/context-management.service.spec.ts > ContextManagementService > Context Validation > should return false when no context exists
🤖 Clearing conversation context

stdout | src/app/core/services/ai/context-management.service.spec.ts > ContextManagementService > Context Validation > should detect when has target list
🤖 Setting conversation context: {
  lastAction: {
    type: [32m'article_added'[39m,
    listId: [32m'list-1'[39m,
    listName: [32m'Einkaufen'[39m,
    articleName: [32m'Milch'[39m,
    timestamp: [35m2025-11-20T08:05:18.830Z[39m
  },
  waitingForArticles: {
    listId: [32m'list-1'[39m,
    listName: [32m'Einkaufen'[39m,
    prompt: [32m'Möchtest du noch weitere Artikel hinzufügen?'[39m
  }
}

stdout | src/app/core/services/ai/context-management.service.spec.ts > ContextManagementService > Context Validation > should detect when has target list
🤖 Clearing conversation context

stdout | src/app/core/services/ai/context-management.service.spec.ts > ContextManagementService > Context Validation > should detect when does NOT have target list
🤖 Clearing conversation context

stdout | src/app/core/services/ai/context-management.service.spec.ts > ContextManagementService > Context Validation > should detect when does NOT have target list
🤖 Clearing conversation context

stdout | src/app/core/services/ai/context-management.service.spec.ts > ContextManagementService > Context Validation > should get target list information
🤖 Setting conversation context: {
  lastAction: {
    type: [32m'article_added'[39m,
    listId: [32m'list-1'[39m,
    listName: [32m'Einkaufen'[39m,
    articleName: [32m'Milch'[39m,
    timestamp: [35m2025-11-20T08:05:18.833Z[39m
  },
  waitingForArticles: {
    listId: [32m'list-1'[39m,
    listName: [32m'Einkaufen'[39m,
    prompt: [32m'Möchtest du noch weitere Artikel hinzufügen?'[39m
  }
}

stdout | src/app/core/services/ai/context-management.service.spec.ts > ContextManagementService > Context Validation > should get target list information
🤖 Clearing conversation context

stdout | src/app/core/services/ai/context-management.service.spec.ts > ContextManagementService > Context Validation > should return null when no target list exists
🤖 Clearing conversation context

stdout | src/app/core/services/ai/context-management.service.spec.ts > ContextManagementService > Context Validation > should return null when no target list exists
🤖 Clearing conversation context

stdout | src/app/core/services/ai/context-management.service.spec.ts > ContextManagementService > Conversation State Management > should preserve context for later restoration
🤖 Setting conversation context: {
  lastAction: {
    type: [32m'article_added'[39m,
    listId: [32m'list-1'[39m,
    listName: [32m'Einkaufen'[39m,
    articleName: [32m'Milch'[39m,
    timestamp: [35m2025-11-20T08:05:18.837Z[39m
  },
  waitingForArticles: {
    listId: [32m'list-1'[39m,
    listName: [32m'Einkaufen'[39m,
    prompt: [32m'Möchtest du noch weitere Artikel hinzufügen?'[39m
  }
}

stdout | src/app/core/services/ai/context-management.service.spec.ts > ContextManagementService > Conversation State Management > should preserve context for later restoration
🤖 Clearing conversation context

stdout | src/app/core/services/ai/context-management.service.spec.ts > ContextManagementService > Conversation State Management > should restore preserved context
🤖 Setting conversation context: {
  lastAction: {
    type: [32m'article_added'[39m,
    listId: [32m'list-1'[39m,
    listName: [32m'Einkaufen'[39m,
    articleName: [32m'Milch'[39m,
    timestamp: [35m2025-11-20T08:05:18.839Z[39m
  },
  waitingForArticles: {
    listId: [32m'list-1'[39m,
    listName: [32m'Einkaufen'[39m,
    prompt: [32m'Möchtest du noch weitere Artikel hinzufügen?'[39m
  }
}
🤖 Clearing conversation context

stdout | src/app/core/services/ai/context-management.service.spec.ts > ContextManagementService > Conversation State Management > should restore preserved context
🤖 Clearing conversation context

stdout | src/app/core/services/ai/context-management.service.spec.ts > ContextManagementService > Conversation State Management > should merge partial context into existing context
🤖 Setting conversation context: {
  lastAction: {
    type: [32m'article_added'[39m,
    listId: [32m'list-1'[39m,
    listName: [32m'Einkaufen'[39m,
    articleName: [32m'Milch'[39m,
    timestamp: [35m2025-11-20T08:05:18.840Z[39m
  },
  waitingForArticles: {
    listId: [32m'list-1'[39m,
    listName: [32m'Einkaufen'[39m,
    prompt: [32m'Möchtest du noch weitere Artikel hinzufügen?'[39m
  }
}

stdout | src/app/core/services/ai/context-management.service.spec.ts > ContextManagementService > Conversation State Management > should merge partial context into existing context
🤖 Clearing conversation context

stdout | src/app/core/services/ai/context-management.service.spec.ts > ContextManagementService > Conversation State Management > should handle merging empty partial context
🤖 Setting conversation context: {
  lastAction: {
    type: [32m'article_added'[39m,
    listId: [32m'list-1'[39m,
    listName: [32m'Einkaufen'[39m,
    articleName: [32m'Milch'[39m,
    timestamp: [35m2025-11-20T08:05:18.844Z[39m
  },
  waitingForArticles: {
    listId: [32m'list-1'[39m,
    listName: [32m'Einkaufen'[39m,
    prompt: [32m'Möchtest du noch weitere Artikel hinzufügen?'[39m
  }
}

stdout | src/app/core/services/ai/context-management.service.spec.ts > ContextManagementService > Conversation State Management > should handle merging empty partial context
🤖 Clearing conversation context

stdout | src/app/core/services/ai/context-management.service.spec.ts > ContextManagementService > Context Preservation Across Multiple Commands > should maintain context when adding multiple articles to same list
🤖 Setting conversation context: {
  lastAction: {
    type: [32m'article_added'[39m,
    listId: [32m'list-1'[39m,
    listName: [32m'Einkaufen'[39m,
    articleName: [32m'Milch'[39m,
    timestamp: [35m2025-11-20T08:05:18.846Z[39m
  },
  waitingForArticles: {
    listId: [32m'list-1'[39m,
    listName: [32m'Einkaufen'[39m,
    prompt: [32m'Möchtest du noch weitere Artikel hinzufügen?'[39m
  }
}
🤖 Setting conversation context: {
  lastAction: {
    type: [32m'article_added'[39m,
    listId: [32m'list-1'[39m,
    listName: [32m'Einkaufen'[39m,
    articleName: [32m'Brot'[39m,
    timestamp: [35m2025-11-20T08:05:18.846Z[39m
  },
  waitingForArticles: {
    listId: [32m'list-1'[39m,
    listName: [32m'Einkaufen'[39m,
    prompt: [32m'Möchtest du noch weitere Artikel hinzufügen?'[39m
  }
}

stdout | src/app/core/services/ai/context-management.service.spec.ts > ContextManagementService > Context Preservation Across Multiple Commands > should maintain context when adding multiple articles to same list
🤖 Clearing conversation context

stderr | src/app/shared/components/voice-ai-assistant/services/voice-input.service.spec.ts > VoiceInputService > Initialization > should not initialize on server platform
Voice input not available in non-browser environment

stderr | src/app/shared/components/voice-ai-assistant/services/voice-input.service.spec.ts > VoiceInputService > Browser Support Detection > should return false when speech recognition is not supported
Speech recognition not supported in this browser

stdout | src/app/shared/components/voice-ai-assistant/services/voice-input.service.spec.ts > VoiceInputService > Recording Lifecycle > should start recording successfully
🎤 Voice recording started

stdout | src/app/shared/components/voice-ai-assistant/services/voice-input.service.spec.ts > VoiceInputService > Recording Lifecycle > should stop recording successfully
🎤 Voice recording started
🎤 Voice recording stopped

stdout | src/app/shared/components/voice-ai-assistant/services/voice-input.service.spec.ts > VoiceInputService > Recording Lifecycle > should toggle recording from off to on
🎤 Voice recording started

stdout | src/app/shared/components/voice-ai-assistant/services/voice-input.service.spec.ts > VoiceInputService > Recording Lifecycle > should toggle recording from on to off
🎤 Voice recording started
🎤 Voice recording stopped

stdout | src/app/shared/components/voice-ai-assistant/services/voice-input.service.spec.ts > VoiceInputService > Recording Lifecycle > should not start recording if already recording
🎤 Voice recording started

stderr | src/app/shared/components/voice-ai-assistant/services/voice-input.service.spec.ts > VoiceInputService > Recording Lifecycle > should not start recording if already recording
Already recording

stderr | src/app/shared/components/voice-ai-assistant/services/voice-input.service.spec.ts > VoiceInputService > Recording Lifecycle > should handle start failure gracefully
Failed to start speech recognition: Error: Start failed
    at Object.<anonymous> [90m(/home/user/shoplisl/[39msrc/app/shared/components/voice-ai-assistant/services/voice-input.service.spec.ts:164:15[90m)[39m
    at Object.mockCall [90m(file:///home/user/shoplisl/[39mnode_modules/[4m@vitest/spy[24m/dist/index.js:96:15[90m)[39m
    at Object.spy [as start] [90m(file:///home/user/shoplisl/[39mnode_modules/[4mtinyspy[24m/dist/index.js:47:80[90m)[39m
    at VoiceInputService.startRecording [90m(/home/user/shoplisl/[39msrc/app/shared/components/voice-ai-assistant/services/voice-input.service.ts:164:24[90m)[39m
    at [90m/home/user/shoplisl/[39msrc/app/shared/components/voice-ai-assistant/services/voice-input.service.spec.ts:169:30
    at [90mfile:///home/user/shoplisl/[39mnode_modules/[4m@vitest/runner[24m/dist/chunk-hooks.js:155:11
    at [90mfile:///home/user/shoplisl/[39mnode_modules/[4m@vitest/runner[24m/dist/chunk-hooks.js:752:26
    at [90mfile:///home/user/shoplisl/[39mnode_modules/[4m@vitest/runner[24m/dist/chunk-hooks.js:1897:20
    at new ZoneAwarePromise [90m(/home/user/shoplisl/[39mnode_modules/[4mzone.js[24m/fesm2015/zone.js:2701:25[90m)[39m
    at runWithTimeout [90m(file:///home/user/shoplisl/[39mnode_modules/[4m@vitest/runner[24m/dist/chunk-hooks.js:1863:10[90m)[39m

stdout | src/app/shared/components/voice-ai-assistant/services/voice-input.service.spec.ts > VoiceInputService > Voice Recognition Results > should emit voice result on successful recognition
🎤 Voice recording started
🎤 Voice input received: Hallo Welt

stdout | src/app/shared/components/voice-ai-assistant/services/chat-ui.service.spec.ts > ChatUIService > PWA Mode > should detect PWA standalone mode
🔧 PWA mode detected - applying viewport fixes

 ✓ src/app/core/services/data.spec.ts (1 test) 7ms
stdout | src/app/core/services/ai/context-management.service.spec.ts > ContextManagementService > Context Preservation Across Multiple Commands > should update context when switching to different list
🤖 Setting conversation context: {
  lastAction: {
    type: [32m'article_added'[39m,
    listId: [32m'list-1'[39m,
    listName: [32m'Einkaufen'[39m,
    articleName: [32m'Milch'[39m,
    timestamp: [35m2025-11-20T08:05:18.849Z[39m
  },
  waitingForArticles: {
    listId: [32m'list-1'[39m,
    listName: [32m'Einkaufen'[39m,
    prompt: [32m'Möchtest du noch weitere Artikel hinzufügen?'[39m
  }
}
🤖 Setting conversation context: {
  lastAction: {
    type: [32m'article_added'[39m,
    listId: [32m'list-2'[39m,
    listName: [32m'Wocheneinkauf'[39m,
    articleName: [32m'Brot'[39m,
    timestamp: [35m2025-11-20T08:05:18.849Z[39m
  },
  waitingForArticles: {
    listId: [32m'list-2'[39m,
    listName: [32m'Wocheneinkauf'[39m,
    prompt: [32m'Möchtest du noch weitere Artikel hinzufügen?'[39m
  }
}

stdout | src/app/core/services/ai/context-management.service.spec.ts > ContextManagementService > Context Preservation Across Multiple Commands > should update context when switching to different list
🤖 Clearing conversation context

stdout | src/app/shared/components/voice-ai-assistant/services/voice-input.service.spec.ts > VoiceInputService > Voice Recognition Results > should update recording state when result received
🎤 Voice recording started
🎤 Voice input received: Test

stdout | src/app/core/services/ai/context-management.service.spec.ts > ContextManagementService > Context Preservation Across Multiple Commands > should maintain timestamp accuracy across updates
🤖 Setting conversation context: {
  lastAction: {
    type: [32m'article_added'[39m,
    listId: [32m'list-1'[39m,
    listName: [32m'Einkaufen'[39m,
    articleName: [32m'Milch'[39m,
    timestamp: [35m2025-11-20T08:05:18.852Z[39m
  },
  waitingForArticles: {
    listId: [32m'list-1'[39m,
    listName: [32m'Einkaufen'[39m,
    prompt: [32m'Möchtest du noch weitere Artikel hinzufügen?'[39m
  }
}

stdout | src/app/core/services/ai/context-management.service.spec.ts > ContextManagementService > Context Preservation Across Multiple Commands > should maintain timestamp accuracy across updates
🤖 Clearing conversation context

stdout | src/app/shared/components/voice-ai-assistant/services/voice-input.service.spec.ts > VoiceInputService > Error Handling > should handle no-speech error
🎤 Voice recording started

stderr | src/app/shared/components/voice-ai-assistant/services/voice-input.service.spec.ts > VoiceInputService > Error Handling > should handle no-speech error
Speech recognition error: no-speech

stdout | src/app/shared/components/voice-ai-assistant/services/voice-input.service.spec.ts > VoiceInputService > Error Handling > should handle not-allowed error (permission denied)
🎤 Voice recording started

stderr | src/app/shared/components/voice-ai-assistant/services/voice-input.service.spec.ts > VoiceInputService > Error Handling > should handle not-allowed error (permission denied)
Speech recognition error: not-allowed

stdout | src/app/shared/components/voice-ai-assistant/services/voice-input.service.spec.ts > VoiceInputService > Error Handling > should handle network error
🎤 Voice recording started

stderr | src/app/shared/components/voice-ai-assistant/services/voice-input.service.spec.ts > VoiceInputService > Error Handling > should handle network error
Speech recognition error: network

stdout | src/app/core/services/ai/context-management.service.spec.ts > ContextManagementService > Edge Cases > should handle empty list name
🤖 Setting conversation context: {
  lastAction: {
    type: [32m'article_added'[39m,
    listId: [32m'list-1'[39m,
    listName: [32m''[39m,
    articleName: [32m'Milch'[39m,
    timestamp: [35m2025-11-20T08:05:18.854Z[39m
  },
  waitingForArticles: {
    listId: [32m'list-1'[39m,
    listName: [32m''[39m,
    prompt: [32m'Möchtest du noch weitere Artikel hinzufügen?'[39m
  }
}

stdout | src/app/core/services/ai/context-management.service.spec.ts > ContextManagementService > Edge Cases > should handle empty list name
🤖 Clearing conversation context

stdout | src/app/core/services/ai/context-management.service.spec.ts > ContextManagementService > Edge Cases > should handle empty article name
🤖 Setting conversation context: {
  lastAction: {
    type: [32m'article_added'[39m,
    listId: [32m'list-1'[39m,
    listName: [32m'Einkaufen'[39m,
    articleName: [32m''[39m,
    timestamp: [35m2025-11-20T08:05:18.855Z[39m
  },
  waitingForArticles: {
    listId: [32m'list-1'[39m,
    listName: [32m'Einkaufen'[39m,
    prompt: [32m'Möchtest du noch weitere Artikel hinzufügen?'[39m
  }
}

stdout | src/app/core/services/ai/context-management.service.spec.ts > ContextManagementService > Edge Cases > should handle empty article name
🤖 Clearing conversation context

stdout | src/app/core/services/ai/context-management.service.spec.ts > ContextManagementService > Edge Cases > should handle very long list names
🤖 Setting conversation context: {
  lastAction: {
    type: [32m'article_added'[39m,
    listId: [32m'list-1'[39m,
    listName: [32m'AAAAAAAAAAAAAAAAAAAAAAAAAAAAAAAAAAAAAAAAAAAAAAAAAAAAAAAAAAAAAAAAAAAAAAAAAAAAAAAAAAAAAAAAAAAAAAAAAAAAAAAAAAAAAAAAAAAAAAAAAAAAAAAAAAAAAAAAAAAAAAAAAAAAAAAAAAAAAAAAAAAAAAAAAAAAAAAAAAAAAAAAAAAAAAAAAAAAAAAAAAAAAAAAAAAAAAAAAAAAAAAAAAAAAAAAAAAAAAAAAAAAAAAAAAAAAAAAAAAAAAAAAAAAAAAAAAAAAAAAAAAAAAAAAAAAAAAAAAAAAAAAAAAAAAAAAAAAAAAAAAAAAAAAAAAAAAAAAAAAAAAAAAAAAAAAAAAAAAAAAAAAAAAAAAAAAAAAAAAAAAAAAAAAAAAAAAAAAAAAAAAAAAAAAAAAAAAAAAAAAAAAAAAAAAAAAAAAAAAAAAAAAAAAAAAAAAAAAAAAAAAAAAAAAAAAAAAAAAAAAAAAAAAAAAAAAAAAAAAAAAAAAAAAAAAAAAAAAAAAAAAAAAAAAAAAAAAAAAAAAAAAAAAAAAAAAAAAAAAAAAAAAAAAAAAAAAAAAAAAAAAAAAAAAAAAAAAAAAAAAAAAAAAAAAAAAAAAAAAAAAAAAAAAAAAAAAAAAAAAAAAAAAAAAAAAAAAAAAAAAAAAAAAAAAAAAAAAAAAAAAAAAAAAAAAAAAAAAAAAAAAAAAAAAAAAAAAAAAAAAAAAAAAAAAAAAAAAAAAAAAAAAAAAAAAAAAAAAAAAAAAAAAAAAAAAAAAAAAAAAAAAAAAAAAAAAAAAAAAAAAAAAAAAAAAAAAAAAAAAAAAAAAAAAAAAAAAAAAAAAAAAAAAAAAAAAAAAAAAAAAAAAAAAAAAAAAAAAAAAAAAAAAAAAAAAAAAAAAAAAAAAAAAAAAAAAAAAAAAAAAAAAAAAAAAAAAAAAAAAAAAAAAAAAAAAAAAAAAAAAAAAAAAAAAAAAAAAAAAAAAAAAAAAAAAAAAAAAAAA'[39m,
    articleName: [32m'Milch'[39m,
    timestamp: [35m2025-11-20T08:05:18.858Z[39m
  },
  waitingForArticles: {
    listId: [32m'list-1'[39m,
    listName: [32m'AAAAAAAAAAAAAAAAAAAAAAAAAAAAAAAAAAAAAAAAAAAAAAAAAAAAAAAAAAAAAAAAAAAAAAAAAAAAAAAAAAAAAAAAAAAAAAAAAAAAAAAAAAAAAAAAAAAAAAAAAAAAAAAAAAAAAAAAAAAAAAAAAAAAAAAAAAAAAAAAAAAAAAAAAAAAAAAAAAAAAAAAAAAAAAAAAAAAAAAAAAAAAAAAAAAAAAAAAAAAAAAAAAAAAAAAAAAAAAAAAAAAAAAAAAAAAAAAAAAAAAAAAAAAAAAAAAAAAAAAAAAAAAAAAAAAAAAAAAAAAAAAAAAAAAAAAAAAAAAAAAAAAAAAAAAAAAAAAAAAAAAAAAAAAAAAAAAAAAAAAAAAAAAAAAAAAAAAAAAAAAAAAAAAAAAAAAAAAAAAAAAAAAAAAAAAAAAAAAAAAAAAAAAAAAAAAAAAAAAAAAAAAAAAAAAAAAAAAAAAAAAAAAAAAAAAAAAAAAAAAAAAAAAAAAAAAAAAAAAAAAAAAAAAAAAAAAAAAAAAAAAAAAAAAAAAAAAAAAAAAAAAAAAAAAAAAAAAAAAAAAAAAAAAAAAAAAAAAAAAAAAAAAAAAAAAAAAAAAAAAAAAAAAAAAAAAAAAAAAAAAAAAAAAAAAAAAAAAAAAAAAAAAAAAAAAAAAAAAAAAAAAAAAAAAAAAAAAAAAAAAAAAAAAAAAAAAAAAAAAAAAAAAAAAAAAAAAAAAAAAAAAAAAAAAAAAAAAAAAAAAAAAAAAAAAAAAAAAAAAAAAAAAAAAAAAAAAAAAAAAAAAAAAAAAAAAAAAAAAAAAAAAAAAAAAAAAAAAAAAAAAAAAAAAAAAAAAAAAAAAAAAAAAAAAAAAAAAAAAAAAAAAAAAAAAAAAAAAAAAAAAAAAAAAAAAAAAAAAAAAAAAAAAAAAAAAAAAAAAAAAAAAAAAAAAAAAAAAAAAAAAAAAAAAAAAAAAAAAAAAAAAAAAAAAAAAAAAAAAAAAAAAAAAAAAAAAAAAAAA'[39m,
    prompt: [32m'Möchtest du noch weitere Artikel hinzufügen?'[39m
  }
}

stdout | src/app/core/services/ai/context-management.service.spec.ts > ContextManagementService > Edge Cases > should handle very long list names
🤖 Clearing conversation context

stdout | src/app/core/services/ai/context-management.service.spec.ts > ContextManagementService > Edge Cases > should handle special characters in names
🤖 Setting conversation context: {
  lastAction: {
    type: [32m'article_added'[39m,
    listId: [32m'list-1'[39m,
    listName: [32m'Einkauf & Haushalt'[39m,
    articleName: [32m'Öl, Essig & Salz'[39m,
    timestamp: [35m2025-11-20T08:05:18.860Z[39m
  },
  waitingForArticles: {
    listId: [32m'list-1'[39m,
    listName: [32m'Einkauf & Haushalt'[39m,
    prompt: [32m'Möchtest du noch weitere Artikel hinzufügen?'[39m
  }
}

stdout | src/app/shared/components/voice-ai-assistant/services/chat-ui.service.spec.ts > ChatUIService > Cleanup > should cleanup without errors
ChatUIService cleanup called

stderr | src/app/shared/components/voice-ai-assistant/services/voice-output.service.spec.ts > VoiceOutputService > Initialization > should not initialize on server platform
Voice output not available in non-browser environment

stderr | src/app/shared/components/voice-ai-assistant/services/voice-output.service.spec.ts > VoiceOutputService > Initialization > should handle missing speech synthesis gracefully
Speech synthesis not supported in this browser
Speech synthesis not available

stdout | src/app/core/services/ai/context-management.service.spec.ts > ContextManagementService > Edge Cases > should handle special characters in names
🤖 Clearing conversation context

stdout | src/app/shared/components/voice-ai-assistant/services/voice-input.service.spec.ts > VoiceInputService > Error Handling > should handle aborted error
🎤 Voice recording started

stderr | src/app/shared/components/voice-ai-assistant/services/voice-input.service.spec.ts > VoiceInputService > Error Handling > should handle aborted error
Speech recognition error: aborted

stdout | src/app/shared/components/voice-ai-assistant/services/voice-input.service.spec.ts > VoiceInputService > Error Handling > should handle unknown errors
🎤 Voice recording started

stderr | src/app/shared/components/voice-ai-assistant/services/voice-input.service.spec.ts > VoiceInputService > Error Handling > should handle unknown errors
Speech recognition error: unknown

stdout | src/app/shared/components/voice-ai-assistant/services/voice-input.service.spec.ts > VoiceInputService > Error Handling > should update recording state on error
🎤 Voice recording started

stderr | src/app/shared/components/voice-ai-assistant/services/voice-input.service.spec.ts > VoiceInputService > Error Handling > should update recording state on error
Speech recognition error: no-speech

stderr | src/app/shared/components/voice-ai-assistant/services/voice-output.service.spec.ts > VoiceOutputService > Browser Support Detection > should return false when speech synthesis not supported
Speech synthesis not supported in this browser

 ❯ src/app/shared/components/voice-ai-assistant/services/chat-ui.service.spec.ts (28 tests | 1 failed) 98ms
   ✓ ChatUIService > Initialization > should be created 13ms
   ✓ ChatUIService > Initialization > should not initialize on server platform 6ms
   ✓ ChatUIService > Initialization > should initialize PWA viewport on browser platform 4ms
   ✓ ChatUIService > Initialization > should only initialize once 2ms
   ✓ ChatUIService > Viewport Height > should set viewport height CSS variable 3ms
   ✓ ChatUIService > Viewport Height > should calculate viewport height correctly 2ms
   ✓ ChatUIService > Viewport Height > should not set viewport height on server 4ms
   ✓ ChatUIService > Viewport Listeners > should setup viewport event listeners 4ms
   × ChatUIService > PWA Mode > should detect PWA standalone mode 13ms
     → expected "spy" to be called with arguments: [ +0, +0 ][90m

Number of calls: [1m0[22m
[39m
   ✓ ChatUIService > PWA Mode > should not apply PWA fixes when not in standalone mode 2ms
   ✓ ChatUIService > Mobile Keyboard > should setup keyboard event listeners 2ms
   ✓ ChatUIService > Scrolling > should scroll to bottom of container 2ms
   ✓ ChatUIService > Scrolling > should handle null container gracefully 3ms
   ✓ ChatUIService > Scrolling > should handle undefined container gracefully 4ms
   ✓ ChatUIService > Scrolling > should use fallback when scrollTo throws error 2ms
   ✓ ChatUIService > Scrolling > should scroll with delay 4ms
   ✓ ChatUIService > Scrolling > should use default delay of 50ms 3ms
   ✓ ChatUIService > Scroll Position Detection > should detect when scrolled to bottom 2ms
   ✓ ChatUIService > Scroll Position Detection > should detect when not scrolled to bottom 2ms
   ✓ ChatUIService > Scroll Position Detection > should use threshold for bottom detection 1ms
   ✓ ChatUIService > Scroll Position Detection > should handle null container 2ms
   ✓ ChatUIService > Scroll Position Detection > should handle undefined container 2ms
   ✓ ChatUIService > Scroll Position Detection > should handle container without nativeElement 2ms
   ✓ ChatUIService > Cleanup > should cleanup without errors 2ms
   ✓ ChatUIService > Cleanup > should not cleanup on server platform 3ms
   ✓ ChatUIService > Edge Cases > should handle very small viewport 2ms
   ✓ ChatUIService > Edge Cases > should handle very large viewport 2ms
   ✓ ChatUIService > Edge Cases > should handle container with zero scroll height 2ms
stdout | src/app/shared/components/voice-ai-assistant/services/voice-output.service.spec.ts > VoiceOutputService > Speaking Functionality > should speak text successfully
🔊 Speech cancelled

stdout | src/app/shared/components/voice-ai-assistant/services/voice-output.service.spec.ts > VoiceOutputService > Speaking Functionality > should speak text successfully
🔊 Speech started: Hallo Welt

stderr | src/app/shared/components/voice-ai-assistant/services/voice-input.service.spec.ts > VoiceInputService > Error Handling > should emit error when recognition not supported
Speech recognition not supported in this browser

stderr | src/app/shared/components/voice-ai-assistant/services/voice-input.service.spec.ts > VoiceInputService > Microphone Permissions > should handle permission denial
Microphone permission denied: Error: Permission denied
    at [90m/home/user/shoplisl/[39msrc/app/shared/components/voice-ai-assistant/services/voice-input.service.spec.ts:309:55
    at [90mfile:///home/user/shoplisl/[39mnode_modules/[4m@vitest/runner[24m/dist/chunk-hooks.js:155:11
    at [90mfile:///home/user/shoplisl/[39mnode_modules/[4m@vitest/runner[24m/dist/chunk-hooks.js:752:26
    at [90mfile:///home/user/shoplisl/[39mnode_modules/[4m@vitest/runner[24m/dist/chunk-hooks.js:1897:20
    at new ZoneAwarePromise [90m(/home/user/shoplisl/[39mnode_modules/[4mzone.js[24m/fesm2015/zone.js:2701:25[90m)[39m
    at runWithTimeout [90m(file:///home/user/shoplisl/[39mnode_modules/[4m@vitest/runner[24m/dist/chunk-hooks.js:1863:10[90m)[39m
    at runTest [90m(file:///home/user/shoplisl/[39mnode_modules/[4m@vitest/runner[24m/dist/chunk-hooks.js:1574:12[90m)[39m
[90m    at processTicksAndRejections (node:internal/process/task_queues:105:5)[39m

stdout | src/app/core/services/ai/context-management.service.spec.ts > ContextManagementService > Edge Cases > should handle context operations in rapid succession
🤖 Setting conversation context: {
  lastAction: {
    type: [32m'article_added'[39m,
    listId: [32m'list-0'[39m,
    listName: [32m'List 0'[39m,
    articleName: [32m'Article 0'[39m,
    timestamp: [35m2025-11-20T08:05:18.862Z[39m
  },
  waitingForArticles: {
    listId: [32m'list-0'[39m,
    listName: [32m'List 0'[39m,
    prompt: [32m'Möchtest du noch weitere Artikel hinzufügen?'[39m
  }
}
🤖 Setting conversation context: {
  lastAction: {
    type: [32m'article_added'[39m,
    listId: [32m'list-1'[39m,
    listName: [32m'List 1'[39m,
    articleName: [32m'Article 1'[39m,
    timestamp: [35m2025-11-20T08:05:18.862Z[39m
  },
  waitingForArticles: {
    listId: [32m'list-1'[39m,
    listName: [32m'List 1'[39m,
    prompt: [32m'Möchtest du noch weitere Artikel hinzufügen?'[39m
  }
}
🤖 Setting conversation context: {
  lastAction: {
    type: [32m'article_added'[39m,
    listId: [32m'list-2'[39m,
    listName: [32m'List 2'[39m,
    articleName: [32m'Article 2'[39m,
    timestamp: [35m2025-11-20T08:05:18.862Z[39m
  },
  waitingForArticles: {
    listId: [32m'list-2'[39m,
    listName: [32m'List 2'[39m,
    prompt: [32m'Möchtest du noch weitere Artikel hinzufügen?'[39m
  }
}
🤖 Setting conversation context: {
  lastAction: {
    type: [32m'article_added'[39m,
    listId: [32m'list-3'[39m,
    listName: [32m'List 3'[39m,
    articleName: [32m'Article 3'[39m,
    timestamp: [35m2025-11-20T08:05:18.862Z[39m
  },
  waitingForArticles: {
    listId: [32m'list-3'[39m,
    listName: [32m'List 3'[39m,
    prompt: [32m'Möchtest du noch weitere Artikel hinzufügen?'[39m
  }
}
🤖 Setting conversation context: {
  lastAction: {
    type: [32m'article_added'[39m,
    listId: [32m'list-4'[39m,
    listName: [32m'List 4'[39m,
    articleName: [32m'Article 4'[39m,
    timestamp: [35m2025-11-20T08:05:18.862Z[39m
  },
  waitingForArticles: {
    listId: [32m'list-4'[39m,
    listName: [32m'List 4'[39m,
    prompt: [32m'Möchtest du noch weitere Artikel hinzufügen?'[39m
  }
}
🤖 Setting conversation context: {
  lastAction: {
    type: [32m'article_added'[39m,
    listId: [32m'list-5'[39m,
    listName: [32m'List 5'[39m,
    articleName: [32m'Article 5'[39m,
    timestamp: [35m2025-11-20T08:05:18.862Z[39m
  },
  waitingForArticles: {
    listId: [32m'list-5'[39m,
    listName: [32m'List 5'[39m,
    prompt: [32m'Möchtest du noch weitere Artikel hinzufügen?'[39m
  }
}
🤖 Setting conversation context: {
  lastAction: {
    type: [32m'article_added'[39m,
    listId: [32m'list-6'[39m,
    listName: [32m'List 6'[39m,
    articleName: [32m'Article 6'[39m,
    timestamp: [35m2025-11-20T08:05:18.862Z[39m
  },
  waitingForArticles: {
    listId: [32m'list-6'[39m,
    listName: [32m'List 6'[39m,
    prompt: [32m'Möchtest du noch weitere Artikel hinzufügen?'[39m
  }
}
🤖 Setting conversation context: {
  lastAction: {
    type: [32m'article_added'[39m,
    listId: [32m'list-7'[39m,
    listName: [32m'List 7'[39m,
    articleName: [32m'Article 7'[39m,
    timestamp: [35m2025-11-20T08:05:18.862Z[39m
  },
  waitingForArticles: {
    listId: [32m'list-7'[39m,
    listName: [32m'List 7'[39m,
    prompt: [32m'Möchtest du noch weitere Artikel hinzufügen?'[39m
  }
}
🤖 Setting conversation context: {
  lastAction: {
    type: [32m'article_added'[39m,
    listId: [32m'list-8'[39m,
    listName: [32m'List 8'[39m,
    articleName: [32m'Article 8'[39m,
    timestamp: [35m2025-11-20T08:05:18.862Z[39m
  },
  waitingForArticles: {
    listId: [32m'list-8'[39m,
    listName: [32m'List 8'[39m,
    prompt: [32m'Möchtest du noch weitere Artikel hinzufügen?'[39m
  }
}
🤖 Setting conversation context: {
  lastAction: {
    type: [32m'article_added'[39m,
    listId: [32m'list-9'[39m,
    listName: [32m'List 9'[39m,
    articleName: [32m'Article 9'[39m,
    timestamp: [35m2025-11-20T08:05:18.862Z[39m
  },
  waitingForArticles: {
    listId: [32m'list-9'[39m,
    listName: [32m'List 9'[39m,
    prompt: [32m'Möchtest du noch weitere Artikel hinzufügen?'[39m
  }
}
🤖 Setting conversation context: {
  lastAction: {
    type: [32m'article_added'[39m,
    listId: [32m'list-10'[39m,
    listName: [32m'List 10'[39m,
    articleName: [32m'Article 10'[39m,
    timestamp: [35m2025-11-20T08:05:18.862Z[39m
  },
  waitingForArticles: {
    listId: [32m'list-10'[39m,
    listName: [32m'List 10'[39m,
    prompt: [32m'Möchtest du noch weitere Artikel hinzufügen?'[39m
  }
}
🤖 Setting conversation context: {
  lastAction: {
    type: [32m'article_added'[39m,
    listId: [32m'list-11'[39m,
    listName: [32m'List 11'[39m,
    articleName: [32m'Article 11'[39m,
    timestamp: [35m2025-11-20T08:05:18.862Z[39m
  },
  waitingForArticles: {
    listId: [32m'list-11'[39m,
    listName: [32m'List 11'[39m,
    prompt: [32m'Möchtest du noch weitere Artikel hinzufügen?'[39m
  }
}
🤖 Setting conversation context: {
  lastAction: {
    type: [32m'article_added'[39m,
    listId: [32m'list-12'[39m,
    listName: [32m'List 12'[39m,
    articleName: [32m'Article 12'[39m,
    timestamp: [35m2025-11-20T08:05:18.862Z[39m
  },
  waitingForArticles: {
    listId: [32m'list-12'[39m,
    listName: [32m'List 12'[39m,
    prompt: [32m'Möchtest du noch weitere Artikel hinzufügen?'[39m
  }
}
🤖 Setting conversation context: {
  lastAction: {
    type: [32m'article_added'[39m,
    listId: [32m'list-13'[39m,
    listName: [32m'List 13'[39m,
    articleName: [32m'Article 13'[39m,
    timestamp: [35m2025-11-20T08:05:18.862Z[39m
  },
  waitingForArticles: {
    listId: [32m'list-13'[39m,
    listName: [32m'List 13'[39m,
    prompt: [32m'Möchtest du noch weitere Artikel hinzufügen?'[39m
  }
}
🤖 Setting conversation context: {
  lastAction: {
    type: [32m'article_added'[39m,
    listId: [32m'list-14'[39m,
    listName: [32m'List 14'[39m,
    articleName: [32m'Article 14'[39m,
    timestamp: [35m2025-11-20T08:05:18.862Z[39m
  },
  waitingForArticles: {
    listId: [32m'list-14'[39m,
    listName: [32m'List 14'[39m,
    prompt: [32m'Möchtest du noch weitere Artikel hinzufügen?'[39m
  }
}
🤖 Setting conversation context: {
  lastAction: {
    type: [32m'article_added'[39m,
    listId: [32m'list-15'[39m,
    listName: [32m'List 15'[39m,
    articleName: [32m'Article 15'[39m,
    timestamp: [35m2025-11-20T08:05:18.862Z[39m
  },
  waitingForArticles: {
    listId: [32m'list-15'[39m,
    listName: [32m'List 15'[39m,
    prompt: [32m'Möchtest du noch weitere Artikel hinzufügen?'[39m
  }
}
🤖 Setting conversation context: {
  lastAction: {
    type: [32m'article_added'[39m,
    listId: [32m'list-16'[39m,
    listName: [32m'List 16'[39m,
    articleName: [32m'Article 16'[39m,
    timestamp: [35m2025-11-20T08:05:18.862Z[39m
  },
  waitingForArticles: {
    listId: [32m'list-16'[39m,
    listName: [32m'List 16'[39m,
    prompt: [32m'Möchtest du noch weitere Artikel hinzufügen?'[39m
  }
}
🤖 Setting conversation context: {
  lastAction: {
    type: [32m'article_added'[39m,
    listId: [32m'list-17'[39m,
    listName: [32m'List 17'[39m,
    articleName: [32m'Article 17'[39m,
    timestamp: [35m2025-11-20T08:05:18.862Z[39m
  },
  waitingForArticles: {
    listId: [32m'list-17'[39m,
    listName: [32m'List 17'[39m,
    prompt: [32m'Möchtest du noch weitere Artikel hinzufügen?'[39m
  }
}
🤖 Setting conversation context: {
  lastAction: {
    type: [32m'article_added'[39m,
    listId: [32m'list-18'[39m,
    listName: [32m'List 18'[39m,
    articleName: [32m'Article 18'[39m,
    timestamp: [35m2025-11-20T08:05:18.862Z[39m
  },
  waitingForArticles: {
    listId: [32m'list-18'[39m,
    listName: [32m'List 18'[39m,
    prompt: [32m'Möchtest du noch weitere Artikel hinzufügen?'[39m
  }
}
🤖 Setting conversation context: {
  lastAction: {
    type: [32m'article_added'[39m,
    listId: [32m'list-19'[39m,
    listName: [32m'List 19'[39m,
    articleName: [32m'Article 19'[39m,
    timestamp: [35m2025-11-20T08:05:18.862Z[39m
  },
  waitingForArticles: {
    listId: [32m'list-19'[39m,
    listName: [32m'List 19'[39m,
    prompt: [32m'Möchtest du noch weitere Artikel hinzufügen?'[39m
  }
}
🤖 Setting conversation context: {
  lastAction: {
    type: [32m'article_added'[39m,
    listId: [32m'list-20'[39m,
    listName: [32m'List 20'[39m,
    articleName: [32m'Article 20'[39m,
    timestamp: [35m2025-11-20T08:05:18.862Z[39m
  },
  waitingForArticles: {
    listId: [32m'list-20'[39m,
    listName: [32m'List 20'[39m,
    prompt: [32m'Möchtest du noch weitere Artikel hinzufügen?'[39m
  }
}
🤖 Setting conversation context: {
  lastAction: {
    type: [32m'article_added'[39m,
    listId: [32m'list-21'[39m,
    listName: [32m'List 21'[39m,
    articleName: [32m'Article 21'[39m,
    timestamp: [35m2025-11-20T08:05:18.862Z[39m
  },
  waitingForArticles: {
    listId: [32m'list-21'[39m,
    listName: [32m'List 21'[39m,
    prompt: [32m'Möchtest du noch weitere Artikel hinzufügen?'[39m
  }
}
🤖 Setting conversation context: {
  lastAction: {
    type: [32m'article_added'[39m,
    listId: [32m'list-22'[39m,
    listName: [32m'List 22'[39m,
    articleName: [32m'Article 22'[39m,
    timestamp: [35m2025-11-20T08:05:18.862Z[39m
  },
  waitingForArticles: {
    listId: [32m'list-22'[39m,
    listName: [32m'List 22'[39m,
    prompt: [32m'Möchtest du noch weitere Artikel hinzufügen?'[39m
  }
}
🤖 Setting conversation context: {
  lastAction: {
    type: [32m'article_added'[39m,
    listId: [32m'list-23'[39m,
    listName: [32m'List 23'[39m,
    articleName: [32m'Article 23'[39m,
    timestamp: [35m2025-11-20T08:05:18.862Z[39m
  },
  waitingForArticles: {
    listId: [32m'list-23'[39m,
    listName: [32m'List 23'[39m,
    prompt: [32m'Möchtest du noch weitere Artikel hinzufügen?'[39m
  }
}
🤖 Setting conversation context: {
  lastAction: {
    type: [32m'article_added'[39m,
    listId: [32m'list-24'[39m,
    listName: [32m'List 24'[39m,
    articleName: [32m'Article 24'[39m,
    timestamp: [35m2025-11-20T08:05:18.862Z[39m
  },
  waitingForArticles: {
    listId: [32m'list-24'[39m,
    listName: [32m'List 24'[39m,
    prompt: [32m'Möchtest du noch weitere Artikel hinzufügen?'[39m
  }
}
🤖 Setting conversation context: {
  lastAction: {
    type: [32m'article_added'[39m,
    listId: [32m'list-25'[39m,
    listName: [32m'List 25'[39m,
    articleName: [32m'Article 25'[39m,
    timestamp: [35m2025-11-20T08:05:18.862Z[39m
  },
  waitingForArticles: {
    listId: [32m'list-25'[39m,
    listName: [32m'List 25'[39m,
    prompt: [32m'Möchtest du noch weitere Artikel hinzufügen?'[39m
  }
}
🤖 Setting conversation context: {
  lastAction: {
    type: [32m'article_added'[39m,
    listId: [32m'list-26'[39m,
    listName: [32m'List 26'[39m,
    articleName: [32m'Article 26'[39m,
    timestamp: [35m2025-11-20T08:05:18.862Z[39m
  },
  waitingForArticles: {
    listId: [32m'list-26'[39m,
    listName: [32m'List 26'[39m,
    prompt: [32m'Möchtest du noch weitere Artikel hinzufügen?'[39m
  }
}
🤖 Setting conversation context: {
  lastAction: {
    type: [32m'article_added'[39m,
    listId: [32m'list-27'[39m,
    listName: [32m'List 27'[39m,
    articleName: [32m'Article 27'[39m,
    timestamp: [35m2025-11-20T08:05:18.862Z[39m
  },
  waitingForArticles: {
    listId: [32m'list-27'[39m,
    listName: [32m'List 27'[39m,
    prompt: [32m'Möchtest du noch weitere Artikel hinzufügen?'[39m
  }
}
🤖 Setting conversation context: {
  lastAction: {
    type: [32m'article_added'[39m,
    listId: [32m'list-28'[39m,
    listName: [32m'List 28'[39m,
    articleName: [32m'Article 28'[39m,
    timestamp: [35m2025-11-20T08:05:18.862Z[39m
  },
  waitingForArticles: {
    listId: [32m'list-28'[39m,
    listName: [32m'List 28'[39m,
    prompt: [32m'Möchtest du noch weitere Artikel hinzufügen?'[39m
  }
}
🤖 Setting conversation context: {
  lastAction: {
    type: [32m'article_added'[39m,
    listId: [32m'list-29'[39m,
    listName: [32m'List 29'[39m,
    articleName: [32m'Article 29'[39m,
    timestamp: [35m2025-11-20T08:05:18.862Z[39m
  },
  waitingForArticles: {
    listId: [32m'list-29'[39m,
    listName: [32m'List 29'[39m,
    prompt: [32m'Möchtest du noch weitere Artikel hinzufügen?'[39m
  }
}
🤖 Setting conversation context: {
  lastAction: {
    type: [32m'article_added'[39m,
    listId: [32m'list-30'[39m,
    listName: [32m'List 30'[39m,
    articleName: [32m'Article 30'[39m,
    timestamp: [35m2025-11-20T08:05:18.862Z[39m
  },
  waitingForArticles: {
    listId: [32m'list-30'[39m,
    listName: [32m'List 30'[39m,
    prompt: [32m'Möchtest du noch weitere Artikel hinzufügen?'[39m
  }
}
🤖 Setting conversation context: {
  lastAction: {
    type: [32m'article_added'[39m,
    listId: [32m'list-31'[39m,
    listName: [32m'List 31'[39m,
    articleName: [32m'Article 31'[39m,
    timestamp: [35m2025-11-20T08:05:18.862Z[39m
  },
  waitingForArticles: {
    listId: [32m'list-31'[39m,
    listName: [32m'List 31'[39m,
    prompt: [32m'Möchtest du noch weitere Artikel hinzufügen?'[39m
  }
}
🤖 Setting conversation context: {
  lastAction: {
    type: [32m'article_added'[39m,
    listId: [32m'list-32'[39m,
    listName: [32m'List 32'[39m,
    articleName: [32m'Article 32'[39m,
    timestamp: [35m2025-11-20T08:05:18.863Z[39m
  },
  waitingForArticles: {
    listId: [32m'list-32'[39m,
    listName: [32m'List 32'[39m,
    prompt: [32m'Möchtest du noch weitere Artikel hinzufügen?'[39m
  }
}
🤖 Setting conversation context: {
  lastAction: {
    type: [32m'article_added'[39m,
    listId: [32m'list-33'[39m,
    listName: [32m'List 33'[39m,
    articleName: [32m'Article 33'[39m,
    timestamp: [35m2025-11-20T08:05:18.863Z[39m
  },
  waitingForArticles: {
    listId: [32m'list-33'[39m,
    listName: [32m'List 33'[39m,
    prompt: [32m'Möchtest du noch weitere Artikel hinzufügen?'[39m
  }
}
🤖 Setting conversation context: {
  lastAction: {
    type: [32m'article_added'[39m,
    listId: [32m'list-34'[39m,
    listName: [32m'List 34'[39m,
    articleName: [32m'Article 34'[39m,
    timestamp: [35m2025-11-20T08:05:18.863Z[39m
  },
  waitingForArticles: {
    listId: [32m'list-34'[39m,
    listName: [32m'List 34'[39m,
    prompt: [32m'Möchtest du noch weitere Artikel hinzufügen?'[39m
  }
}
🤖 Setting conversation context: {
  lastAction: {
    type: [32m'article_added'[39m,
    listId: [32m'list-35'[39m,
    listName: [32m'List 35'[39m,
    articleName: [32m'Article 35'[39m,
    timestamp: [35m2025-11-20T08:05:18.863Z[39m
  },
  waitingForArticles: {
    listId: [32m'list-35'[39m,
    listName: [32m'List 35'[39m,
    prompt: [32m'Möchtest du noch weitere Artikel hinzufügen?'[39m
  }
}
🤖 Setting conversation context: {
  lastAction: {
    type: [32m'article_added'[39m,
    listId: [32m'list-36'[39m,
    listName: [32m'List 36'[39m,
    articleName: [32m'Article 36'[39m,
    timestamp: [35m2025-11-20T08:05:18.863Z[39m
  },
  waitingForArticles: {
    listId: [32m'list-36'[39m,
    listName: [32m'List 36'[39m,
    prompt: [32m'Möchtest du noch weitere Artikel hinzufügen?'[39m
  }
}
🤖 Setting conversation context: {
  lastAction: {
    type: [32m'article_added'[39m,
    listId: [32m'list-37'[39m,
    listName: [32m'List 37'[39m,
    articleName: [32m'Article 37'[39m,
    timestamp: [35m2025-11-20T08:05:18.863Z[39m
  },
  waitingForArticles: {
    listId: [32m'list-37'[39m,
    listName: [32m'List 37'[39m,
    prompt: [32m'Möchtest du noch weitere Artikel hinzufügen?'[39m
  }
}
🤖 Setting conversation context: {
  lastAction: {
    type: [32m'article_added'[39m,
    listId: [32m'list-38'[39m,
    listName: [32m'List 38'[39m,
    articleName: [32m'Article 38'[39m,
    timestamp: [35m2025-11-20T08:05:18.863Z[39m
  },
  waitingForArticles: {
    listId: [32m'list-38'[39m,
    listName: [32m'List 38'[39m,
    prompt: [32m'Möchtest du noch weitere Artikel hinzufügen?'[39m
  }
}
🤖 Setting conversation context: {
  lastAction: {
    type: [32m'article_added'[39m,
    listId: [32m'list-39'[39m,
    listName: [32m'List 39'[39m,
    articleName: [32m'Article 39'[39m,
    timestamp: [35m2025-11-20T08:05:18.863Z[39m
  },
  waitingForArticles: {
    listId: [32m'list-39'[39m,
    listName: [32m'List 39'[39m,
    prompt: [32m'Möchtest du noch weitere Artikel hinzufügen?'[39m
  }
}
🤖 Setting conversation context: {
  lastAction: {
    type: [32m'article_added'[39m,
    listId: [32m'list-40'[39m,
    listName: [32m'List 40'[39m,
    articleName: [32m'Article 40'[39m,
    timestamp: [35m2025-11-20T08:05:18.863Z[39m
  },
  waitingForArticles: {
    listId: [32m'list-40'[39m,
    listName: [32m'List 40'[39m,
    prompt: [32m'Möchtest du noch weitere Artikel hinzufügen?'[39m
  }
}
🤖 Setting conversation context: {
  lastAction: {
    type: [32m'article_added'[39m,
    listId: [32m'list-41'[39m,
    listName: [32m'List 41'[39m,
    articleName: [32m'Article 41'[39m,
    timestamp: [35m2025-11-20T08:05:18.863Z[39m
  },
  waitingForArticles: {
    listId: [32m'list-41'[39m,
    listName: [32m'List 41'[39m,
    prompt: [32m'Möchtest du noch weitere Artikel hinzufügen?'[39m
  }
}
🤖 Setting conversation context: {
  lastAction: {
    type: [32m'article_added'[39m,
    listId: [32m'list-42'[39m,
    listName: [32m'List 42'[39m,
    articleName: [32m'Article 42'[39m,
    timestamp: [35m2025-11-20T08:05:18.863Z[39m
  },
  waitingForArticles: {
    listId: [32m'list-42'[39m,
    listName: [32m'List 42'[39m,
    prompt: [32m'Möchtest du noch weitere Artikel hinzufügen?'[39m
  }
}
🤖 Setting conversation context: {
  lastAction: {
    type: [32m'article_added'[39m,
    listId: [32m'list-43'[39m,
    listName: [32m'List 43'[39m,
    articleName: [32m'Article 43'[39m,
    timestamp: [35m2025-11-20T08:05:18.863Z[39m
  },
  waitingForArticles: {
    listId: [32m'list-43'[39m,
    listName: [32m'List 43'[39m,
    prompt: [32m'Möchtest du noch weitere Artikel hinzufügen?'[39m
  }
}
🤖 Setting conversation context: {
  lastAction: {
    type: [32m'article_added'[39m,
    listId: [32m'list-44'[39m,
    listName: [32m'List 44'[39m,
    articleName: [32m'Article 44'[39m,
    timestamp: [35m2025-11-20T08:05:18.863Z[39m
  },
  waitingForArticles: {
    listId: [32m'list-44'[39m,
    listName: [32m'List 44'[39m,
    prompt: [32m'Möchtest du noch weitere Artikel hinzufügen?'[39m
  }
}
🤖 Setting conversation context: {
  lastAction: {
    type: [32m'article_added'[39m,
    listId: [32m'list-45'[39m,
    listName: [32m'List 45'[39m,
    articleName: [32m'Article 45'[39m,
    timestamp: [35m2025-11-20T08:05:18.863Z[39m
  },
  waitingForArticles: {
    listId: [32m'list-45'[39m,
    listName: [32m'List 45'[39m,
    prompt: [32m'Möchtest du noch weitere Artikel hinzufügen?'[39m
  }
}
🤖 Setting conversation context: {
  lastAction: {
    type: [32m'article_added'[39m,
    listId: [32m'list-46'[39m,
    listName: [32m'List 46'[39m,
    articleName: [32m'Article 46'[39m,
    timestamp: [35m2025-11-20T08:05:18.863Z[39m
  },
  waitingForArticles: {
    listId: [32m'list-46'[39m,
    listName: [32m'List 46'[39m,
    prompt: [32m'Möchtest du noch weitere Artikel hinzufügen?'[39m
  }
}
🤖 Setting conversation context: {
  lastAction: {
    type: [32m'article_added'[39m,
    listId: [32m'list-47'[39m,
    listName: [32m'List 47'[39m,
    articleName: [32m'Article 47'[39m,
    timestamp: [35m2025-11-20T08:05:18.863Z[39m
  },
  waitingForArticles: {
    listId: [32m'list-47'[39m,
    listName: [32m'List 47'[39m,
    prompt: [32m'Möchtest du noch weitere Artikel hinzufügen?'[39m
  }
}
🤖 Setting conversation context: {
  lastAction: {
    type: [32m'article_added'[39m,
    listId: [32m'list-48'[39m,
    listName: [32m'List 48'[39m,
    articleName: [32m'Article 48'[39m,
    timestamp: [35m2025-11-20T08:05:18.863Z[39m
  },
  waitingForArticles: {
    listId: [32m'list-48'[39m,
    listName: [32m'List 48'[39m,
    prompt: [32m'Möchtest du noch weitere Artikel hinzufügen?'[39m
  }
}
🤖 Setting conversation context: {
  lastAction: {
    type: [32m'article_added'[39m,
    listId: [32m'list-49'[39m,
    listName: [32m'List 49'[39m,
    articleName: [32m'Article 49'[39m,
    timestamp: [35m2025-11-20T08:05:18.863Z[39m
  },
  waitingForArticles: {
    listId: [32m'list-49'[39m,
    listName: [32m'List 49'[39m,
    prompt: [32m'Möchtest du noch weitere Artikel hinzufügen?'[39m
  }
}
🤖 Setting conversation context: {
  lastAction: {
    type: [32m'article_added'[39m,
    listId: [32m'list-50'[39m,
    listName: [32m'List 50'[39m,
    articleName: [32m'Article 50'[39m,
    timestamp: [35m2025-11-20T08:05:18.863Z[39m
  },
  waitingForArticles: {
    listId: [32m'list-50'[39m,
    listName: [32m'List 50'[39m,
    prompt: [32m'Möchtest du noch weitere Artikel hinzufügen?'[39m
  }
}
🤖 Setting conversation context: {
  lastAction: {
    type: [32m'article_added'[39m,
    listId: [32m'list-51'[39m,
    listName: [32m'List 51'[39m,
    articleName: [32m'Article 51'[39m,
    timestamp: [35m2025-11-20T08:05:18.863Z[39m
  },
  waitingForArticles: {
    listId: [32m'list-51'[39m,
    listName: [32m'List 51'[39m,
    prompt: [32m'Möchtest du noch weitere Artikel hinzufügen?'[39m
  }
}
🤖 Setting conversation context: {
  lastAction: {
    type: [32m'article_added'[39m,
    listId: [32m'list-52'[39m,
    listName: [32m'List 52'[39m,
    articleName: [32m'Article 52'[39m,
    timestamp: [35m2025-11-20T08:05:18.863Z[39m
  },
  waitingForArticles: {
    listId: [32m'list-52'[39m,
    listName: [32m'List 52'[39m,
    prompt: [32m'Möchtest du noch weitere Artikel hinzufügen?'[39m
  }
}
🤖 Setting conversation context: {
  lastAction: {
    type: [32m'article_added'[39m,
    listId: [32m'list-53'[39m,
    listName: [32m'List 53'[39m,
    articleName: [32m'Article 53'[39m,
    timestamp: [35m2025-11-20T08:05:18.863Z[39m
  },
  waitingForArticles: {
    listId: [32m'list-53'[39m,
    listName: [32m'List 53'[39m,
    prompt: [32m'Möchtest du noch weitere Artikel hinzufügen?'[39m
  }
}
🤖 Setting conversation context: {
  lastAction: {
    type: [32m'article_added'[39m,
    listId: [32m'list-54'[39m,
    listName: [32m'List 54'[39m,
    articleName: [32m'Article 54'[39m,
    timestamp: [35m2025-11-20T08:05:18.863Z[39m
  },
  waitingForArticles: {
    listId: [32m'list-54'[39m,
    listName: [32m'List 54'[39m,
    prompt: [32m'Möchtest du noch weitere Artikel hinzufügen?'[39m
  }
}
🤖 Setting conversation context: {
  lastAction: {
    type: [32m'article_added'[39m,
    listId: [32m'list-55'[39m,
    listName: [32m'List 55'[39m,
    articleName: [32m'Article 55'[39m,
    timestamp: [35m2025-11-20T08:05:18.863Z[39m
  },
  waitingForArticles: {
    listId: [32m'list-55'[39m,
    listName: [32m'List 55'[39m,
    prompt: [32m'Möchtest du noch weitere Artikel hinzufügen?'[39m
  }
}
🤖 Setting conversation context: {
  lastAction: {
    type: [32m'article_added'[39m,
    listId: [32m'list-56'[39m,
    listName: [32m'List 56'[39m,
    articleName: [32m'Article 56'[39m,
    timestamp: [35m2025-11-20T08:05:18.863Z[39m
  },
  waitingForArticles: {
    listId: [32m'list-56'[39m,
    listName: [32m'List 56'[39m,
    prompt: [32m'Möchtest du noch weitere Artikel hinzufügen?'[39m
  }
}
🤖 Setting conversation context: {
  lastAction: {
    type: [32m'article_added'[39m,
    listId: [32m'list-57'[39m,
    listName: [32m'List 57'[39m,
    articleName: [32m'Article 57'[39m,
    timestamp: [35m2025-11-20T08:05:18.863Z[39m
  },
  waitingForArticles: {
    listId: [32m'list-57'[39m,
    listName: [32m'List 57'[39m,
    prompt: [32m'Möchtest du noch weitere Artikel hinzufügen?'[39m
  }
}
🤖 Setting conversation context: {
  lastAction: {
    type: [32m'article_added'[39m,
    listId: [32m'list-58'[39m,
    listName: [32m'List 58'[39m,
    articleName: [32m'Article 58'[39m,
    timestamp: [35m2025-11-20T08:05:18.863Z[39m
  },
  waitingForArticles: {
    listId: [32m'list-58'[39m,
    listName: [32m'List 58'[39m,
    prompt: [32m'Möchtest du noch weitere Artikel hinzufügen?'[39m
  }
}
🤖 Setting conversation context: {
  lastAction: {
    type: [32m'article_added'[39m,
    listId: [32m'list-59'[39m,
    listName: [32m'List 59'[39m,
    articleName: [32m'Article 59'[39m,
    timestamp: [35m2025-11-20T08:05:18.863Z[39m
  },
  waitingForArticles: {
    listId: [32m'list-59'[39m,
    listName: [32m'List 59'[39m,
    prompt: [32m'Möchtest du noch weitere Artikel hinzufügen?'[39m
  }
}
🤖 Setting conversation context: {
  lastAction: {
    type: [32m'article_added'[39m,
    listId: [32m'list-60'[39m,
    listName: [32m'List 60'[39m,
    articleName: [32m'Article 60'[39m,
    timestamp: [35m2025-11-20T08:05:18.863Z[39m
  },
  waitingForArticles: {
    listId: [32m'list-60'[39m,
    listName: [32m'List 60'[39m,
    prompt: [32m'Möchtest du noch weitere Artikel hinzufügen?'[39m
  }
}
🤖 Setting conversation context: {
  lastAction: {
    type: [32m'article_added'[39m,
    listId: [32m'list-61'[39m,
    listName: [32m'List 61'[39m,
    articleName: [32m'Article 61'[39m,
    timestamp: [35m2025-11-20T08:05:18.863Z[39m
  },
  waitingForArticles: {
    listId: [32m'list-61'[39m,
    listName: [32m'List 61'[39m,
    prompt: [32m'Möchtest du noch weitere Artikel hinzufügen?'[39m
  }
}
🤖 Setting conversation context: {
  lastAction: {
    type: [32m'article_added'[39m,
    listId: [32m'list-62'[39m,
    listName: [32m'List 62'[39m,
    articleName: [32m'Article 62'[39m,
    timestamp: [35m2025-11-20T08:05:18.863Z[39m
  },
  waitingForArticles: {
    listId: [32m'list-62'[39m,
    listName: [32m'List 62'[39m,
    prompt: [32m'Möchtest du noch weitere Artikel hinzufügen?'[39m
  }
}
🤖 Setting conversation context: {
  lastAction: {
    type: [32m'article_added'[39m,
    listId: [32m'list-63'[39m,
    listName: [32m'List 63'[39m,
    articleName: [32m'Article 63'[39m,
    timestamp: [35m2025-11-20T08:05:18.863Z[39m
  },
  waitingForArticles: {
    listId: [32m'list-63'[39m,
    listName: [32m'List 63'[39m,
    prompt: [32m'Möchtest du noch weitere Artikel hinzufügen?'[39m
  }
}
🤖 Setting conversation context: {
  lastAction: {
    type: [32m'article_added'[39m,
    listId: [32m'list-64'[39m,
    listName: [32m'List 64'[39m,
    articleName: [32m'Article 64'[39m,
    timestamp: [35m2025-11-20T08:05:18.863Z[39m
  },
  waitingForArticles: {
    listId: [32m'list-64'[39m,
    listName: [32m'List 64'[39m,
    prompt: [32m'Möchtest du noch weitere Artikel hinzufügen?'[39m
  }
}
🤖 Setting conversation context: {
  lastAction: {
    type: [32m'article_added'[39m,
    listId: [32m'list-65'[39m,
    listName: [32m'List 65'[39m,
    articleName: [32m'Article 65'[39m,
    timestamp: [35m2025-11-20T08:05:18.863Z[39m
  },
  waitingForArticles: {
    listId: [32m'list-65'[39m,
    listName: [32m'List 65'[39m,
    prompt: [32m'Möchtest du noch weitere Artikel hinzufügen?'[39m
  }
}
🤖 Setting conversation context: {
  lastAction: {
    type: [32m'article_added'[39m,
    listId: [32m'list-66'[39m,
    listName: [32m'List 66'[39m,
    articleName: [32m'Article 66'[39m,
    timestamp: [35m2025-11-20T08:05:18.863Z[39m
  },
  waitingForArticles: {
    listId: [32m'list-66'[39m,
    listName: [32m'List 66'[39m,
    prompt: [32m'Möchtest du noch weitere Artikel hinzufügen?'[39m
  }
}
🤖 Setting conversation context: {
  lastAction: {
    type: [32m'article_added'[39m,
    listId: [32m'list-67'[39m,
    listName: [32m'List 67'[39m,
    articleName: [32m'Article 67'[39m,
    timestamp: [35m2025-11-20T08:05:18.863Z[39m
  },
  waitingForArticles: {
    listId: [32m'list-67'[39m,
    listName: [32m'List 67'[39m,
    prompt: [32m'Möchtest du noch weitere Artikel hinzufügen?'[39m
  }
}
🤖 Setting conversation context: {
  lastAction: {
    type: [32m'article_added'[39m,
    listId: [32m'list-68'[39m,
    listName: [32m'List 68'[39m,
    articleName: [32m'Article 68'[39m,
    timestamp: [35m2025-11-20T08:05:18.863Z[39m
  },
  waitingForArticles: {
    listId: [32m'list-68'[39m,
    listName: [32m'List 68'[39m,
    prompt: [32m'Möchtest du noch weitere Artikel hinzufügen?'[39m
  }
}
🤖 Setting conversation context: {
  lastAction: {
    type: [32m'article_added'[39m,
    listId: [32m'list-69'[39m,
    listName: [32m'List 69'[39m,
    articleName: [32m'Article 69'[39m,
    timestamp: [35m2025-11-20T08:05:18.863Z[39m
  },
  waitingForArticles: {
    listId: [32m'list-69'[39m,
    listName: [32m'List 69'[39m,
    prompt: [32m'Möchtest du noch weitere Artikel hinzufügen?'[39m
  }
}
🤖 Setting conversation context: {
  lastAction: {
    type: [32m'article_added'[39m,
    listId: [32m'list-70'[39m,
    listName: [32m'List 70'[39m,
    articleName: [32m'Article 70'[39m,
    timestamp: [35m2025-11-20T08:05:18.864Z[39m
  },
  waitingForArticles: {
    listId: [32m'list-70'[39m,
    listName: [32m'List 70'[39m,
    prompt: [32m'Möchtest du noch weitere Artikel hinzufügen?'[39m
  }
}
🤖 Setting conversation context: {
  lastAction: {
    type: [32m'article_added'[39m,
    listId: [32m'list-71'[39m,
    listName: [32m'List 71'[39m,
    articleName: [32m'Article 71'[39m,
    timestamp: [35m2025-11-20T08:05:18.864Z[39m
  },
  waitingForArticles: {
    listId: [32m'list-71'[39m,
    listName: [32m'List 71'[39m,
    prompt: [32m'Möchtest du noch weitere Artikel hinzufügen?'[39m
  }
}
🤖 Setting conversation context: {
  lastAction: {
    type: [32m'article_added'[39m,
    listId: [32m'list-72'[39m,
    listName: [32m'List 72'[39m,
    articleName: [32m'Article 72'[39m,
    timestamp: [35m2025-11-20T08:05:18.864Z[39m
  },
  waitingForArticles: {
    listId: [32m'list-72'[39m,
    listName: [32m'List 72'[39m,
    prompt: [32m'Möchtest du noch weitere Artikel hinzufügen?'[39m
  }
}
🤖 Setting conversation context: {
  lastAction: {
    type: [32m'article_added'[39m,
    listId: [32m'list-73'[39m,
    listName: [32m'List 73'[39m,
    articleName: [32m'Article 73'[39m,
    timestamp: [35m2025-11-20T08:05:18.864Z[39m
  },
  waitingForArticles: {
    listId: [32m'list-73'[39m,
    listName: [32m'List 73'[39m,
    prompt: [32m'Möchtest du noch weitere Artikel hinzufügen?'[39m
  }
}
🤖 Setting conversation context: {
  lastAction: {
    type: [32m'article_added'[39m,
    listId: [32m'list-74'[39m,
    listName: [32m'List 74'[39m,
    articleName: [32m'Article 74'[39m,
    timestamp: [35m2025-11-20T08:05:18.864Z[39m
  },
  waitingForArticles: {
    listId: [32m'list-74'[39m,
    listName: [32m'List 74'[39m,
    prompt: [32m'Möchtest du noch weitere Artikel hinzufügen?'[39m
  }
}
🤖 Setting conversation context: {
  lastAction: {
    type: [32m'article_added'[39m,
    listId: [32m'list-75'[39m,
    listName: [32m'List 75'[39m,
    articleName: [32m'Article 75'[39m,
    timestamp: [35m2025-11-20T08:05:18.864Z[39m
  },
  waitingForArticles: {
    listId: [32m'list-75'[39m,
    listName: [32m'List 75'[39m,
    prompt: [32m'Möchtest du noch weitere Artikel hinzufügen?'[39m
  }
}
🤖 Setting conversation context: {
  lastAction: {
    type: [32m'article_added'[39m,
    listId: [32m'list-76'[39m,
    listName: [32m'List 76'[39m,
    articleName: [32m'Article 76'[39m,
    timestamp: [35m2025-11-20T08:05:18.864Z[39m
  },
  waitingForArticles: {
    listId: [32m'list-76'[39m,
    listName: [32m'List 76'[39m,
    prompt: [32m'Möchtest du noch weitere Artikel hinzufügen?'[39m
  }
}
🤖 Setting conversation context: {
  lastAction: {
    type: [32m'article_added'[39m,
    listId: [32m'list-77'[39m,
    listName: [32m'List 77'[39m,
    articleName: [32m'Article 77'[39m,
    timestamp: [35m2025-11-20T08:05:18.864Z[39m
  },
  waitingForArticles: {
    listId: [32m'list-77'[39m,
    listName: [32m'List 77'[39m,
    prompt: [32m'Möchtest du noch weitere Artikel hinzufügen?'[39m
  }
}
🤖 Setting conversation context: {
  lastAction: {
    type: [32m'article_added'[39m,
    listId: [32m'list-78'[39m,
    listName: [32m'List 78'[39m,
    articleName: [32m'Article 78'[39m,
    timestamp: [35m2025-11-20T08:05:18.864Z[39m
  },
  waitingForArticles: {
    listId: [32m'list-78'[39m,
    listName: [32m'List 78'[39m,
    prompt: [32m'Möchtest du noch weitere Artikel hinzufügen?'[39m
  }
}
🤖 Setting conversation context: {
  lastAction: {
    type: [32m'article_added'[39m,
    listId: [32m'list-79'[39m,
    listName: [32m'List 79'[39m,
    articleName: [32m'Article 79'[39m,
    timestamp: [35m2025-11-20T08:05:18.864Z[39m
  },
  waitingForArticles: {
    listId: [32m'list-79'[39m,
    listName: [32m'List 79'[39m,
    prompt: [32m'Möchtest du noch weitere Artikel hinzufügen?'[39m
  }
}
🤖 Setting conversation context: {
  lastAction: {
    type: [32m'article_added'[39m,
    listId: [32m'list-80'[39m,
    listName: [32m'List 80'[39m,
    articleName: [32m'Article 80'[39m,
    timestamp: [35m2025-11-20T08:05:18.864Z[39m
  },
  waitingForArticles: {
    listId: [32m'list-80'[39m,
    listName: [32m'List 80'[39m,
    prompt: [32m'Möchtest du noch weitere Artikel hinzufügen?'[39m
  }
}
🤖 Setting conversation context: {
  lastAction: {
    type: [32m'article_added'[39m,
    listId: [32m'list-81'[39m,
    listName: [32m'List 81'[39m,
    articleName: [32m'Article 81'[39m,
    timestamp: [35m2025-11-20T08:05:18.864Z[39m
  },
  waitingForArticles: {
    listId: [32m'list-81'[39m,
    listName: [32m'List 81'[39m,
    prompt: [32m'Möchtest du noch weitere Artikel hinzufügen?'[39m
  }
}
🤖 Setting conversation context: {
  lastAction: {
    type: [32m'article_added'[39m,
    listId: [32m'list-82'[39m,
    listName: [32m'List 82'[39m,
    articleName: [32m'Article 82'[39m,
    timestamp: [35m2025-11-20T08:05:18.864Z[39m
  },
  waitingForArticles: {
    listId: [32m'list-82'[39m,
    listName: [32m'List 82'[39m,
    prompt: [32m'Möchtest du noch weitere Artikel hinzufügen?'[39m
  }
}
🤖 Setting conversation context: {
  lastAction: {
    type: [32m'article_added'[39m,
    listId: [32m'list-83'[39m,
    listName: [32m'List 83'[39m,
    articleName: [32m'Article 83'[39m,
    timestamp: [35m2025-11-20T08:05:18.864Z[39m
  },
  waitingForArticles: {
    listId: [32m'list-83'[39m,
    listName: [32m'List 83'[39m,
    prompt: [32m'Möchtest du noch weitere Artikel hinzufügen?'[39m
  }
}
🤖 Setting conversation context: {
  lastAction: {
    type: [32m'article_added'[39m,
    listId: [32m'list-84'[39m,
    listName: [32m'List 84'[39m,
    articleName: [32m'Article 84'[39m,
    timestamp: [35m2025-11-20T08:05:18.864Z[39m
  },
  waitingForArticles: {
    listId: [32m'list-84'[39m,
    listName: [32m'List 84'[39m,
    prompt: [32m'Möchtest du noch weitere Artikel hinzufügen?'[39m
  }
}
🤖 Setting conversation context: {
  lastAction: {
    type: [32m'article_added'[39m,
    listId: [32m'list-85'[39m,
    listName: [32m'List 85'[39m,
    articleName: [32m'Article 85'[39m,
    timestamp: [35m2025-11-20T08:05:18.864Z[39m
  },
  waitingForArticles: {
    listId: [32m'list-85'[39m,
    listName: [32m'List 85'[39m,
    prompt: [32m'Möchtest du noch weitere Artikel hinzufügen?'[39m
  }
}
🤖 Setting conversation context: {
  lastAction: {
    type: [32m'article_added'[39m,
    listId: [32m'list-86'[39m,
    listName: [32m'List 86'[39m,
    articleName: [32m'Article 86'[39m,
    timestamp: [35m2025-11-20T08:05:18.864Z[39m
  },
  waitingForArticles: {
    listId: [32m'list-86'[39m,
    listName: [32m'List 86'[39m,
    prompt: [32m'Möchtest du noch weitere Artikel hinzufügen?'[39m
  }
}
🤖 Setting conversation context: {
  lastAction: {
    type: [32m'article_added'[39m,
    listId: [32m'list-87'[39m,
    listName: [32m'List 87'[39m,
    articleName: [32m'Article 87'[39m,
    timestamp: [35m2025-11-20T08:05:18.864Z[39m
  },
  waitingForArticles: {
    listId: [32m'list-87'[39m,
    listName: [32m'List 87'[39m,
    prompt: [32m'Möchtest du noch weitere Artikel hinzufügen?'[39m
  }
}
🤖 Setting conversation context: {
  lastAction: {
    type: [32m'article_added'[39m,
    listId: [32m'list-88'[39m,
    listName: [32m'List 88'[39m,
    articleName: [32m'Article 88'[39m,
    timestamp: [35m2025-11-20T08:05:18.864Z[39m
  },
  waitingForArticles: {
    listId: [32m'list-88'[39m,
    listName: [32m'List 88'[39m,
    prompt: [32m'Möchtest du noch weitere Artikel hinzufügen?'[39m
  }
}
🤖 Setting conversation context: {
  lastAction: {
    type: [32m'article_added'[39m,
    listId: [32m'list-89'[39m,
    listName: [32m'List 89'[39m,
    articleName: [32m'Article 89'[39m,
    timestamp: [35m2025-11-20T08:05:18.864Z[39m
  },
  waitingForArticles: {
    listId: [32m'list-89'[39m,
    listName: [32m'List 89'[39m,
    prompt: [32m'Möchtest du noch weitere Artikel hinzufügen?'[39m
  }
}
🤖 Setting conversation context: {
  lastAction: {
    type: [32m'article_added'[39m,
    listId: [32m'list-90'[39m,
    listName: [32m'List 90'[39m,
    articleName: [32m'Article 90'[39m,
    timestamp: [35m2025-11-20T08:05:18.864Z[39m
  },
  waitingForArticles: {
    listId: [32m'list-90'[39m,
    listName: [32m'List 90'[39m,
    prompt: [32m'Möchtest du noch weitere Artikel hinzufügen?'[39m
  }
}
🤖 Setting conversation context: {
  lastAction: {
    type: [32m'article_added'[39m,
    listId: [32m'list-91'[39m,
    listName: [32m'List 91'[39m,
    articleName: [32m'Article 91'[39m,
    timestamp: [35m2025-11-20T08:05:18.864Z[39m
  },
  waitingForArticles: {
    listId: [32m'list-91'[39m,
    listName: [32m'List 91'[39m,
    prompt: [32m'Möchtest du noch weitere Artikel hinzufügen?'[39m
  }
}
🤖 Setting conversation context: {
  lastAction: {
    type: [32m'article_added'[39m,
    listId: [32m'list-92'[39m,
    listName: [32m'List 92'[39m,
    articleName: [32m'Article 92'[39m,
    timestamp: [35m2025-11-20T08:05:18.864Z[39m
  },
  waitingForArticles: {
    listId: [32m'list-92'[39m,
    listName: [32m'List 92'[39m,
    prompt: [32m'Möchtest du noch weitere Artikel hinzufügen?'[39m
  }
}
🤖 Setting conversation context: {
  lastAction: {
    type: [32m'article_added'[39m,
    listId: [32m'list-93'[39m,
    listName: [32m'List 93'[39m,
    articleName: [32m'Article 93'[39m,
    timestamp: [35m2025-11-20T08:05:18.864Z[39m
  },
  waitingForArticles: {
    listId: [32m'list-93'[39m,
    listName: [32m'List 93'[39m,
    prompt: [32m'Möchtest du noch weitere Artikel hinzufügen?'[39m
  }
}
🤖 Setting conversation context: {
  lastAction: {
    type: [32m'article_added'[39m,
    listId: [32m'list-94'[39m,
    listName: [32m'List 94'[39m,
    articleName: [32m'Article 94'[39m,
    timestamp: [35m2025-11-20T08:05:18.864Z[39m
  },
  waitingForArticles: {
    listId: [32m'list-94'[39m,
    listName: [32m'List 94'[39m,
    prompt: [32m'Möchtest du noch weitere Artikel hinzufügen?'[39m
  }
}
🤖 Setting conversation context: {
  lastAction: {
    type: [32m'article_added'[39m,
    listId: [32m'list-95'[39m,
    listName: [32m'List 95'[39m,
    articleName: [32m'Article 95'[39m,
    timestamp: [35m2025-11-20T08:05:18.864Z[39m
  },
  waitingForArticles: {
    listId: [32m'list-95'[39m,
    listName: [32m'List 95'[39m,
    prompt: [32m'Möchtest du noch weitere Artikel hinzufügen?'[39m
  }
}
🤖 Setting conversation context: {
  lastAction: {
    type: [32m'article_added'[39m,
    listId: [32m'list-96'[39m,
    listName: [32m'List 96'[39m,
    articleName: [32m'Article 96'[39m,
    timestamp: [35m2025-11-20T08:05:18.864Z[39m
  },
  waitingForArticles: {
    listId: [32m'list-96'[39m,
    listName: [32m'List 96'[39m,
    prompt: [32m'Möchtest du noch weitere Artikel hinzufügen?'[39m
  }
}
🤖 Setting conversation context: {
  lastAction: {
    type: [32m'article_added'[39m,
    listId: [32m'list-97'[39m,
    listName: [32m'List 97'[39m,
    articleName: [32m'Article 97'[39m,
    timestamp: [35m2025-11-20T08:05:18.864Z[39m
  },
  waitingForArticles: {
    listId: [32m'list-97'[39m,
    listName: [32m'List 97'[39m,
    prompt: [32m'Möchtest du noch weitere Artikel hinzufügen?'[39m
  }
}
🤖 Setting conversation context: {
  lastAction: {
    type: [32m'article_added'[39m,
    listId: [32m'list-98'[39m,
    listName: [32m'List 98'[39m,
    articleName: [32m'Article 98'[39m,
    timestamp: [35m2025-11-20T08:05:18.864Z[39m
  },
  waitingForArticles: {
    listId: [32m'list-98'[39m,
    listName: [32m'List 98'[39m,
    prompt: [32m'Möchtest du noch weitere Artikel hinzufügen?'[39m
  }
}
🤖 Setting conversation context: {
  lastAction: {
    type: [32m'article_added'[39m,
    listId: [32m'list-99'[39m,
    listName: [32m'List 99'[39m,
    articleName: [32m'Article 99'[39m,
    timestamp: [35m2025-11-20T08:05:18.864Z[39m
  },
  waitingForArticles: {
    listId: [32m'list-99'[39m,
    listName: [32m'List 99'[39m,
    prompt: [32m'Möchtest du noch weitere Artikel hinzufügen?'[39m
  }
}

stdout | src/app/core/services/ai/context-management.service.spec.ts > ContextManagementService > Edge Cases > should handle context operations in rapid succession
🤖 Clearing conversation context

stdout | src/app/shared/components/voice-ai-assistant/services/voice-output.service.spec.ts > VoiceOutputService > Speaking Functionality > should use default German locale
🔊 Speech cancelled

stdout | src/app/shared/components/voice-ai-assistant/services/voice-output.service.spec.ts > VoiceOutputService > Speaking Functionality > should use default German locale
🔊 Speech started: Test

stderr | src/app/shared/components/voice-ai-assistant/services/voice-input.service.spec.ts > VoiceInputService > Microphone Permissions > should return false on server platform
Voice input not available in non-browser environment

stdout | src/app/shared/components/voice-ai-assistant/services/voice-input.service.spec.ts > VoiceInputService > Recognition End Event > should update recording state when recognition ends
🎤 Voice recording started

stdout | src/app/shared/components/voice-ai-assistant/services/voice-input.service.spec.ts > VoiceInputService > Cleanup > should stop recording on cleanup
🎤 Voice recording started
🎤 Voice recording stopped

 ✓ src/app/core/services/ai/context-management.service.spec.ts (34 tests | 1 skipped) 108ms
stdout | src/app/shared/components/voice-ai-assistant/services/voice-output.service.spec.ts > VoiceOutputService > Speaking Functionality > should use custom options when provided
🔊 Speech cancelled

stdout | src/app/shared/components/voice-ai-assistant/services/voice-output.service.spec.ts > VoiceOutputService > Speaking Functionality > should use custom options when provided
🔊 Speech started: Test

stdout | src/app/shared/components/voice-ai-assistant/services/voice-output.service.spec.ts > VoiceOutputService > Speaking Functionality > should clean text before speaking
🔊 Speech cancelled

stdout | src/app/shared/components/voice-ai-assistant/services/voice-output.service.spec.ts > VoiceOutputService > Speaking Functionality > should clean text before speaking
🔊 Speech started: Success!

stdout | src/app/shared/components/voice-ai-assistant/services/voice-output.service.spec.ts > VoiceOutputService > Speaking Functionality > should not speak if already speaking
🔊 Speech cancelled

stdout | src/app/shared/components/voice-ai-assistant/services/voice-output.service.spec.ts > VoiceOutputService > Speaking Functionality > should not speak if already speaking
🔊 Speech started: First message

stdout | src/app/shared/components/voice-ai-assistant/services/voice-output.service.spec.ts > VoiceOutputService > Speaking Functionality > should not speak if already speaking
Already speaking, ignoring request

stdout | src/app/shared/components/voice-ai-assistant/services/voice-input.service.spec.ts > VoiceInputService > Observable Streams > should expose voiceResult observable
🎤 Voice recording started
🎤 Voice input received: Test

stdout | src/app/shared/components/voice-ai-assistant/services/voice-input.service.spec.ts > VoiceInputService > Observable Streams > should expose voiceError observable
🎤 Voice recording started

stderr | src/app/shared/components/voice-ai-assistant/services/voice-input.service.spec.ts > VoiceInputService > Observable Streams > should expose voiceError observable
Speech recognition error: test-error

stdout | src/app/shared/components/voice-ai-assistant/services/voice-input.service.spec.ts > VoiceInputService > Edge Cases > should handle multiple rapid start attempts
🎤 Voice recording started

stderr | src/app/shared/components/voice-ai-assistant/services/voice-input.service.spec.ts > VoiceInputService > Edge Cases > should handle multiple rapid start attempts
Already recording
Already recording

stdout | src/app/shared/components/voice-ai-assistant/services/voice-input.service.spec.ts > VoiceInputService > Edge Cases > should handle stop errors gracefully
🎤 Voice recording started

stderr | src/app/shared/components/voice-ai-assistant/services/voice-input.service.spec.ts > VoiceInputService > Edge Cases > should handle stop errors gracefully
Failed to stop speech recognition: Error: Stop failed
    at Object.<anonymous> [90m(/home/user/shoplisl/[39msrc/app/shared/components/voice-ai-assistant/services/voice-input.service.spec.ts:438:15[90m)[39m
    at Object.mockCall [90m(file:///home/user/shoplisl/[39mnode_modules/[4m@vitest/spy[24m/dist/index.js:96:15[90m)[39m
    at Object.spy [as stop] [90m(file:///home/user/shoplisl/[39mnode_modules/[4mtinyspy[24m/dist/index.js:47:80[90m)[39m
    at VoiceInputService.stopRecording [90m(/home/user/shoplisl/[39msrc/app/shared/components/voice-ai-assistant/services/voice-input.service.ts:187:24[90m)[39m
    at [90m/home/user/shoplisl/[39msrc/app/shared/components/voice-ai-assistant/services/voice-input.service.spec.ts:442:28
    at Proxy.assertThrows [90m(file:///home/user/shoplisl/[39mnode_modules/[4mchai[24m/index.js:2767:5[90m)[39m
    at Proxy.methodWrapper [90m(file:///home/user/shoplisl/[39mnode_modules/[4mchai[24m/index.js:1686:25[90m)[39m
    at Proxy.<anonymous> [90m(file:///home/user/shoplisl/[39mnode_modules/[4m@vitest/expect[24m/dist/index.js:1088:12[90m)[39m
    at Proxy.overwritingMethodWrapper [90m(file:///home/user/shoplisl/[39mnode_modules/[4mchai[24m/index.js:1735:33[90m)[39m
    at Proxy.<anonymous> [90m(file:///home/user/shoplisl/[39mnode_modules/[4m@vitest/expect[24m/dist/index.js:1420:16[90m)[39m

 ✓ src/app/shared/components/voice-ai-assistant/services/disambiguation-ui.service.spec.ts (52 tests) 115ms
stdout | src/app/core/services/ai/quantity-extraction.service.spec.ts > QuantityExtractionService > German Number Formats - Decimal Comma > should extract German decimal with comma (0,5 Liter)
🔍 QUANTITY EXTRACTION INPUT: 0,5 Liter Milch
🔍 CLEANED INPUT: 0,5 Liter Milch
🔍 MATCHED PATTERN unit_start: [
  [32m'0,5 Liter Milch'[39m,
  [32m'0,5 Liter'[39m,
  [32m'Milch'[39m,
  index: [33m0[39m,
  input: [32m'0,5 Liter Milch'[39m,
  groups: [90mundefined[39m
]
🔍 EXTRACTED: {
  itemName: [32m'Milch'[39m,
  quantity: [32m'0,5 Liter'[39m,
  originalInput: [32m'0,5 Liter Milch'[39m
}

stdout | src/app/core/services/ai/quantity-extraction.service.spec.ts > QuantityExtractionService > German Number Formats - Decimal Comma > should extract German decimal (1,5kg Bananen)
🔍 QUANTITY EXTRACTION INPUT: 1,5kg Bananen
🔍 CLEANED INPUT: 1,5kg Bananen
🔍 MATCHED PATTERN unit_start: [
  [32m'1,5kg Bananen'[39m,
  [32m'1,5kg'[39m,
  [32m'Bananen'[39m,
  index: [33m0[39m,
  input: [32m'1,5kg Bananen'[39m,
  groups: [90mundefined[39m
]
🔍 EXTRACTED: {
  itemName: [32m'Bananen'[39m,
  quantity: [32m'1,5kg'[39m,
  originalInput: [32m'1,5kg Bananen'[39m
}

stdout | src/app/core/services/ai/quantity-extraction.service.spec.ts > QuantityExtractionService > German Number Formats - Decimal Comma > should extract German decimal with space (2,5 kg Äpfel)
🔍 QUANTITY EXTRACTION INPUT: 2,5 kg Äpfel
🔍 CLEANED INPUT: 2,5 kg Äpfel
🔍 MATCHED PATTERN unit_start: [
  [32m'2,5 kg Äpfel'[39m,
  [32m'2,5 kg'[39m,
  [32m'Äpfel'[39m,
  index: [33m0[39m,
  input: [32m'2,5 kg Äpfel'[39m,
  groups: [90mundefined[39m
]
🔍 EXTRACTED: {
  itemName: [32m'Äpfel'[39m,
  quantity: [32m'2,5 kg'[39m,
  originalInput: [32m'2,5 kg Äpfel'[39m
}

stdout | src/app/core/services/ai/quantity-extraction.service.spec.ts > QuantityExtractionService > German Number Formats - Decimal Comma > should handle article name first with decimal (Mehl 0,5 kg)
🔍 QUANTITY EXTRACTION INPUT: Mehl 0,5 kg
🔍 CLEANED INPUT: Mehl 0,5 kg
🔍 MATCHED PATTERN unit_end: [
  [32m'Mehl 0,5 kg'[39m,
  [32m'Mehl'[39m,
  [32m'0,5 kg'[39m,
  index: [33m0[39m,
  input: [32m'Mehl 0,5 kg'[39m,
  groups: [90mundefined[39m
]
🔍 EXTRACTED: { itemName: [32m'Mehl'[39m, quantity: [32m'0,5 kg'[39m, originalInput: [32m'Mehl 0,5 kg'[39m }

stdout | src/app/core/services/ai/quantity-extraction.service.spec.ts > QuantityExtractionService > German Number Formats - Decimal Comma > should handle "Menge" format with decimal (Milch Menge 1,5 Liter)
🔍 QUANTITY EXTRACTION INPUT: Milch Menge 1,5 Liter
🔍 CLEANED INPUT: Milch Menge 1,5 Liter
🔍 MATCHED PATTERN item_menge_amount: [
  [32m'Milch Menge 1,5 Liter'[39m,
  [32m'Milch'[39m,
  [32m'1,5 Liter'[39m,
  index: [33m0[39m,
  input: [32m'Milch Menge 1,5 Liter'[39m,
  groups: [90mundefined[39m
]
🔍 EXTRACTED: {
  itemName: [32m'Milch'[39m,
  quantity: [32m'1,5 Liter'[39m,
  originalInput: [32m'Milch Menge 1,5 Liter'[39m
}

stdout | src/app/core/services/ai/quantity-extraction.service.spec.ts > QuantityExtractionService > Text Numbers (German) > should convert "ein" to "1"
🔍 QUANTITY EXTRACTION INPUT: ein kg Mehl
🔍 CLEANED INPUT: ein kg Mehl
🔍 MATCHED PATTERN text_unit_item: [
  [32m'ein kg Mehl'[39m,
  [32m'ein'[39m,
  [32m'kg'[39m,
  [32m'Mehl'[39m,
  index: [33m0[39m,
  input: [32m'ein kg Mehl'[39m,
  groups: [90mundefined[39m
]
🔍 EXTRACTED: { itemName: [32m'Mehl'[39m, quantity: [32m'1 kg'[39m, originalInput: [32m'ein kg Mehl'[39m }

stdout | src/app/core/services/ai/quantity-extraction.service.spec.ts > QuantityExtractionService > Text Numbers (German) > should convert "zwei" to "2"
🔍 QUANTITY EXTRACTION INPUT: zwei Liter Milch
🔍 CLEANED INPUT: zwei Liter Milch
🔍 MATCHED PATTERN text_unit_item: [
  [32m'zwei Liter Milch'[39m,
  [32m'zwei'[39m,
  [32m'Liter'[39m,
  [32m'Milch'[39m,
  index: [33m0[39m,
  input: [32m'zwei Liter Milch'[39m,
  groups: [90mundefined[39m
]
🔍 EXTRACTED: {
  itemName: [32m'Milch'[39m,
  quantity: [32m'2 Liter'[39m,
  originalInput: [32m'zwei Liter Milch'[39m
}

stdout | src/app/core/services/ai/quantity-extraction.service.spec.ts > QuantityExtractionService > Text Numbers (German) > should convert "drei" to "3"
🔍 QUANTITY EXTRACTION INPUT: drei kg Bananen
🔍 CLEANED INPUT: drei kg Bananen
🔍 MATCHED PATTERN text_unit_item: [
  [32m'drei kg Bananen'[39m,
  [32m'drei'[39m,
  [32m'kg'[39m,
  [32m'Bananen'[39m,
  index: [33m0[39m,
  input: [32m'drei kg Bananen'[39m,
  groups: [90mundefined[39m
]
🔍 EXTRACTED: {
  itemName: [32m'Bananen'[39m,
  quantity: [32m'3 kg'[39m,
  originalInput: [32m'drei kg Bananen'[39m
}

stdout | src/app/core/services/ai/quantity-extraction.service.spec.ts > QuantityExtractionService > Text Numbers (German) > should convert "fünf" to "5"
🔍 QUANTITY EXTRACTION INPUT: fünf Stück Äpfel
🔍 CLEANED INPUT: fünf Stück Äpfel
🔍 MATCHED PATTERN text_unit_item: [
  [32m'fünf Stück Äpfel'[39m,
  [32m'fünf'[39m,
  [32m'Stück'[39m,
  [32m'Äpfel'[39m,
  index: [33m0[39m,
  input: [32m'fünf Stück Äpfel'[39m,
  groups: [90mundefined[39m
]
🔍 EXTRACTED: {
  itemName: [32m'Äpfel'[39m,
  quantity: [32m'5 Stück'[39m,
  originalInput: [32m'fünf Stück Äpfel'[39m
}

stdout | src/app/core/services/ai/quantity-extraction.service.spec.ts > QuantityExtractionService > Text Numbers (German) > should handle "ein" with x notation (ein x Brot)
🔍 QUANTITY EXTRACTION INPUT: ein x Brot
🔍 CLEANED INPUT: ein x Brot
🔍 MATCHED PATTERN text_x_item: [
  [32m'ein x Brot'[39m,
  [32m'ein'[39m,
  [32m'Brot'[39m,
  index: [33m0[39m,
  input: [32m'ein x Brot'[39m,
  groups: [90mundefined[39m
]
🔍 EXTRACTED: { itemName: [32m'Brot'[39m, quantity: [32m'1'[39m, originalInput: [32m'ein x Brot'[39m }

stdout | src/app/core/services/ai/quantity-extraction.service.spec.ts > QuantityExtractionService > Text Numbers (German) > should handle text numbers without units (drei Bananen)
🔍 QUANTITY EXTRACTION INPUT: drei Bananen
🔍 CLEANED INPUT: drei Bananen
🔍 MATCHED PATTERN text_item: [
  [32m'drei Bananen'[39m,
  [32m'drei'[39m,
  [32m'Bananen'[39m,
  index: [33m0[39m,
  input: [32m'drei Bananen'[39m,
  groups: [90mundefined[39m
]
🔍 EXTRACTED: { itemName: [32m'Bananen'[39m, quantity: [32m'3'[39m, originalInput: [32m'drei Bananen'[39m }

stdout | src/app/core/services/ai/quantity-extraction.service.spec.ts > QuantityExtractionService > Text Numbers (German) > should handle larger text numbers (zwanzig Äpfel)
🔍 QUANTITY EXTRACTION INPUT: zwanzig Äpfel
🔍 CLEANED INPUT: zwanzig Äpfel
🔍 MATCHED PATTERN text_item: [
  [32m'zwanzig Äpfel'[39m,
  [32m'zwanzig'[39m,
  [32m'Äpfel'[39m,
  index: [33m0[39m,
  input: [32m'zwanzig Äpfel'[39m,
  groups: [90mundefined[39m
]
🔍 EXTRACTED: { itemName: [32m'Äpfel'[39m, quantity: [32m'20'[39m, originalInput: [32m'zwanzig Äpfel'[39m }

stdout | src/app/core/services/ai/quantity-extraction.service.spec.ts > QuantityExtractionService > Text Numbers (German) > should handle article first format (Bananen drei kg)
🔍 QUANTITY EXTRACTION INPUT: Bananen drei kg
🔍 CLEANED INPUT: Bananen drei kg
🔍 MATCHED PATTERN item_text_unit: [
  [32m'Bananen drei kg'[39m,
  [32m'Bananen'[39m,
  [32m'drei'[39m,
  [32m'kg'[39m,
  index: [33m0[39m,
  input: [32m'Bananen drei kg'[39m,
  groups: [90mundefined[39m
]
🔍 EXTRACTED: {
  itemName: [32m'Bananen'[39m,
  quantity: [32m'3 kg'[39m,
  originalInput: [32m'Bananen drei kg'[39m
}

stdout | src/app/core/services/ai/quantity-extraction.service.spec.ts > QuantityExtractionService > Quantity Units (German) > should extract kg unit
🔍 QUANTITY EXTRACTION INPUT: 2kg Mehl
🔍 CLEANED INPUT: 2kg Mehl
🔍 MATCHED PATTERN unit_start: [
  [32m'2kg Mehl'[39m,
  [32m'2kg'[39m,
  [32m'Mehl'[39m,
  index: [33m0[39m,
  input: [32m'2kg Mehl'[39m,
  groups: [90mundefined[39m
]
🔍 EXTRACTED: { itemName: [32m'Mehl'[39m, quantity: [32m'2kg'[39m, originalInput: [32m'2kg Mehl'[39m }

stdout | src/app/core/services/ai/quantity-extraction.service.spec.ts > QuantityExtractionService > Quantity Units (German) > should extract g (Gramm) unit
🔍 QUANTITY EXTRACTION INPUT: 500g Zucker
🔍 CLEANED INPUT: 500g Zucker
🔍 MATCHED PATTERN unit_start: [
  [32m'500g Zucker'[39m,
  [32m'500g'[39m,
  [32m'Zucker'[39m,
  index: [33m0[39m,
  input: [32m'500g Zucker'[39m,
  groups: [90mundefined[39m
]
🔍 EXTRACTED: { itemName: [32m'Zucker'[39m, quantity: [32m'500g'[39m, originalInput: [32m'500g Zucker'[39m }

stdout | src/app/core/services/ai/quantity-extraction.service.spec.ts > QuantityExtractionService > Quantity Units (German) > should extract "gramm" spelled out
🔍 QUANTITY EXTRACTION INPUT: 250 gramm Butter
🔍 CLEANED INPUT: 250 gramm Butter
🔍 MATCHED PATTERN unit_start: [
  [32m'250 gramm Butter'[39m,
  [32m'250 gramm'[39m,
  [32m'Butter'[39m,
  index: [33m0[39m,
  input: [32m'250 gramm Butter'[39m,
  groups: [90mundefined[39m
]
🔍 EXTRACTED: {
  itemName: [32m'Butter'[39m,
  quantity: [32m'250 gramm'[39m,
  originalInput: [32m'250 gramm Butter'[39m
}

stdout | src/app/core/services/ai/quantity-extraction.service.spec.ts > QuantityExtractionService > Quantity Units (German) > should extract Liter unit
🔍 QUANTITY EXTRACTION INPUT: 1 Liter Milch
🔍 CLEANED INPUT: 1 Liter Milch
🔍 MATCHED PATTERN unit_start: [
  [32m'1 Liter Milch'[39m,
  [32m'1 Liter'[39m,
  [32m'Milch'[39m,
  index: [33m0[39m,
  input: [32m'1 Liter Milch'[39m,
  groups: [90mundefined[39m
]
🔍 EXTRACTED: {
  itemName: [32m'Milch'[39m,
  quantity: [32m'1 Liter'[39m,
  originalInput: [32m'1 Liter Milch'[39m
}

stdout | src/app/shared/components/voice-ai-assistant/services/voice-output.service.spec.ts > VoiceOutputService > Speaking Functionality > should update speaking state observable
🔊 Speech cancelled

stdout | src/app/shared/components/voice-ai-assistant/services/voice-output.service.spec.ts > VoiceOutputService > Speaking Functionality > should update speaking state observable
🔊 Speech started: Test

 ❯ src/app/shared/components/voice-ai-assistant/services/voice-input.service.spec.ts (36 tests | 1 failed) 130ms
   ✓ VoiceInputService > Initialization > should be created 22ms
   ✓ VoiceInputService > Initialization > should initialize speech recognition on browser platform 4ms
   ✓ VoiceInputService > Initialization > should not initialize on server platform 4ms
   ✓ VoiceInputService > Initialization > should configure recognition with correct settings 3ms
   ✓ VoiceInputService > Browser Support Detection > should detect webkit speech recognition support 3ms
   ✓ VoiceInputService > Browser Support Detection > should detect standard speech recognition support 2ms
   ✓ VoiceInputService > Browser Support Detection > should return false when speech recognition is not supported 3ms
   × VoiceInputService > Recording Lifecycle > should start recording successfully 12ms
     → expected false to be true // Object.is equality
   ✓ VoiceInputService > Recording Lifecycle > should stop recording successfully 6ms
   ✓ VoiceInputService > Recording Lifecycle > should toggle recording from off to on 3ms
   ✓ VoiceInputService > Recording Lifecycle > should toggle recording from on to off 2ms
   ✓ VoiceInputService > Recording Lifecycle > should not start recording if already recording 2ms
   ✓ VoiceInputService > Recording Lifecycle > should handle start failure gracefully 6ms
   ✓ VoiceInputService > Voice Recognition Results > should emit voice result on successful recognition 2ms
   ✓ VoiceInputService > Voice Recognition Results > should update recording state when result received 4ms
   ✓ VoiceInputService > Error Handling > should handle no-speech error 2ms
   ✓ VoiceInputService > Error Handling > should handle not-allowed error (permission denied) 2ms
   ✓ VoiceInputService > Error Handling > should handle network error 3ms
   ✓ VoiceInputService > Error Handling > should handle aborted error 2ms
   ✓ VoiceInputService > Error Handling > should handle unknown errors 2ms
   ✓ VoiceInputService > Error Handling > should update recording state on error 2ms
   ✓ VoiceInputService > Error Handling > should emit error when recognition not supported 4ms
   ✓ VoiceInputService > Microphone Permissions > should check microphone permission successfully 2ms
   ✓ VoiceInputService > Microphone Permissions > should handle permission denial 4ms
   ✓ VoiceInputService > Microphone Permissions > should return false when mediaDevices not available 2ms
   ✓ VoiceInputService > Microphone Permissions > should return false on server platform 3ms
   ✓ VoiceInputService > Recognition End Event > should update recording state when recognition ends 2ms
   ✓ VoiceInputService > Cleanup > should stop recording on cleanup 2ms
   ✓ VoiceInputService > Cleanup > should clear event handlers on cleanup 2ms
   ✓ VoiceInputService > Cleanup > should handle cleanup when not recording 2ms
   ✓ VoiceInputService > Observable Streams > should expose isRecording observable 1ms
   ✓ VoiceInputService > Observable Streams > should expose voiceResult observable 2ms
   ✓ VoiceInputService > Observable Streams > should expose voiceError observable 2ms
   ✓ VoiceInputService > Edge Cases > should handle stop when not recording 2ms
   ✓ VoiceInputService > Edge Cases > should handle multiple rapid start attempts 2ms
   ✓ VoiceInputService > Edge Cases > should handle stop errors gracefully 7ms
stdout | src/app/core/services/ai/quantity-extraction.service.spec.ts > QuantityExtractionService > Quantity Units (German) > should extract ml (Milliliter) unit
🔍 QUANTITY EXTRACTION INPUT: 500ml Saft
🔍 CLEANED INPUT: 500ml Saft
🔍 MATCHED PATTERN unit_start: [
  [32m'500ml Saft'[39m,
  [32m'500ml'[39m,
  [32m'Saft'[39m,
  index: [33m0[39m,
  input: [32m'500ml Saft'[39m,
  groups: [90mundefined[39m
]
🔍 EXTRACTED: { itemName: [32m'Saft'[39m, quantity: [32m'500ml'[39m, originalInput: [32m'500ml Saft'[39m }

stdout | src/app/core/services/ai/quantity-extraction.service.spec.ts > QuantityExtractionService > Quantity Units (German) > should extract Stück unit
🔍 QUANTITY EXTRACTION INPUT: 3 Stück Eier
🔍 CLEANED INPUT: 3 Stück Eier
🔍 MATCHED PATTERN unit_start: [
  [32m'3 Stück Eier'[39m,
  [32m'3 Stück'[39m,
  [32m'Eier'[39m,
  index: [33m0[39m,
  input: [32m'3 Stück Eier'[39m,
  groups: [90mundefined[39m
]
🔍 EXTRACTED: {
  itemName: [32m'Eier'[39m,
  quantity: [32m'3 Stück'[39m,
  originalInput: [32m'3 Stück Eier'[39m
}

stdout | src/app/core/services/ai/quantity-extraction.service.spec.ts > QuantityExtractionService > Quantity Units (German) > should extract Pack/Packung unit
🔍 QUANTITY EXTRACTION INPUT: 2 Pack Butter
🔍 CLEANED INPUT: 2 Pack Butter
🔍 MATCHED PATTERN unit_start: [
  [32m'2 Pack Butter'[39m,
  [32m'2 Pack'[39m,
  [32m'Butter'[39m,
  index: [33m0[39m,
  input: [32m'2 Pack Butter'[39m,
  groups: [90mundefined[39m
]
🔍 EXTRACTED: {
  itemName: [32m'Butter'[39m,
  quantity: [32m'2 Pack'[39m,
  originalInput: [32m'2 Pack Butter'[39m
}

stdout | src/app/core/services/ai/quantity-extraction.service.spec.ts > QuantityExtractionService > Quantity Units (German) > should extract Dose unit
🔍 QUANTITY EXTRACTION INPUT: 1 Dose Tomaten
🔍 CLEANED INPUT: 1 Dose Tomaten
🔍 MATCHED PATTERN unit_start: [
  [32m'1 Dose Tomaten'[39m,
  [32m'1 Dose'[39m,
  [32m'Tomaten'[39m,
  index: [33m0[39m,
  input: [32m'1 Dose Tomaten'[39m,
  groups: [90mundefined[39m
]
🔍 EXTRACTED: {
  itemName: [32m'Tomaten'[39m,
  quantity: [32m'1 Dose'[39m,
  originalInput: [32m'1 Dose Tomaten'[39m
}

stdout | src/app/core/services/ai/quantity-extraction.service.spec.ts > QuantityExtractionService > Quantity Units (German) > should extract Flasche unit
🔍 QUANTITY EXTRACTION INPUT: 2 Flaschen Wasser
🔍 CLEANED INPUT: 2 Flaschen Wasser
🔍 DEBUG: Input contains "Flaschen"
🔍 DEBUG: Testing pattern 2 (unit_start)
🔍 DEBUG: Pattern 2 match result: [
  [32m'2 Flaschen Wasser'[39m,
  [32m'2 Flaschen'[39m,
  [32m'Wasser'[39m,
  index: [33m0[39m,
  input: [32m'2 Flaschen Wasser'[39m,
  groups: [90mundefined[39m
]
🔍 MATCHED PATTERN unit_start: [
  [32m'2 Flaschen Wasser'[39m,
  [32m'2 Flaschen'[39m,
  [32m'Wasser'[39m,
  index: [33m0[39m,
  input: [32m'2 Flaschen Wasser'[39m,
  groups: [90mundefined[39m
]
🔍 EXTRACTED: {
  itemName: [32m'Wasser'[39m,
  quantity: [32m'2 Flaschen'[39m,
  originalInput: [32m'2 Flaschen Wasser'[39m
}

stdout | src/app/core/services/ai/quantity-extraction.service.spec.ts > QuantityExtractionService > Quantity Units (German) > should extract EL (Esslöffel) unit
🔍 QUANTITY EXTRACTION INPUT: 2 EL Öl
🔍 CLEANED INPUT: 2 EL Öl
🔍 MATCHED PATTERN unit_start: [
  [32m'2 EL Öl'[39m,
  [32m'2 EL'[39m,
  [32m'Öl'[39m,
  index: [33m0[39m,
  input: [32m'2 EL Öl'[39m,
  groups: [90mundefined[39m
]
🔍 EXTRACTED: { itemName: [32m'Öl'[39m, quantity: [32m'2 EL'[39m, originalInput: [32m'2 EL Öl'[39m }

stdout | src/app/core/services/ai/quantity-extraction.service.spec.ts > QuantityExtractionService > Quantity Units (German) > should extract TL (Teelöffel) unit
🔍 QUANTITY EXTRACTION INPUT: 1 TL Salz
🔍 CLEANED INPUT: 1 TL Salz
🔍 MATCHED PATTERN unit_start: [
  [32m'1 TL Salz'[39m,
  [32m'1 TL'[39m,
  [32m'Salz'[39m,
  index: [33m0[39m,
  input: [32m'1 TL Salz'[39m,
  groups: [90mundefined[39m
]
🔍 EXTRACTED: { itemName: [32m'Salz'[39m, quantity: [32m'1 TL'[39m, originalInput: [32m'1 TL Salz'[39m }

stdout | src/app/core/services/ai/quantity-extraction.service.spec.ts > QuantityExtractionService > Quantity Patterns > should handle "Amount Unit Artikel" format (2kg Bananen)
🔍 QUANTITY EXTRACTION INPUT: 2kg Bananen
🔍 CLEANED INPUT: 2kg Bananen
🔍 MATCHED PATTERN unit_start: [
  [32m'2kg Bananen'[39m,
  [32m'2kg'[39m,
  [32m'Bananen'[39m,
  index: [33m0[39m,
  input: [32m'2kg Bananen'[39m,
  groups: [90mundefined[39m
]
🔍 EXTRACTED: { itemName: [32m'Bananen'[39m, quantity: [32m'2kg'[39m, originalInput: [32m'2kg Bananen'[39m }

stdout | src/app/core/services/ai/quantity-extraction.service.spec.ts > QuantityExtractionService > Quantity Patterns > should handle "Amount x Artikel" format (3x Äpfel)
🔍 QUANTITY EXTRACTION INPUT: 3x Äpfel
🔍 CLEANED INPUT: 3x Äpfel
🔍 MATCHED PATTERN x_notation: [
  [32m'3x Äpfel'[39m,
  [32m'3'[39m,
  [32m'Äpfel'[39m,
  index: [33m0[39m,
  input: [32m'3x Äpfel'[39m,
  groups: [90mundefined[39m
]
🔍 EXTRACTED: { itemName: [32m'Äpfel'[39m, quantity: [32m'3'[39m, originalInput: [32m'3x Äpfel'[39m }

stdout | src/app/core/services/ai/quantity-extraction.service.spec.ts > QuantityExtractionService > Quantity Patterns > should handle "Artikel Amount Unit" format (Bananen 2kg)
🔍 QUANTITY EXTRACTION INPUT: Bananen 2kg
🔍 CLEANED INPUT: Bananen 2kg
🔍 MATCHED PATTERN unit_end: [
  [32m'Bananen 2kg'[39m,
  [32m'Bananen'[39m,
  [32m'2kg'[39m,
  index: [33m0[39m,
  input: [32m'Bananen 2kg'[39m,
  groups: [90mundefined[39m
]
🔍 EXTRACTED: { itemName: [32m'Bananen'[39m, quantity: [32m'2kg'[39m, originalInput: [32m'Bananen 2kg'[39m }

stdout | src/app/core/services/ai/quantity-extraction.service.spec.ts > QuantityExtractionService > Quantity Patterns > should handle "Amount Artikel" format (2 Bananen)
🔍 QUANTITY EXTRACTION INPUT: 2 Bananen
🔍 CLEANED INPUT: 2 Bananen
🔍 MATCHED PATTERN number_start: [
  [32m'2 Bananen'[39m,
  [32m'2'[39m,
  [32m'Bananen'[39m,
  index: [33m0[39m,
  input: [32m'2 Bananen'[39m,
  groups: [90mundefined[39m
]
🔍 EXTRACTED: { itemName: [32m'Bananen'[39m, quantity: [32m'2'[39m, originalInput: [32m'2 Bananen'[39m }

stderr | src/app/core/services/ai/ai-messaging.service.spec.ts > AIMessagingService > Error Handling > should log errors with correct severity
MEDIUM Error in test: Test error {
  error: {
    name: [32m'Error'[39m,
    message: [32m'Test error'[39m,
    stack: [32m'Error: Test error\n'[39m +
      [32m'    at /home/user/shoplisl/src/app/core/services/ai/ai-messaging.service.spec.ts:364:21\n'[39m +
      [32m'    at file:///home/user/shoplisl/node_modules/@vitest/runner/dist/chunk-hooks.js:155:11\n'[39m +
      [32m'    at file:///home/user/shoplisl/node_modules/@vitest/runner/dist/chunk-hooks.js:752:26\n'[39m +
      [32m'    at file:///home/user/shoplisl/node_modules/@vitest/runner/dist/chunk-hooks.js:1897:20\n'[39m +
      [32m'    at new ZoneAwarePromise (/home/user/shoplisl/node_modules/zone.js/fesm2015/zone.js:2701:25)\n'[39m +
      [32m'    at runWithTimeout (file:///home/user/shoplisl/node_modules/@vitest/runner/dist/chunk-hooks.js:1863:10)\n'[39m +
      [32m'    at runTest (file:///home/user/shoplisl/node_modules/@vitest/runner/dist/chunk-hooks.js:1574:12)\n'[39m +
      [32m'    at processTicksAndRejections (node:internal/process/task_queues:105:5)'[39m
  },
  context: { operation: [32m'test'[39m, timestamp: [35m2025-11-20T08:05:19.008Z[39m },
  severity: [32m'medium'[39m,
  timestamp: [35m2025-11-20T08:05:19.015Z[39m
}

stderr | src/app/core/services/ai/ai-messaging.service.spec.ts > AIMessagingService > Error Handling > should log critical errors
CRITICAL Error in test: Critical error {
  error: {
    name: [32m'Error'[39m,
    message: [32m'Critical error'[39m,
    stack: [32m'Error: Critical error\n'[39m +
      [32m'    at /home/user/shoplisl/src/app/core/services/ai/ai-messaging.service.spec.ts:376:21\n'[39m +
      [32m'    at file:///home/user/shoplisl/node_modules/@vitest/runner/dist/chunk-hooks.js:155:11\n'[39m +
      [32m'    at file:///home/user/shoplisl/node_modules/@vitest/runner/dist/chunk-hooks.js:752:26\n'[39m +
      [32m'    at file:///home/user/shoplisl/node_modules/@vitest/runner/dist/chunk-hooks.js:1897:20\n'[39m +
      [32m'    at new ZoneAwarePromise (/home/user/shoplisl/node_modules/zone.js/fesm2015/zone.js:2701:25)\n'[39m +
      [32m'    at runWithTimeout (file:///home/user/shoplisl/node_modules/@vitest/runner/dist/chunk-hooks.js:1863:10)\n'[39m +
      [32m'    at runTest (file:///home/user/shoplisl/node_modules/@vitest/runner/dist/chunk-hooks.js:1574:12)\n'[39m +
      [32m'    at processTicksAndRejections (node:internal/process/task_queues:105:5)'[39m
  },
  context: { operation: [32m'test'[39m, timestamp: [35m2025-11-20T08:05:19.018Z[39m },
  severity: [32m'critical'[39m,
  timestamp: [35m2025-11-20T08:05:19.018Z[39m
}

stderr | src/app/core/services/ai/ai-messaging.service.spec.ts > AIMessagingService > Error Handling > should handle disambiguation errors
MEDIUM Error in disambiguation: Test {
  error: {
    name: [32m'Error'[39m,
    message: [32m'Test'[39m,
    stack: [32m'Error: Test\n'[39m +
      [32m'    at /home/user/shoplisl/src/app/core/services/ai/ai-messaging.service.spec.ts:383:56\n'[39m +
      [32m'    at file:///home/user/shoplisl/node_modules/@vitest/runner/dist/chunk-hooks.js:155:11\n'[39m +
      [32m'    at file:///home/user/shoplisl/node_modules/@vitest/runner/dist/chunk-hooks.js:752:26\n'[39m +
      [32m'    at file:///home/user/shoplisl/node_modules/@vitest/runner/dist/chunk-hooks.js:1897:20\n'[39m +
      [32m'    at new ZoneAwarePromise (/home/user/shoplisl/node_modules/zone.js/fesm2015/zone.js:2701:25)\n'[39m +
      [32m'    at runWithTimeout (file:///home/user/shoplisl/node_modules/@vitest/runner/dist/chunk-hooks.js:1863:10)\n'[39m +
      [32m'    at runTest (file:///home/user/shoplisl/node_modules/@vitest/runner/dist/chunk-hooks.js:1574:12)\n'[39m +
      [32m'    at processTicksAndRejections (node:internal/process/task_queues:105:5)'[39m
  },
  context: {
    operation: [32m'disambiguation'[39m,
    input: { itemName: [32m'Milch'[39m },
    timestamp: [35m2025-11-20T08:05:19.020Z[39m
  },
  severity: [32m'medium'[39m,
  timestamp: [35m2025-11-20T08:05:19.020Z[39m
}

stderr | src/app/core/services/ai/ai-messaging.service.spec.ts > AIMessagingService > Error Handling > should handle multi-item errors
MEDIUM Error in multi_item_processing: Test {
  error: {
    name: [32m'Error'[39m,
    message: [32m'Test'[39m,
    stack: [32m'Error: Test\n'[39m +
      [32m'    at /home/user/shoplisl/src/app/core/services/ai/ai-messaging.service.spec.ts:390:51\n'[39m +
      [32m'    at file:///home/user/shoplisl/node_modules/@vitest/runner/dist/chunk-hooks.js:155:11\n'[39m +
      [32m'    at file:///home/user/shoplisl/node_modules/@vitest/runner/dist/chunk-hooks.js:752:26\n'[39m +
      [32m'    at file:///home/user/shoplisl/node_modules/@vitest/runner/dist/chunk-hooks.js:1897:20\n'[39m +
      [32m'    at new ZoneAwarePromise (/home/user/shoplisl/node_modules/zone.js/fesm2015/zone.js:2701:25)\n'[39m +
      [32m'    at runWithTimeout (file:///home/user/shoplisl/node_modules/@vitest/runner/dist/chunk-hooks.js:1863:10)\n'[39m +
      [32m'    at runTest (file:///home/user/shoplisl/node_modules/@vitest/runner/dist/chunk-hooks.js:1574:12)\n'[39m +
      [32m'    at processTicksAndRejections (node:internal/process/task_queues:105:5)'[39m
  },
  context: {
    operation: [32m'multi_item_processing'[39m,
    input: { items: [36m[Array][39m, currentIndex: [33m1[39m },
    metadata: { totalItems: [33m2[39m },
    timestamp: [35m2025-11-20T08:05:19.021Z[39m
  },
  severity: [32m'medium'[39m,
  timestamp: [35m2025-11-20T08:05:19.021Z[39m
}

stderr | src/app/core/services/ai/ai-messaging.service.spec.ts > AIMessagingService > Error Handling > should handle list operation errors
MEDIUM Error in list_create: Test {
  error: {
    name: [32m'Error'[39m,
    message: [32m'Test'[39m,
    stack: [32m'Error: Test\n'[39m +
      [32m'    at /home/user/shoplisl/src/app/core/services/ai/ai-messaging.service.spec.ts:396:55\n'[39m +
      [32m'    at file:///home/user/shoplisl/node_modules/@vitest/runner/dist/chunk-hooks.js:155:11\n'[39m +
      [32m'    at file:///home/user/shoplisl/node_modules/@vitest/runner/dist/chunk-hooks.js:752:26\n'[39m +
      [32m'    at file:///home/user/shoplisl/node_modules/@vitest/runner/dist/chunk-hooks.js:1897:20\n'[39m +
      [32m'    at new ZoneAwarePromise (/home/user/shoplisl/node_modules/zone.js/fesm2015/zone.js:2701:25)\n'[39m +
      [32m'    at runWithTimeout (file:///home/user/shoplisl/node_modules/@vitest/runner/dist/chunk-hooks.js:1863:10)\n'[39m +
      [32m'    at runTest (file:///home/user/shoplisl/node_modules/@vitest/runner/dist/chunk-hooks.js:1574:12)\n'[39m +
      [32m'    at processTicksAndRejections (node:internal/process/task_queues:105:5)'[39m
  },
  context: {
    operation: [32m'list_create'[39m,
    input: { listId: [32m'list-1'[39m },
    timestamp: [35m2025-11-20T08:05:19.022Z[39m
  },
  severity: [32m'medium'[39m,
  timestamp: [35m2025-11-20T08:05:19.022Z[39m
}

stderr | src/app/core/services/ai/ai-messaging.service.spec.ts > AIMessagingService > Error Handling > should handle API errors
MEDIUM Error in api_call: Network error {
  error: {
    name: [32m'Error'[39m,
    message: [32m'Network error'[39m,
    stack: [32m'Error: Network error\n'[39m +
      [32m'    at /home/user/shoplisl/src/app/core/services/ai/ai-messaging.service.spec.ts:402:45\n'[39m +
      [32m'    at file:///home/user/shoplisl/node_modules/@vitest/runner/dist/chunk-hooks.js:155:11\n'[39m +
      [32m'    at file:///home/user/shoplisl/node_modules/@vitest/runner/dist/chunk-hooks.js:752:26\n'[39m +
      [32m'    at file:///home/user/shoplisl/node_modules/@vitest/runner/dist/chunk-hooks.js:1897:20\n'[39m +
      [32m'    at new ZoneAwarePromise (/home/user/shoplisl/node_modules/zone.js/fesm2015/zone.js:2701:25)\n'[39m +
      [32m'    at runWithTimeout (file:///home/user/shoplisl/node_modules/@vitest/runner/dist/chunk-hooks.js:1863:10)\n'[39m +
      [32m'    at runTest (file:///home/user/shoplisl/node_modules/@vitest/runner/dist/chunk-hooks.js:1574:12)\n'[39m +
      [32m'    at processTicksAndRejections (node:internal/process/task_queues:105:5)'[39m
  },
  context: {
    operation: [32m'api_call'[39m,
    input: { endpoint: [32m'/api/test'[39m },
    timestamp: [35m2025-11-20T08:05:19.023Z[39m
  },
  severity: [32m'medium'[39m,
  timestamp: [35m2025-11-20T08:05:19.024Z[39m
}

stdout | src/app/core/services/ai/quantity-extraction.service.spec.ts > QuantityExtractionService > Quantity Patterns > should handle "Artikel Menge Amount" format (Milch Menge 1l)
🔍 QUANTITY EXTRACTION INPUT: Milch Menge 1l
🔍 CLEANED INPUT: Milch Menge 1l
🔍 MATCHED PATTERN item_menge_amount: [
  [32m'Milch Menge 1l'[39m,
  [32m'Milch'[39m,
  [32m'1l'[39m,
  index: [33m0[39m,
  input: [32m'Milch Menge 1l'[39m,
  groups: [90mundefined[39m
]
🔍 EXTRACTED: { itemName: [32m'Milch'[39m, quantity: [32m'1l'[39m, originalInput: [32m'Milch Menge 1l'[39m }

stdout | src/app/core/services/ai/quantity-extraction.service.spec.ts > QuantityExtractionService > Special Characters in Article Names > should handle umlauts (Äpfel, Öl, Würstchen)
🔍 QUANTITY EXTRACTION INPUT: 2kg Äpfel
🔍 CLEANED INPUT: 2kg Äpfel
🔍 MATCHED PATTERN unit_start: [
  [32m'2kg Äpfel'[39m,
  [32m'2kg'[39m,
  [32m'Äpfel'[39m,
  index: [33m0[39m,
  input: [32m'2kg Äpfel'[39m,
  groups: [90mundefined[39m
]
🔍 EXTRACTED: { itemName: [32m'Äpfel'[39m, quantity: [32m'2kg'[39m, originalInput: [32m'2kg Äpfel'[39m }
🔍 QUANTITY EXTRACTION INPUT: 500ml Öl
🔍 CLEANED INPUT: 500ml Öl
🔍 MATCHED PATTERN unit_start: [
  [32m'500ml Öl'[39m,
  [32m'500ml'[39m,
  [32m'Öl'[39m,
  index: [33m0[39m,
  input: [32m'500ml Öl'[39m,
  groups: [90mundefined[39m
]
🔍 EXTRACTED: { itemName: [32m'Öl'[39m, quantity: [32m'500ml'[39m, originalInput: [32m'500ml Öl'[39m }
🔍 QUANTITY EXTRACTION INPUT: 3 Würstchen
🔍 CLEANED INPUT: 3 Würstchen
🔍 MATCHED PATTERN number_start: [
  [32m'3 Würstchen'[39m,
  [32m'3'[39m,
  [32m'Würstchen'[39m,
  index: [33m0[39m,
  input: [32m'3 Würstchen'[39m,
  groups: [90mundefined[39m
]
🔍 EXTRACTED: { itemName: [32m'Würstchen'[39m, quantity: [32m'3'[39m, originalInput: [32m'3 Würstchen'[39m }

stdout | src/app/core/services/ai/quantity-extraction.service.spec.ts > QuantityExtractionService > Special Characters in Article Names > should handle eszett ß (Soße)
🔍 QUANTITY EXTRACTION INPUT: 200g Soße
🔍 CLEANED INPUT: 200g Soße
🔍 MATCHED PATTERN unit_start: [
  [32m'200g Soße'[39m,
  [32m'200g'[39m,
  [32m'Soße'[39m,
  index: [33m0[39m,
  input: [32m'200g Soße'[39m,
  groups: [90mundefined[39m
]
🔍 EXTRACTED: { itemName: [32m'Soße'[39m, quantity: [32m'200g'[39m, originalInput: [32m'200g Soße'[39m }

stdout | src/app/core/services/ai/quantity-extraction.service.spec.ts > QuantityExtractionService > Special Characters in Article Names > should handle hyphen in names (Bio-Milch)
🔍 QUANTITY EXTRACTION INPUT: 1 Liter Bio-Milch
🔍 CLEANED INPUT: 1 Liter Bio-Milch
🔍 MATCHED PATTERN unit_start: [
  [32m'1 Liter Bio-Milch'[39m,
  [32m'1 Liter'[39m,
  [32m'Bio-Milch'[39m,
  index: [33m0[39m,
  input: [32m'1 Liter Bio-Milch'[39m,
  groups: [90mundefined[39m
]
🔍 EXTRACTED: {
  itemName: [32m'Bio-Milch'[39m,
  quantity: [32m'1 Liter'[39m,
  originalInput: [32m'1 Liter Bio-Milch'[39m
}

stdout | src/app/core/services/ai/quantity-extraction.service.spec.ts > QuantityExtractionService > Special Characters in Article Names > should handle comma in quantity (1,5kg Mehl)
🔍 QUANTITY EXTRACTION INPUT: 1,5kg Mehl
🔍 CLEANED INPUT: 1,5kg Mehl
🔍 MATCHED PATTERN unit_start: [
  [32m'1,5kg Mehl'[39m,
  [32m'1,5kg'[39m,
  [32m'Mehl'[39m,
  index: [33m0[39m,
  input: [32m'1,5kg Mehl'[39m,
  groups: [90mundefined[39m
]
🔍 EXTRACTED: { itemName: [32m'Mehl'[39m, quantity: [32m'1,5kg'[39m, originalInput: [32m'1,5kg Mehl'[39m }

stdout | src/app/core/services/ai/quantity-extraction.service.spec.ts > QuantityExtractionService > Special Characters in Article Names > should handle period in article name (Milch 3.5%)
🔍 QUANTITY EXTRACTION INPUT: 1 Liter Milch 3.5%
🔍 CLEANED INPUT: 1 Liter Milch 3.5%
🔍 MATCHED PATTERN unit_start: [
  [32m'1 Liter Milch 3.5%'[39m,
  [32m'1 Liter'[39m,
  [32m'Milch 3.5%'[39m,
  index: [33m0[39m,
  input: [32m'1 Liter Milch 3.5%'[39m,
  groups: [90mundefined[39m
]
🔍 EXTRACTED: {
  itemName: [32m'Milch 3.5%'[39m,
  quantity: [32m'1 Liter'[39m,
  originalInput: [32m'1 Liter Milch 3.5%'[39m
}

stdout | src/app/core/services/ai/quantity-extraction.service.spec.ts > QuantityExtractionService > Special Characters in Article Names > should handle colon in article name (Äpfel: Granny Smith)
🔍 QUANTITY EXTRACTION INPUT: 2kg Äpfel: Granny Smith
🔍 CLEANED INPUT: 2kg Äpfel: Granny Smith
🔍 MATCHED PATTERN unit_start: [
  [32m'2kg Äpfel: Granny Smith'[39m,
  [32m'2kg'[39m,
  [32m'Äpfel: Granny Smith'[39m,
  index: [33m0[39m,
  input: [32m'2kg Äpfel: Granny Smith'[39m,
  groups: [90mundefined[39m
]
🔍 EXTRACTED: {
  itemName: [32m'Äpfel: Granny Smith'[39m,
  quantity: [32m'2kg'[39m,
  originalInput: [32m'2kg Äpfel: Granny Smith'[39m
}

stdout | src/app/core/services/ai/quantity-extraction.service.spec.ts > QuantityExtractionService > Special Characters in Article Names > should handle underscore in article names
🔍 QUANTITY EXTRACTION INPUT: 1kg Test_Artikel
🔍 CLEANED INPUT: 1kg Test_Artikel
🔍 MATCHED PATTERN unit_start: [
  [32m'1kg Test_Artikel'[39m,
  [32m'1kg'[39m,
  [32m'Test_Artikel'[39m,
  index: [33m0[39m,
  input: [32m'1kg Test_Artikel'[39m,
  groups: [90mundefined[39m
]
🔍 EXTRACTED: {
  itemName: [32m'Test_Artikel'[39m,
  quantity: [32m'1kg'[39m,
  originalInput: [32m'1kg Test_Artikel'[39m
}

stdout | src/app/core/services/ai/quantity-extraction.service.spec.ts > QuantityExtractionService > Multi-Item Parsing > should parse comma-separated items (Milch, Brot, Butter)
🔍 SPLITTING COMMA ITEMS: Milch, Brot, Butter
🔍 Found commas - analyzing for decimal vs separator commas
🔍 Comma at 5: "h, " - SEPARATOR
🔍 Comma at 11: "t, " - SEPARATOR
🔍 SMART COMMA SPLIT RESULT: [ [32m'Milch'[39m, [32m'Brot'[39m, [32m'Butter'[39m ]
🔍 QUANTITY EXTRACTION INPUT: Milch
🔍 CLEANED INPUT: Milch
🔍 NO QUANTITY PATTERN MATCHED, RETURNING CLEANED INPUT: Milch
🔍 QUANTITY EXTRACTION INPUT: Brot
🔍 CLEANED INPUT: Brot
🔍 NO QUANTITY PATTERN MATCHED, RETURNING CLEANED INPUT: Brot
🔍 QUANTITY EXTRACTION INPUT: Butter
🔍 CLEANED INPUT: Butter
🔍 NO QUANTITY PATTERN MATCHED, RETURNING CLEANED INPUT: Butter

stdout | src/app/core/services/ai/quantity-extraction.service.spec.ts > QuantityExtractionService > Multi-Item Parsing > should parse semicolon-separated items (500g Mehl; 2 Eier; 400ml Milch)
🔍 SPLITTING COMMA ITEMS: 500g Mehl; 2 Eier; 400ml Milch
🔍 Found semicolons - using semicolon splitting
🔍 SEMICOLON SPLIT RESULT: [ [32m'500g Mehl'[39m, [32m'2 Eier'[39m, [32m'400ml Milch'[39m ]
🔍 QUANTITY EXTRACTION INPUT: 500g Mehl
🔍 CLEANED INPUT: 500g Mehl
🔍 MATCHED PATTERN unit_start: [
  [32m'500g Mehl'[39m,
  [32m'500g'[39m,
  [32m'Mehl'[39m,
  index: [33m0[39m,
  input: [32m'500g Mehl'[39m,
  groups: [90mundefined[39m
]
🔍 EXTRACTED: { itemName: [32m'Mehl'[39m, quantity: [32m'500g'[39m, originalInput: [32m'500g Mehl'[39m }
🔍 QUANTITY EXTRACTION INPUT: 2 Eier
🔍 CLEANED INPUT: 2 Eier
🔍 MATCHED PATTERN number_start: [ [32m'2 Eier'[39m, [32m'2'[39m, [32m'Eier'[39m, index: [33m0[39m, input: [32m'2 Eier'[39m, groups: [90mundefined[39m ]
🔍 EXTRACTED: { itemName: [32m'Eier'[39m, quantity: [32m'2'[39m, originalInput: [32m'2 Eier'[39m }
🔍 QUANTITY EXTRACTION INPUT: 400ml Milch
🔍 CLEANED INPUT: 400ml Milch
🔍 MATCHED PATTERN unit_start: [
  [32m'400ml Milch'[39m,
  [32m'400ml'[39m,
  [32m'Milch'[39m,
  index: [33m0[39m,
  input: [32m'400ml Milch'[39m,
  groups: [90mundefined[39m
]
🔍 EXTRACTED: { itemName: [32m'Milch'[39m, quantity: [32m'400ml'[39m, originalInput: [32m'400ml Milch'[39m }

stdout | src/app/core/services/ai/quantity-extraction.service.spec.ts > QuantityExtractionService > Multi-Item Parsing > should preserve decimal comma in quantities (0,5kg Mehl, 1,5 Liter Milch)
🔍 SPLITTING COMMA ITEMS: 0,5kg Mehl, 1,5 Liter Milch
🔍 Found commas - analyzing for decimal vs separator commas
🔍 Comma at 1: "0,5" - DECIMAL
🔍 Comma at 10: "l, " - SEPARATOR
🔍 Comma at 13: "1,5" - DECIMAL
🔍 SMART COMMA SPLIT RESULT: [ [32m'0,5kg Mehl'[39m, [32m'1,5 Liter Milch'[39m ]
🔍 QUANTITY EXTRACTION INPUT: 0,5kg Mehl
🔍 CLEANED INPUT: 0,5kg Mehl
🔍 MATCHED PATTERN unit_start: [
  [32m'0,5kg Mehl'[39m,
  [32m'0,5kg'[39m,
  [32m'Mehl'[39m,
  index: [33m0[39m,
  input: [32m'0,5kg Mehl'[39m,
  groups: [90mundefined[39m
]
🔍 EXTRACTED: { itemName: [32m'Mehl'[39m, quantity: [32m'0,5kg'[39m, originalInput: [32m'0,5kg Mehl'[39m }
🔍 QUANTITY EXTRACTION INPUT: 1,5 Liter Milch
🔍 CLEANED INPUT: 1,5 Liter Milch
🔍 MATCHED PATTERN unit_start: [
  [32m'1,5 Liter Milch'[39m,
  [32m'1,5 Liter'[39m,
  [32m'Milch'[39m,
  index: [33m0[39m,
  input: [32m'1,5 Liter Milch'[39m,
  groups: [90mundefined[39m
]
🔍 EXTRACTED: {
  itemName: [32m'Milch'[39m,
  quantity: [32m'1,5 Liter'[39m,
  originalInput: [32m'1,5 Liter Milch'[39m
}

stdout | src/app/core/services/ai/quantity-extraction.service.spec.ts > QuantityExtractionService > Multi-Item Parsing > should distinguish decimal comma from separator comma
🔍 SPLITTING COMMA ITEMS: 0,5kg Mehl, 2 Eier, 1,5l Milch
🔍 Found commas - analyzing for decimal vs separator commas
🔍 Comma at 1: "0,5" - DECIMAL
🔍 Comma at 10: "l, " - SEPARATOR
🔍 Comma at 18: "r, " - SEPARATOR
🔍 Comma at 21: "1,5" - DECIMAL
🔍 SMART COMMA SPLIT RESULT: [ [32m'0,5kg Mehl'[39m, [32m'2 Eier'[39m, [32m'1,5l Milch'[39m ]
🔍 QUANTITY EXTRACTION INPUT: 0,5kg Mehl
🔍 CLEANED INPUT: 0,5kg Mehl
🔍 MATCHED PATTERN unit_start: [
  [32m'0,5kg Mehl'[39m,
  [32m'0,5kg'[39m,
  [32m'Mehl'[39m,
  index: [33m0[39m,
  input: [32m'0,5kg Mehl'[39m,
  groups: [90mundefined[39m
]
🔍 EXTRACTED: { itemName: [32m'Mehl'[39m, quantity: [32m'0,5kg'[39m, originalInput: [32m'0,5kg Mehl'[39m }
🔍 QUANTITY EXTRACTION INPUT: 2 Eier
🔍 CLEANED INPUT: 2 Eier
🔍 MATCHED PATTERN number_start: [ [32m'2 Eier'[39m, [32m'2'[39m, [32m'Eier'[39m, index: [33m0[39m, input: [32m'2 Eier'[39m, groups: [90mundefined[39m ]
🔍 EXTRACTED: { itemName: [32m'Eier'[39m, quantity: [32m'2'[39m, originalInput: [32m'2 Eier'[39m }
🔍 QUANTITY EXTRACTION INPUT: 1,5l Milch
🔍 CLEANED INPUT: 1,5l Milch
🔍 MATCHED PATTERN unit_start: [
  [32m'1,5l Milch'[39m,
  [32m'1,5l'[39m,
  [32m'Milch'[39m,
  index: [33m0[39m,
  input: [32m'1,5l Milch'[39m,
  groups: [90mundefined[39m
]
🔍 EXTRACTED: { itemName: [32m'Milch'[39m, quantity: [32m'1,5l'[39m, originalInput: [32m'1,5l Milch'[39m }

stdout | src/app/core/services/ai/quantity-extraction.service.spec.ts > QuantityExtractionService > Multi-Item Parsing > should handle "und" conjunction (Milch und Brot)
🔍 QUANTITY EXTRACTION INPUT: Milch
🔍 CLEANED INPUT: Milch
🔍 NO QUANTITY PATTERN MATCHED, RETURNING CLEANED INPUT: Milch
🔍 QUANTITY EXTRACTION INPUT: Brot
🔍 CLEANED INPUT: Brot
🔍 NO QUANTITY PATTERN MATCHED, RETURNING CLEANED INPUT: Brot

stdout | src/app/core/services/ai/quantity-extraction.service.spec.ts > QuantityExtractionService > Multi-Item Parsing > should handle mixed separators and conjunctions (Milch, Brot und Butter)
🔍 SPLITTING COMMA ITEMS: Milch, Brot und Butter
🔍 Found commas - analyzing for decimal vs separator commas
🔍 Comma at 5: "h, " - SEPARATOR
🔍 SMART COMMA SPLIT RESULT: [ [32m'Milch'[39m, [32m'Brot und Butter'[39m ]
🔍 QUANTITY EXTRACTION INPUT: Milch
🔍 CLEANED INPUT: Milch
🔍 NO QUANTITY PATTERN MATCHED, RETURNING CLEANED INPUT: Milch
🔍 QUANTITY EXTRACTION INPUT: Brot
🔍 CLEANED INPUT: Brot
🔍 NO QUANTITY PATTERN MATCHED, RETURNING CLEANED INPUT: Brot
🔍 QUANTITY EXTRACTION INPUT: Butter
🔍 CLEANED INPUT: Butter
🔍 NO QUANTITY PATTERN MATCHED, RETURNING CLEANED INPUT: Butter

stdout | src/app/core/services/ai/quantity-extraction.service.spec.ts > QuantityExtractionService > Multi-Item Parsing > should extract quantities from each item in multi-item input
🔍 SPLITTING COMMA ITEMS: 2kg Mehl, 3 Eier, 500ml Milch
🔍 Found commas - analyzing for decimal vs separator commas
🔍 Comma at 8: "l, " - SEPARATOR
🔍 Comma at 16: "r, " - SEPARATOR
🔍 SMART COMMA SPLIT RESULT: [ [32m'2kg Mehl'[39m, [32m'3 Eier'[39m, [32m'500ml Milch'[39m ]
🔍 QUANTITY EXTRACTION INPUT: 2kg Mehl
🔍 CLEANED INPUT: 2kg Mehl
🔍 MATCHED PATTERN unit_start: [
  [32m'2kg Mehl'[39m,
  [32m'2kg'[39m,
  [32m'Mehl'[39m,
  index: [33m0[39m,
  input: [32m'2kg Mehl'[39m,
  groups: [90mundefined[39m
]
🔍 EXTRACTED: { itemName: [32m'Mehl'[39m, quantity: [32m'2kg'[39m, originalInput: [32m'2kg Mehl'[39m }
🔍 QUANTITY EXTRACTION INPUT: 3 Eier
🔍 CLEANED INPUT: 3 Eier
🔍 MATCHED PATTERN number_start: [ [32m'3 Eier'[39m, [32m'3'[39m, [32m'Eier'[39m, index: [33m0[39m, input: [32m'3 Eier'[39m, groups: [90mundefined[39m ]
🔍 EXTRACTED: { itemName: [32m'Eier'[39m, quantity: [32m'3'[39m, originalInput: [32m'3 Eier'[39m }
🔍 QUANTITY EXTRACTION INPUT: 500ml Milch
🔍 CLEANED INPUT: 500ml Milch
🔍 MATCHED PATTERN unit_start: [
  [32m'500ml Milch'[39m,
  [32m'500ml'[39m,
  [32m'Milch'[39m,
  index: [33m0[39m,
  input: [32m'500ml Milch'[39m,
  groups: [90mundefined[39m
]
🔍 EXTRACTED: { itemName: [32m'Milch'[39m, quantity: [32m'500ml'[39m, originalInput: [32m'500ml Milch'[39m }

stdout | src/app/core/services/ai/quantity-extraction.service.spec.ts > QuantityExtractionService > Multi-Item Parsing > should handle text numbers in multi-item input
🔍 SPLITTING COMMA ITEMS: zwei kg Mehl, drei Eier, ein Liter Milch
🔍 Found commas - analyzing for decimal vs separator commas
🔍 Comma at 12: "l, " - SEPARATOR
🔍 Comma at 23: "r, " - SEPARATOR
🔍 SMART COMMA SPLIT RESULT: [ [32m'zwei kg Mehl'[39m, [32m'drei Eier'[39m, [32m'ein Liter Milch'[39m ]
🔍 QUANTITY EXTRACTION INPUT: zwei kg Mehl
🔍 CLEANED INPUT: zwei kg Mehl
🔍 MATCHED PATTERN text_unit_item: [
  [32m'zwei kg Mehl'[39m,
  [32m'zwei'[39m,
  [32m'kg'[39m,
  [32m'Mehl'[39m,
  index: [33m0[39m,
  input: [32m'zwei kg Mehl'[39m,
  groups: [90mundefined[39m
]
🔍 EXTRACTED: { itemName: [32m'Mehl'[39m, quantity: [32m'2 kg'[39m, originalInput: [32m'zwei kg Mehl'[39m }
🔍 QUANTITY EXTRACTION INPUT: drei Eier
🔍 CLEANED INPUT: drei Eier
🔍 MATCHED PATTERN text_item: [
  [32m'drei Eier'[39m,
  [32m'drei'[39m,
  [32m'Eier'[39m,
  index: [33m0[39m,
  input: [32m'drei Eier'[39m,
  groups: [90mundefined[39m
]
🔍 EXTRACTED: { itemName: [32m'Eier'[39m, quantity: [32m'3'[39m, originalInput: [32m'drei Eier'[39m }
🔍 QUANTITY EXTRACTION INPUT: ein Liter Milch
🔍 CLEANED INPUT: ein Liter Milch
🔍 MATCHED PATTERN text_unit_item: [
  [32m'ein Liter Milch'[39m,
  [32m'ein'[39m,
  [32m'Liter'[39m,
  [32m'Milch'[39m,
  index: [33m0[39m,
  input: [32m'ein Liter Milch'[39m,
  groups: [90mundefined[39m
]
🔍 EXTRACTED: {
  itemName: [32m'Milch'[39m,
  quantity: [32m'1 Liter'[39m,
  originalInput: [32m'ein Liter Milch'[39m
}

stdout | src/app/core/services/ai/quantity-extraction.service.spec.ts > QuantityExtractionService > Edge Cases > should handle empty input
🔍 QUANTITY EXTRACTION INPUT: 
🔍 CLEANED INPUT: 
🔍 NO QUANTITY PATTERN MATCHED, RETURNING CLEANED INPUT: 

stdout | src/app/core/services/ai/quantity-extraction.service.spec.ts > QuantityExtractionService > Edge Cases > should handle whitespace-only input
🔍 QUANTITY EXTRACTION INPUT:    
🔍 CLEANED INPUT: 
🔍 NO QUANTITY PATTERN MATCHED, RETURNING CLEANED INPUT: 

stdout | src/app/core/services/ai/quantity-extraction.service.spec.ts > QuantityExtractionService > Edge Cases > should handle input without quantity (just article name)
🔍 QUANTITY EXTRACTION INPUT: Milch
🔍 CLEANED INPUT: Milch
🔍 NO QUANTITY PATTERN MATCHED, RETURNING CLEANED INPUT: Milch

stdout | src/app/shared/components/voice-ai-assistant/services/voice-output.service.spec.ts > VoiceOutputService > Speaking Functionality > should handle empty text after cleaning
🔊 Speech cancelled

stderr | src/app/shared/components/voice-ai-assistant/services/voice-output.service.spec.ts > VoiceOutputService > Speaking Functionality > should handle empty text after cleaning
No text to speak after cleaning

stdout | src/app/shared/components/voice-ai-assistant/services/voice-output.service.spec.ts > VoiceOutputService > Speaking Functionality > should cancel existing speech before speaking
🔊 Speech cancelled

stdout | src/app/shared/components/voice-ai-assistant/services/voice-output.service.spec.ts > VoiceOutputService > Speaking Functionality > should cancel existing speech before speaking
🔊 Speech started: Test

stdout | src/app/shared/components/voice-ai-assistant/services/voice-output.service.spec.ts > VoiceOutputService > Text Cleaning > should remove common emojis
🔊 Speech cancelled

stdout | src/app/shared/components/voice-ai-assistant/services/voice-output.service.spec.ts > VoiceOutputService > Text Cleaning > should remove common emojis
🔊 Speech started: Success  Error  Target

stdout | src/app/shared/components/voice-ai-assistant/services/voice-output.service.spec.ts > VoiceOutputService > Text Cleaning > should take only first line
🔊 Speech cancelled

stdout | src/app/shared/components/voice-ai-assistant/services/voice-output.service.spec.ts > VoiceOutputService > Text Cleaning > should take only first line
🔊 Speech started: First line

stdout | src/app/shared/components/voice-ai-assistant/services/voice-output.service.spec.ts > VoiceOutputService > Text Cleaning > should trim whitespace
🔊 Speech cancelled

stdout | src/app/shared/components/voice-ai-assistant/services/voice-output.service.spec.ts > VoiceOutputService > Text Cleaning > should trim whitespace
🔊 Speech started: Test message

stdout | src/app/shared/components/voice-ai-assistant/services/voice-output.service.spec.ts > VoiceOutputService > Text Cleaning > should handle text with multiple spaces
🔊 Speech cancelled

stdout | src/app/shared/components/voice-ai-assistant/services/voice-output.service.spec.ts > VoiceOutputService > Text Cleaning > should handle text with multiple spaces
🔊 Speech started: Multiple    spaces

stdout | src/app/shared/components/voice-ai-assistant/services/voice-output.service.spec.ts > VoiceOutputService > Cancel Functionality > should cancel ongoing speech
🔊 Speech cancelled

stdout | src/app/shared/components/voice-ai-assistant/services/voice-output.service.spec.ts > VoiceOutputService > Cancel Functionality > should update speaking state when cancelled
🔊 Speech cancelled

stdout | src/app/shared/components/voice-ai-assistant/services/voice-output.service.spec.ts > VoiceOutputService > Cancel Functionality > should update speaking state when cancelled
🔊 Speech started: Test

stdout | src/app/core/services/ai/ai-messaging.service.spec.ts > AIMessagingService > Validation > should validate required fields
LOW Error in test: testField ist erforderlich {
  error: {
    name: [32m'Error'[39m,
    message: [32m'testField ist erforderlich'[39m,
    stack: [32m'Error: testField ist erforderlich\n'[39m +
      [32m'    at AIMessagingService.validateInput (/home/user/shoplisl/src/app/core/services/ai/ai-messaging.service.ts:720:23)\n'[39m +
      [32m'    at /home/user/shoplisl/src/app/core/services/ai/ai-messaging.service.spec.ts:421:17\n'[39m +
      [32m'    at Proxy.assertThrows (file:///home/user/shoplisl/node_modules/chai/index.js:2767:5)\n'[39m +
      [32m'    at Proxy.methodWrapper (file:///home/user/shoplisl/node_modules/chai/index.js:1686:25)\n'[39m +
      [32m'    at Proxy.<anonymous> (file:///home/user/shoplisl/node_modules/@vitest/expect/dist/index.js:1088:12)\n'[39m +
      [32m'    at Proxy.overwritingMethodWrapper (file:///home/user/shoplisl/node_modules/chai/index.js:1735:33)\n'[39m +
      [32m'    at Proxy.<anonymous> (file:///home/user/shoplisl/node_modules/@vitest/expect/dist/index.js:1420:16)\n'[39m +
      [32m'    at Proxy.<anonymous> (file:///home/user/shoplisl/node_modules/@vitest/expect/dist/index.js:1029:14)\n'[39m +
      [32m'    at Proxy.methodWrapper (file:///home/user/shoplisl/node_modules/chai/index.js:1686:25)\n'[39m +
      [32m'    at /home/user/shoplisl/src/app/core/services/ai/ai-messaging.service.spec.ts:422:10'[39m
  },
  context: { operation: [32m'test'[39m, timestamp: [35m2025-11-20T08:05:19.024Z[39m },
  severity: [32m'low'[39m,
  timestamp: [35m2025-11-20T08:05:19.033Z[39m
}

stdout | src/app/core/services/ai/ai-messaging.service.spec.ts > AIMessagingService > Validation > should validate string length
LOW Error in test: testField muss mindestens 5 Zeichen lang sein {
  error: {
    name: [32m'Error'[39m,
    message: [32m'testField muss mindestens 5 Zeichen lang sein'[39m,
    stack: [32m'Error: testField muss mindestens 5 Zeichen lang sein\n'[39m +
      [32m'    at AIMessagingService.validateInput (/home/user/shoplisl/src/app/core/services/ai/ai-messaging.service.ts:720:23)\n'[39m +
      [32m'    at /home/user/shoplisl/src/app/core/services/ai/ai-messaging.service.spec.ts:439:17\n'[39m +
      [32m'    at Proxy.assertThrows (file:///home/user/shoplisl/node_modules/chai/index.js:2767:5)\n'[39m +
      [32m'    at Proxy.methodWrapper (file:///home/user/shoplisl/node_modules/chai/index.js:1686:25)\n'[39m +
      [32m'    at Proxy.<anonymous> (file:///home/user/shoplisl/node_modules/@vitest/expect/dist/index.js:1088:12)\n'[39m +
      [32m'    at Proxy.overwritingMethodWrapper (file:///home/user/shoplisl/node_modules/chai/index.js:1735:33)\n'[39m +
      [32m'    at Proxy.<anonymous> (file:///home/user/shoplisl/node_modules/@vitest/expect/dist/index.js:1420:16)\n'[39m +
      [32m'    at Proxy.<anonymous> (file:///home/user/shoplisl/node_modules/@vitest/expect/dist/index.js:1029:14)\n'[39m +
      [32m'    at Proxy.methodWrapper (file:///home/user/shoplisl/node_modules/chai/index.js:1686:25)\n'[39m +
      [32m'    at /home/user/shoplisl/src/app/core/services/ai/ai-messaging.service.spec.ts:440:10'[39m
  },
  context: { operation: [32m'test'[39m, timestamp: [35m2025-11-20T08:05:19.035Z[39m },
  severity: [32m'low'[39m,
  timestamp: [35m2025-11-20T08:05:19.035Z[39m
}
LOW Error in test: testField darf maximal 10 Zeichen lang sein {
  error: {
    name: [32m'Error'[39m,
    message: [32m'testField darf maximal 10 Zeichen lang sein'[39m,
    stack: [32m'Error: testField darf maximal 10 Zeichen lang sein\n'[39m +
      [32m'    at AIMessagingService.validateInput (/home/user/shoplisl/src/app/core/services/ai/ai-messaging.service.ts:720:23)\n'[39m +
      [32m'    at /home/user/shoplisl/src/app/core/services/ai/ai-messaging.service.spec.ts:443:17\n'[39m +
      [32m'    at Proxy.assertThrows (file:///home/user/shoplisl/node_modules/chai/index.js:2767:5)\n'[39m +
      [32m'    at Proxy.methodWrapper (file:///home/user/shoplisl/node_modules/chai/index.js:1686:25)\n'[39m +
      [32m'    at Proxy.<anonymous> (file:///home/user/shoplisl/node_modules/@vitest/expect/dist/index.js:1088:12)\n'[39m +
      [32m'    at Proxy.overwritingMethodWrapper (file:///home/user/shoplisl/node_modules/chai/index.js:1735:33)\n'[39m +
      [32m'    at Proxy.<anonymous> (file:///home/user/shoplisl/node_modules/@vitest/expect/dist/index.js:1420:16)\n'[39m +
      [32m'    at Proxy.<anonymous> (file:///home/user/shoplisl/node_modules/@vitest/expect/dist/index.js:1029:14)\n'[39m +
      [32m'    at Proxy.methodWrapper (file:///home/user/shoplisl/node_modules/chai/index.js:1686:25)\n'[39m +
      [32m'    at /home/user/shoplisl/src/app/core/services/ai/ai-messaging.service.spec.ts:444:10'[39m
  },
  context: { operation: [32m'test'[39m, timestamp: [35m2025-11-20T08:05:19.035Z[39m },
  severity: [32m'low'[39m,
  timestamp: [35m2025-11-20T08:05:19.036Z[39m
}

stdout | src/app/core/services/ai/ai-messaging.service.spec.ts > AIMessagingService > Validation > should validate arrays
LOW Error in test: testField muss ein Array sein {
  error: {
    name: [32m'Error'[39m,
    message: [32m'testField muss ein Array sein'[39m,
    stack: [32m'Error: testField muss ein Array sein\n'[39m +
      [32m'    at AIMessagingService.validateInput (/home/user/shoplisl/src/app/core/services/ai/ai-messaging.service.ts:720:23)\n'[39m +
      [32m'    at /home/user/shoplisl/src/app/core/services/ai/ai-messaging.service.spec.ts:461:17\n'[39m +
      [32m'    at Proxy.assertThrows (file:///home/user/shoplisl/node_modules/chai/index.js:2767:5)\n'[39m +
      [32m'    at Proxy.methodWrapper (file:///home/user/shoplisl/node_modules/chai/index.js:1686:25)\n'[39m +
      [32m'    at Proxy.<anonymous> (file:///home/user/shoplisl/node_modules/@vitest/expect/dist/index.js:1088:12)\n'[39m +
      [32m'    at Proxy.overwritingMethodWrapper (file:///home/user/shoplisl/node_modules/chai/index.js:1735:33)\n'[39m +
      [32m'    at Proxy.<anonymous> (file:///home/user/shoplisl/node_modules/@vitest/expect/dist/index.js:1420:16)\n'[39m +
      [32m'    at Proxy.<anonymous> (file:///home/user/shoplisl/node_modules/@vitest/expect/dist/index.js:1029:14)\n'[39m +
      [32m'    at Proxy.methodWrapper (file:///home/user/shoplisl/node_modules/chai/index.js:1686:25)\n'[39m +
      [32m'    at /home/user/shoplisl/src/app/core/services/ai/ai-messaging.service.spec.ts:462:10'[39m
  },
  context: { operation: [32m'test'[39m, timestamp: [35m2025-11-20T08:05:19.037Z[39m },
  severity: [32m'low'[39m,
  timestamp: [35m2025-11-20T08:05:19.037Z[39m
}
LOW Error in test: testField darf nicht leer sein {
  error: {
    name: [32m'Error'[39m,
    message: [32m'testField darf nicht leer sein'[39m,
    stack: [32m'Error: testField darf nicht leer sein\n'[39m +
      [32m'    at AIMessagingService.validateInput (/home/user/shoplisl/src/app/core/services/ai/ai-messaging.service.ts:720:23)\n'[39m +
      [32m'    at /home/user/shoplisl/src/app/core/services/ai/ai-messaging.service.spec.ts:465:17\n'[39m +
      [32m'    at Proxy.assertThrows (file:///home/user/shoplisl/node_modules/chai/index.js:2767:5)\n'[39m +
      [32m'    at Proxy.methodWrapper (file:///home/user/shoplisl/node_modules/chai/index.js:1686:25)\n'[39m +
      [32m'    at Proxy.<anonymous> (file:///home/user/shoplisl/node_modules/@vitest/expect/dist/index.js:1088:12)\n'[39m +
      [32m'    at Proxy.overwritingMethodWrapper (file:///home/user/shoplisl/node_modules/chai/index.js:1735:33)\n'[39m +
      [32m'    at Proxy.<anonymous> (file:///home/user/shoplisl/node_modules/@vitest/expect/dist/index.js:1420:16)\n'[39m +
      [32m'    at Proxy.<anonymous> (file:///home/user/shoplisl/node_modules/@vitest/expect/dist/index.js:1029:14)\n'[39m +
      [32m'    at Proxy.methodWrapper (file:///home/user/shoplisl/node_modules/chai/index.js:1686:25)\n'[39m +
      [32m'    at /home/user/shoplisl/src/app/core/services/ai/ai-messaging.service.spec.ts:466:10'[39m
  },
  context: { operation: [32m'test'[39m, timestamp: [35m2025-11-20T08:05:19.037Z[39m },
  severity: [32m'low'[39m,
  timestamp: [35m2025-11-20T08:05:19.038Z[39m
}

stdout | src/app/core/services/ai/ai-messaging.service.spec.ts > AIMessagingService > Validation > should validate IDs
LOW Error in test: testField muss eine gültige ID sein {
  error: {
    name: [32m'Error'[39m,
    message: [32m'testField muss eine gültige ID sein'[39m,
    stack: [32m'Error: testField muss eine gültige ID sein\n'[39m +
      [32m'    at AIMessagingService.validateInput (/home/user/shoplisl/src/app/core/services/ai/ai-messaging.service.ts:720:23)\n'[39m +
      [32m'    at /home/user/shoplisl/src/app/core/services/ai/ai-messaging.service.spec.ts:482:17\n'[39m +
      [32m'    at Proxy.assertThrows (file:///home/user/shoplisl/node_modules/chai/index.js:2767:5)\n'[39m +
      [32m'    at Proxy.methodWrapper (file:///home/user/shoplisl/node_modules/chai/index.js:1686:25)\n'[39m +
      [32m'    at Proxy.<anonymous> (file:///home/user/shoplisl/node_modules/@vitest/expect/dist/index.js:1088:12)\n'[39m +
      [32m'    at Proxy.overwritingMethodWrapper (file:///home/user/shoplisl/node_modules/chai/index.js:1735:33)\n'[39m +
      [32m'    at Proxy.<anonymous> (file:///home/user/shoplisl/node_modules/@vitest/expect/dist/index.js:1420:16)\n'[39m +
      [32m'    at Proxy.<anonymous> (file:///home/user/shoplisl/node_modules/@vitest/expect/dist/index.js:1029:14)\n'[39m +
      [32m'    at Proxy.methodWrapper (file:///home/user/shoplisl/node_modules/chai/index.js:1686:25)\n'[39m +
      [32m'    at /home/user/shoplisl/src/app/core/services/ai/ai-messaging.service.spec.ts:483:10'[39m
  },
  context: { operation: [32m'test'[39m, timestamp: [35m2025-11-20T08:05:19.039Z[39m },
  severity: [32m'low'[39m,
  timestamp: [35m2025-11-20T08:05:19.040Z[39m
}

stderr | src/app/core/services/ai/ai-messaging.service.spec.ts > AIMessagingService > Async Error Handling > should execute safely with fallback
Error: Test error
    at [90m/home/user/shoplisl/[39msrc/app/core/services/ai/ai-messaging.service.spec.ts:503:30
    at AIMessagingService.safeExecute [90m(/home/user/shoplisl/[39msrc/app/core/services/ai/ai-messaging.service.ts:648:20[90m)[39m
    at [90m/home/user/shoplisl/[39msrc/app/core/services/ai/ai-messaging.service.spec.ts:502:36
    at [90mfile:///home/user/shoplisl/[39mnode_modules/[4m@vitest/runner[24m/dist/chunk-hooks.js:155:11
    at [90mfile:///home/user/shoplisl/[39mnode_modules/[4m@vitest/runner[24m/dist/chunk-hooks.js:752:26
    at [90mfile:///home/user/shoplisl/[39mnode_modules/[4m@vitest/runner[24m/dist/chunk-hooks.js:1897:20
    at new ZoneAwarePromise [90m(/home/user/shoplisl/[39mnode_modules/[4mzone.js[24m/fesm2015/zone.js:2701:25[90m)[39m
    at runWithTimeout [90m(file:///home/user/shoplisl/[39mnode_modules/[4m@vitest/runner[24m/dist/chunk-hooks.js:1863:10[90m)[39m
    at runTest [90m(file:///home/user/shoplisl/[39mnode_modules/[4m@vitest/runner[24m/dist/chunk-hooks.js:1574:12[90m)[39m
[90m    at processTicksAndRejections (node:internal/process/task_queues:105:5)[39m

stderr | src/app/core/services/ai/ai-messaging.service.spec.ts > AIMessagingService > Async Error Handling > should execute safely with fallback
MEDIUM Error in test: Test error {
  error: {
    name: [32m'Error'[39m,
    message: [32m'Test error'[39m,
    stack: [32m'Error: Test error\n'[39m +
      [32m'    at /home/user/shoplisl/src/app/core/services/ai/ai-messaging.service.spec.ts:503:30\n'[39m +
      [32m'    at AIMessagingService.safeExecute (/home/user/shoplisl/src/app/core/services/ai/ai-messaging.service.ts:648:20)\n'[39m +
      [32m'    at /home/user/shoplisl/src/app/core/services/ai/ai-messaging.service.spec.ts:502:36\n'[39m +
      [32m'    at file:///home/user/shoplisl/node_modules/@vitest/runner/dist/chunk-hooks.js:155:11\n'[39m +
      [32m'    at file:///home/user/shoplisl/node_modules/@vitest/runner/dist/chunk-hooks.js:752:26\n'[39m +
      [32m'    at file:///home/user/shoplisl/node_modules/@vitest/runner/dist/chunk-hooks.js:1897:20\n'[39m +
      [32m'    at new ZoneAwarePromise (/home/user/shoplisl/node_modules/zone.js/fesm2015/zone.js:2701:25)\n'[39m +
      [32m'    at runWithTimeout (file:///home/user/shoplisl/node_modules/@vitest/runner/dist/chunk-hooks.js:1863:10)\n'[39m +
      [32m'    at runTest (file:///home/user/shoplisl/node_modules/@vitest/runner/dist/chunk-hooks.js:1574:12)\n'[39m +
      [32m'    at processTicksAndRejections (node:internal/process/task_queues:105:5)'[39m
  },
  context: { operation: [32m'test'[39m, timestamp: [35m2025-11-20T08:05:19.041Z[39m },
  severity: [32m'medium'[39m,
  timestamp: [35m2025-11-20T08:05:19.042Z[39m
}

stdout | src/app/shared/components/voice-ai-assistant/services/voice-output.service.spec.ts > VoiceOutputService > Cancel Functionality > should update speaking state when cancelled
🔊 Speech cancelled

stderr | src/app/core/services/ai/ai-messaging.service.spec.ts > AIMessagingService > Async Error Handling > should throw error when no fallback provided
Error: Test error
    at [90m/home/user/shoplisl/[39msrc/app/core/services/ai/ai-messaging.service.spec.ts:519:32
    at AIMessagingService.safeExecute [90m(/home/user/shoplisl/[39msrc/app/core/services/ai/ai-messaging.service.ts:648:20[90m)[39m
    at [90m/home/user/shoplisl/[39msrc/app/core/services/ai/ai-messaging.service.spec.ts:518:17
    at [90mfile:///home/user/shoplisl/[39mnode_modules/[4m@vitest/runner[24m/dist/chunk-hooks.js:155:11
    at [90mfile:///home/user/shoplisl/[39mnode_modules/[4m@vitest/runner[24m/dist/chunk-hooks.js:752:26
    at [90mfile:///home/user/shoplisl/[39mnode_modules/[4m@vitest/runner[24m/dist/chunk-hooks.js:1897:20
    at new ZoneAwarePromise [90m(/home/user/shoplisl/[39mnode_modules/[4mzone.js[24m/fesm2015/zone.js:2701:25[90m)[39m
    at runWithTimeout [90m(file:///home/user/shoplisl/[39mnode_modules/[4m@vitest/runner[24m/dist/chunk-hooks.js:1863:10[90m)[39m
    at runTest [90m(file:///home/user/shoplisl/[39mnode_modules/[4m@vitest/runner[24m/dist/chunk-hooks.js:1574:12[90m)[39m
[90m    at processTicksAndRejections (node:internal/process/task_queues:105:5)[39m

stderr | src/app/core/services/ai/ai-messaging.service.spec.ts > AIMessagingService > Async Error Handling > should throw error when no fallback provided
MEDIUM Error in test: Test error {
  error: {
    name: [32m'Error'[39m,
    message: [32m'Test error'[39m,
    stack: [32m'Error: Test error\n'[39m +
      [32m'    at /home/user/shoplisl/src/app/core/services/ai/ai-messaging.service.spec.ts:519:32\n'[39m +
      [32m'    at AIMessagingService.safeExecute (/home/user/shoplisl/src/app/core/services/ai/ai-messaging.service.ts:648:20)\n'[39m +
      [32m'    at /home/user/shoplisl/src/app/core/services/ai/ai-messaging.service.spec.ts:518:17\n'[39m +
      [32m'    at file:///home/user/shoplisl/node_modules/@vitest/runner/dist/chunk-hooks.js:155:11\n'[39m +
      [32m'    at file:///home/user/shoplisl/node_modules/@vitest/runner/dist/chunk-hooks.js:752:26\n'[39m +
      [32m'    at file:///home/user/shoplisl/node_modules/@vitest/runner/dist/chunk-hooks.js:1897:20\n'[39m +
      [32m'    at new ZoneAwarePromise (/home/user/shoplisl/node_modules/zone.js/fesm2015/zone.js:2701:25)\n'[39m +
      [32m'    at runWithTimeout (file:///home/user/shoplisl/node_modules/@vitest/runner/dist/chunk-hooks.js:1863:10)\n'[39m +
      [32m'    at runTest (file:///home/user/shoplisl/node_modules/@vitest/runner/dist/chunk-hooks.js:1574:12)\n'[39m +
      [32m'    at processTicksAndRejections (node:internal/process/task_queues:105:5)'[39m
  },
  context: { operation: [32m'test'[39m, timestamp: [35m2025-11-20T08:05:19.043Z[39m },
  severity: [32m'medium'[39m,
  timestamp: [35m2025-11-20T08:05:19.044Z[39m
}

stderr | src/app/shared/components/voice-ai-assistant/services/voice-output.service.spec.ts > VoiceOutputService > Cancel Functionality > should handle cancel errors gracefully
Failed to cancel speech: Error: Cancel failed
    at Object.<anonymous> [90m(/home/user/shoplisl/[39msrc/app/shared/components/voice-ai-assistant/services/voice-output.service.spec.ts:271:15[90m)[39m
    at Object.mockCall [90m(file:///home/user/shoplisl/[39mnode_modules/[4m@vitest/spy[24m/dist/index.js:96:15[90m)[39m
    at Object.spy [as cancel] [90m(file:///home/user/shoplisl/[39mnode_modules/[4mtinyspy[24m/dist/index.js:47:80[90m)[39m
    at VoiceOutputService.cancel [90m(/home/user/shoplisl/[39msrc/app/shared/components/voice-ai-assistant/services/voice-output.service.ts:122:22[90m)[39m
    at [90m/home/user/shoplisl/[39msrc/app/shared/components/voice-ai-assistant/services/voice-output.service.spec.ts:274:28
    at Proxy.assertThrows [90m(file:///home/user/shoplisl/[39mnode_modules/[4mchai[24m/index.js:2767:5[90m)[39m
    at Proxy.methodWrapper [90m(file:///home/user/shoplisl/[39mnode_modules/[4mchai[24m/index.js:1686:25[90m)[39m
    at Proxy.<anonymous> [90m(file:///home/user/shoplisl/[39mnode_modules/[4m@vitest/expect[24m/dist/index.js:1088:12[90m)[39m
    at Proxy.overwritingMethodWrapper [90m(file:///home/user/shoplisl/[39mnode_modules/[4mchai[24m/index.js:1735:33[90m)[39m
    at Proxy.<anonymous> [90m(file:///home/user/shoplisl/[39mnode_modules/[4m@vitest/expect[24m/dist/index.js:1420:16[90m)[39m

stderr | src/app/shared/components/voice-ai-assistant/services/voice-output.service.spec.ts > VoiceOutputService > Cancel Functionality > should handle cancel when synthesis not initialized
Speech synthesis not supported in this browser

stdout | src/app/core/services/ai/quantity-extraction.service.spec.ts > QuantityExtractionService > Edge Cases > should handle very long article names
🔍 QUANTITY EXTRACTION INPUT: 1kg AAAAAAAAAAAAAAAAAAAAAAAAAAAAAAAAAAAAAAAAAAAAAAAAAAAAAAAAAAAAAAAAAAAAAAAAAAAAAAAAAAAAAAAAAAAAAAAAAAAA
🔍 CLEANED INPUT: 1kg AAAAAAAAAAAAAAAAAAAAAAAAAAAAAAAAAAAAAAAAAAAAAAAAAAAAAAAAAAAAAAAAAAAAAAAAAAAAAAAAAAAAAAAAAAAAAAAAAAAA
🔍 MATCHED PATTERN unit_start: [
  [32m'1kg AAAAAAAAAAAAAAAAAAAAAAAAAAAAAAAAAAAAAAAAAAAAAAAAAAAAAAAAAAAAAAAAAAAAAAAAAAAAAAAAAAAAAAAAAAAAAAAAAAAA'[39m,
  [32m'1kg'[39m,
  [32m'AAAAAAAAAAAAAAAAAAAAAAAAAAAAAAAAAAAAAAAAAAAAAAAAAAAAAAAAAAAAAAAAAAAAAAAAAAAAAAAAAAAAAAAAAAAAAAAAAAAA'[39m,
  index: [33m0[39m,
  input: [32m'1kg AAAAAAAAAAAAAAAAAAAAAAAAAAAAAAAAAAAAAAAAAAAAAAAAAAAAAAAAAAAAAAAAAAAAAAAAAAAAAAAAAAAAAAAAAAAAAAAAAAAA'[39m,
  groups: [90mundefined[39m
]
🔍 EXTRACTED: {
  itemName: [32m'AAAAAAAAAAAAAAAAAAAAAAAAAAAAAAAAAAAAAAAAAAAAAAAAAAAAAAAAAAAAAAAAAAAAAAAAAAAAAAAAAAAAAAAAAAAAAAAAAAAA'[39m,
  quantity: [32m'1kg'[39m,
  originalInput: [32m'1kg AAAAAAAAAAAAAAAAAAAAAAAAAAAAAAAAAAAAAAAAAAAAAAAAAAAAAAAAAAAAAAAAAAAAAAAAAAAAAAAAAAAAAAAAAAAAAAAAAAAA'[39m
}

stdout | src/app/core/services/ai/quantity-extraction.service.spec.ts > QuantityExtractionService > Edge Cases > should handle multiple spaces between quantity and article
🔍 QUANTITY EXTRACTION INPUT: 2kg     Mehl
🔍 CLEANED INPUT: 2kg     Mehl
🔍 MATCHED PATTERN unit_start: [
  [32m'2kg     Mehl'[39m,
  [32m'2kg'[39m,
  [32m'Mehl'[39m,
  index: [33m0[39m,
  input: [32m'2kg     Mehl'[39m,
  groups: [90mundefined[39m
]
🔍 EXTRACTED: { itemName: [32m'Mehl'[39m, quantity: [32m'2kg'[39m, originalInput: [32m'2kg     Mehl'[39m }

stdout | src/app/core/services/ai/quantity-extraction.service.spec.ts > QuantityExtractionService > Edge Cases > should handle command prefix "Füge" (Füge 2kg Mehl hinzu)
🔍 QUANTITY EXTRACTION INPUT: Füge 2kg Mehl hinzu
🔍 CLEANED INPUT: 2kg Mehl
🔍 MATCHED PATTERN unit_start: [
  [32m'2kg Mehl'[39m,
  [32m'2kg'[39m,
  [32m'Mehl'[39m,
  index: [33m0[39m,
  input: [32m'2kg Mehl'[39m,
  groups: [90mundefined[39m
]
🔍 EXTRACTED: {
  itemName: [32m'Mehl'[39m,
  quantity: [32m'2kg'[39m,
  originalInput: [32m'Füge 2kg Mehl hinzu'[39m
}

stdout | src/app/core/services/ai/quantity-extraction.service.spec.ts > QuantityExtractionService > Edge Cases > should handle command suffix "hinzu" (2kg Mehl hinzu)
🔍 QUANTITY EXTRACTION INPUT: 2kg Mehl hinzu
🔍 CLEANED INPUT: 2kg Mehl
🔍 MATCHED PATTERN unit_start: [
  [32m'2kg Mehl'[39m,
  [32m'2kg'[39m,
  [32m'Mehl'[39m,
  index: [33m0[39m,
  input: [32m'2kg Mehl'[39m,
  groups: [90mundefined[39m
]
🔍 EXTRACTED: { itemName: [32m'Mehl'[39m, quantity: [32m'2kg'[39m, originalInput: [32m'2kg Mehl hinzu'[39m }

stdout | src/app/core/services/ai/quantity-extraction.service.spec.ts > QuantityExtractionService > Edge Cases > should handle full command (Füge 2kg Mehl zu Einkaufen hinzu)
🔍 QUANTITY EXTRACTION INPUT: Füge 2kg Mehl zu Einkaufen hinzu
🔍 CLEANED INPUT: 2kg Mehl
🔍 MATCHED PATTERN unit_start: [
  [32m'2kg Mehl'[39m,
  [32m'2kg'[39m,
  [32m'Mehl'[39m,
  index: [33m0[39m,
  input: [32m'2kg Mehl'[39m,
  groups: [90mundefined[39m
]
🔍 EXTRACTED: {
  itemName: [32m'Mehl'[39m,
  quantity: [32m'2kg'[39m,
  originalInput: [32m'Füge 2kg Mehl zu Einkaufen hinzu'[39m
}

stdout | src/app/core/services/ai/quantity-extraction.service.spec.ts > QuantityExtractionService > Utility Methods > should get parsing statistics for single item
🔍 QUANTITY EXTRACTION INPUT: 2kg Mehl
🔍 CLEANED INPUT: 2kg Mehl
🔍 MATCHED PATTERN unit_start: [
  [32m'2kg Mehl'[39m,
  [32m'2kg'[39m,
  [32m'Mehl'[39m,
  index: [33m0[39m,
  input: [32m'2kg Mehl'[39m,
  groups: [90mundefined[39m
]
🔍 EXTRACTED: { itemName: [32m'Mehl'[39m, quantity: [32m'2kg'[39m, originalInput: [32m'2kg Mehl'[39m }

stdout | src/app/core/services/ai/quantity-extraction.service.spec.ts > QuantityExtractionService > Utility Methods > should get parsing statistics for multiple items
🔍 SPLITTING COMMA ITEMS: Milch, Brot, Butter
🔍 Found commas - analyzing for decimal vs separator commas
🔍 Comma at 5: "h, " - SEPARATOR
🔍 Comma at 11: "t, " - SEPARATOR
🔍 SMART COMMA SPLIT RESULT: [ [32m'Milch'[39m, [32m'Brot'[39m, [32m'Butter'[39m ]
🔍 QUANTITY EXTRACTION INPUT: Milch
🔍 CLEANED INPUT: Milch
🔍 NO QUANTITY PATTERN MATCHED, RETURNING CLEANED INPUT: Milch
🔍 QUANTITY EXTRACTION INPUT: Brot
🔍 CLEANED INPUT: Brot
🔍 NO QUANTITY PATTERN MATCHED, RETURNING CLEANED INPUT: Brot
🔍 QUANTITY EXTRACTION INPUT: Butter
🔍 CLEANED INPUT: Butter
🔍 NO QUANTITY PATTERN MATCHED, RETURNING CLEANED INPUT: Butter

stdout | src/app/core/services/ai/quantity-extraction.service.spec.ts > QuantityExtractionService > Utility Methods > should get parsing statistics for text numbers
🔍 QUANTITY EXTRACTION INPUT: zwei kg Mehl
🔍 CLEANED INPUT: zwei kg Mehl
🔍 MATCHED PATTERN text_unit_item: [
  [32m'zwei kg Mehl'[39m,
  [32m'zwei'[39m,
  [32m'kg'[39m,
  [32m'Mehl'[39m,
  index: [33m0[39m,
  input: [32m'zwei kg Mehl'[39m,
  groups: [90mundefined[39m
]
🔍 EXTRACTED: { itemName: [32m'Mehl'[39m, quantity: [32m'2 kg'[39m, originalInput: [32m'zwei kg Mehl'[39m }

stdout | src/app/shared/components/voice-ai-assistant/services/voice-output.service.spec.ts > VoiceOutputService > Error Handling > should handle speech synthesis errors
🔊 Speech cancelled

stdout | src/app/shared/components/voice-ai-assistant/services/voice-output.service.spec.ts > VoiceOutputService > Error Handling > should handle speech synthesis errors
🔊 Speech started: Test

 ✓ src/app/core/services/ai/quantity-extraction.service.spec.ts (71 tests | 1 skipped) 183ms
stderr | src/app/shared/components/voice-ai-assistant/services/voice-output.service.spec.ts > VoiceOutputService > Error Handling > should handle speech synthesis errors
Speech synthesis error: [90mundefined[39m

stdout | src/app/shared/components/voice-ai-assistant/services/voice-output.service.spec.ts > VoiceOutputService > Error Handling > should update state on speech end
🔊 Speech cancelled

stdout | src/app/shared/components/voice-ai-assistant/services/voice-output.service.spec.ts > VoiceOutputService > Error Handling > should update state on speech end
🔊 Speech started: Test

stdout | src/app/shared/components/voice-ai-assistant/services/voice-output.service.spec.ts > VoiceOutputService > Error Handling > should update state on speech end
🔊 Speech ended

stderr | src/app/shared/components/voice-ai-assistant/services/voice-output.service.spec.ts > VoiceOutputService > Voice Management > should return empty array when synthesis not available
Speech synthesis not supported in this browser

stdout | src/app/shared/components/voice-ai-assistant/services/voice-output.service.spec.ts > VoiceOutputService > State Management > should update state through observable
🔊 Speech cancelled

stdout | src/app/shared/components/voice-ai-assistant/services/voice-output.service.spec.ts > VoiceOutputService > State Management > should update state through observable
🔊 Speech started: Test

stdout | src/app/shared/components/voice-ai-assistant/services/voice-output.service.spec.ts > VoiceOutputService > Cleanup > should cleanup and cancel speech
🔊 Speech cancelled
🔊 Speech cancelled

stdout | src/app/shared/components/voice-ai-assistant/services/voice-output.service.spec.ts > VoiceOutputService > Cleanup > should handle cleanup when not speaking
🔊 Speech cancelled

stdout | src/app/shared/components/voice-ai-assistant/services/voice-output.service.spec.ts > VoiceOutputService > Edge Cases > should handle very long text
🔊 Speech cancelled

stdout | src/app/shared/components/voice-ai-assistant/services/voice-output.service.spec.ts > VoiceOutputService > Edge Cases > should handle very long text
🔊 Speech started: Test

stdout | src/app/shared/components/voice-ai-assistant/services/voice-output.service.spec.ts > VoiceOutputService > Edge Cases > should handle very long text
🔊 Speech started: AAAAAAAAAAAAAAAAAAAAAAAAAAAAAAAAAAAAAAAAAAAAAAAAAA

stdout | src/app/shared/components/voice-ai-assistant/services/voice-output.service.spec.ts > VoiceOutputService > Edge Cases > should handle special characters
🔊 Speech cancelled

stdout | src/app/shared/components/voice-ai-assistant/services/voice-output.service.spec.ts > VoiceOutputService > Edge Cases > should handle special characters
🔊 Speech started: Spëcîål chäräctërs: €£¥

stdout | src/app/shared/components/voice-ai-assistant/services/voice-output.service.spec.ts > VoiceOutputService > Edge Cases > should handle newlines at different positions
🔊 Speech cancelled

stdout | src/app/shared/components/voice-ai-assistant/services/voice-output.service.spec.ts > VoiceOutputService > Edge Cases > should handle newlines at different positions
🔊 Speech started: Line 1

 ✓ src/app/core/services/ai/ai-messaging.service.spec.ts (58 tests) 184ms
stdout | src/app/shared/components/voice-ai-assistant/services/voice-output.service.spec.ts > VoiceOutputService > Edge Cases > should handle multiple consecutive emojis
🔊 Speech cancelled

stdout | src/app/shared/components/voice-ai-assistant/services/voice-output.service.spec.ts > VoiceOutputService > Edge Cases > should handle multiple consecutive emojis
🔊 Speech started: Test

 ❯ src/app/shared/components/voice-ai-assistant/services/voice-output.service.spec.ts (36 tests | 1 failed) 340ms
   ✓ VoiceOutputService > Initialization > should be created 23ms
   ✓ VoiceOutputService > Initialization > should initialize speech synthesis on browser platform 4ms
   ✓ VoiceOutputService > Initialization > should not initialize on server platform 4ms
   ✓ VoiceOutputService > Initialization > should handle missing speech synthesis gracefully 3ms
   ✓ VoiceOutputService > Browser Support Detection > should detect speech synthesis support 2ms
   ✓ VoiceOutputService > Browser Support Detection > should return false when speech synthesis not supported 2ms
   ✓ VoiceOutputService > Speaking Functionality > should speak text successfully 14ms
   ✓ VoiceOutputService > Speaking Functionality > should use default German locale 13ms
   ✓ VoiceOutputService > Speaking Functionality > should use custom options when provided 15ms
   ✓ VoiceOutputService > Speaking Functionality > should clean text before speaking 14ms
   ✓ VoiceOutputService > Speaking Functionality > should not speak if already speaking 15ms
   × VoiceOutputService > Speaking Functionality > should update speaking state observable 23ms
     → expected false to be true // Object.is equality
   ✓ VoiceOutputService > Speaking Functionality > should handle empty text after cleaning 3ms
   ✓ VoiceOutputService > Speaking Functionality > should cancel existing speech before speaking 13ms
   ✓ VoiceOutputService > Text Cleaning > should remove common emojis 12ms
   ✓ VoiceOutputService > Text Cleaning > should take only first line 12ms
   ✓ VoiceOutputService > Text Cleaning > should trim whitespace 13ms
   ✓ VoiceOutputService > Text Cleaning > should handle text with multiple spaces 12ms
   ✓ VoiceOutputService > Cancel Functionality > should cancel ongoing speech 2ms
   ✓ VoiceOutputService > Cancel Functionality > should update speaking state when cancelled 12ms
   ✓ VoiceOutputService > Cancel Functionality > should handle cancel errors gracefully 8ms
   ✓ VoiceOutputService > Cancel Functionality > should handle cancel when synthesis not initialized 3ms
   ✓ VoiceOutputService > Error Handling > should handle speech synthesis errors 12ms
   ✓ VoiceOutputService > Error Handling > should update state on speech end 13ms
   ✓ VoiceOutputService > Voice Management > should get available voices 3ms
   ✓ VoiceOutputService > Voice Management > should filter German voices 2ms
   ✓ VoiceOutputService > Voice Management > should return empty array when synthesis not available 3ms
   ✓ VoiceOutputService > State Management > should expose isSpeaking observable 7ms
   ✓ VoiceOutputService > State Management > should provide isSpeaking() method 2ms
   ✓ VoiceOutputService > State Management > should update state through observable 12ms
   ✓ VoiceOutputService > Cleanup > should cleanup and cancel speech 2ms
   ✓ VoiceOutputService > Cleanup > should handle cleanup when not speaking 2ms
   ✓ VoiceOutputService > Edge Cases > should handle very long text 12ms
   ✓ VoiceOutputService > Edge Cases > should handle special characters 12ms
   ✓ VoiceOutputService > Edge Cases > should handle newlines at different positions 15ms
   ✓ VoiceOutputService > Edge Cases > should handle multiple consecutive emojis 13ms
 ↓ src/app/shared/components/confirm-dialog/confirm-dialog.spec.ts (1 test | 1 skipped)
 ✓ src/app/features/lists/list-detail/edit-mode/edit-mode.component.spec.ts (22 tests) 31ms
stdout | src/app/features/lists/list-detail/shopping-mode/shopping-mode.component.spec.ts > ShoppingModeComponent > GIF Loading > should log on GIF load success
GIF loaded successfully

 ✓ src/app/features/lists/list-detail/shopping-mode/shopping-mode.component.spec.ts (27 tests) 38ms
stdout | src/app/features/lists/list-detail/list-detail.spec.ts > ListDetailComponent > Shopping Mode Filters > should show all items when filter is "alle"
🔄 Switching shopping filter to: alle

stdout | src/app/shared/components/voice-ai-assistant/voice-ai-assistant.component.spec.ts > VoiceAIAssistantComponent > Initialization > should initialize chat on ngOnInit
💬 Chat loaded: { total: [33m0[39m, userMessages: [33m0[39m }

stdout | src/app/shared/components/voice-ai-assistant/voice-ai-assistant.component.spec.ts > VoiceAIAssistantComponent > Initialization > should disable context logging topic by default
💬 Chat loaded: { total: [33m0[39m, userMessages: [33m0[39m }

stdout | src/app/shared/components/voice-ai-assistant/voice-ai-assistant.component.spec.ts > VoiceAIAssistantComponent > Initialization > should sync context bidirectionally on init
💬 Chat loaded: { total: [33m0[39m, userMessages: [33m0[39m }

stdout | src/app/shared/components/voice-ai-assistant/voice-ai-assistant.component.spec.ts > VoiceAIAssistantComponent > Initialization > should subscribe to voice input service on init
💬 Chat loaded: { total: [33m0[39m, userMessages: [33m0[39m }

stdout | src/app/shared/components/voice-ai-assistant/voice-ai-assistant.component.spec.ts > VoiceAIAssistantComponent > Context Synchronization > should sync context from chat to AI when chat has active context
💬 Chat loaded: { total: [33m0[39m, userMessages: [33m0[39m }

stderr | src/app/shared/components/voice-ai-assistant/voice-ai-assistant.component.spec.ts > VoiceAIAssistantComponent > Context Synchronization > should sync context from chat to AI when chat has active context
TypeError: Cannot read properties of undefined (reading 'search')
    at VoiceAIAssistantComponent.handleDeepLinkParameters [90m(/home/user/shoplisl/[39msrc/app/shared/components/voice-ai-assistant/voice-ai-assistant.component.ts:214:59[90m)[39m
    at VoiceAIAssistantComponent.ngOnInit [90m(/home/user/shoplisl/[39msrc/app/shared/components/voice-ai-assistant/voice-ai-assistant.component.ts:126:10[90m)[39m
    at [90m/home/user/shoplisl/[39msrc/app/shared/components/voice-ai-assistant/voice-ai-assistant.component.spec.ts:310:17
    at [90mfile:///home/user/shoplisl/[39mnode_modules/[4m@vitest/runner[24m/dist/chunk-hooks.js:155:11
    at [90mfile:///home/user/shoplisl/[39mnode_modules/[4m@vitest/runner[24m/dist/chunk-hooks.js:1897:20
    at new ZoneAwarePromise [90m(/home/user/shoplisl/[39mnode_modules/[4mzone.js[24m/fesm2015/zone.js:2701:25[90m)[39m
    at runWithTimeout [90m(file:///home/user/shoplisl/[39mnode_modules/[4m@vitest/runner[24m/dist/chunk-hooks.js:1863:10[90m)[39m
    at runHook [90m(file:///home/user/shoplisl/[39mnode_modules/[4m@vitest/runner[24m/dist/chunk-hooks.js:1436:51[90m)[39m
    at callSuiteHook [90m(file:///home/user/shoplisl/[39mnode_modules/[4m@vitest/runner[24m/dist/chunk-hooks.js:1442:25[90m)[39m
[90m    at processTicksAndRejections (node:internal/process/task_queues:105:5)[39m

stdout | src/app/shared/components/voice-ai-assistant/voice-ai-assistant.component.spec.ts > VoiceAIAssistantComponent > Context Synchronization > should sync context from AI to chat when AI has active context
💬 Chat loaded: { total: [33m0[39m, userMessages: [33m0[39m }

stderr | src/app/shared/components/voice-ai-assistant/voice-ai-assistant.component.spec.ts > VoiceAIAssistantComponent > Context Synchronization > should sync context from AI to chat when AI has active context
TypeError: Cannot read properties of undefined (reading 'search')
    at VoiceAIAssistantComponent.handleDeepLinkParameters [90m(/home/user/shoplisl/[39msrc/app/shared/components/voice-ai-assistant/voice-ai-assistant.component.ts:214:59[90m)[39m
    at VoiceAIAssistantComponent.ngOnInit [90m(/home/user/shoplisl/[39msrc/app/shared/components/voice-ai-assistant/voice-ai-assistant.component.ts:126:10[90m)[39m
    at [90m/home/user/shoplisl/[39msrc/app/shared/components/voice-ai-assistant/voice-ai-assistant.component.spec.ts:310:17
    at [90mfile:///home/user/shoplisl/[39mnode_modules/[4m@vitest/runner[24m/dist/chunk-hooks.js:155:11
    at [90mfile:///home/user/shoplisl/[39mnode_modules/[4m@vitest/runner[24m/dist/chunk-hooks.js:1897:20
    at new ZoneAwarePromise [90m(/home/user/shoplisl/[39mnode_modules/[4mzone.js[24m/fesm2015/zone.js:2701:25[90m)[39m
    at runWithTimeout [90m(file:///home/user/shoplisl/[39mnode_modules/[4m@vitest/runner[24m/dist/chunk-hooks.js:1863:10[90m)[39m
    at runHook [90m(file:///home/user/shoplisl/[39mnode_modules/[4m@vitest/runner[24m/dist/chunk-hooks.js:1436:51[90m)[39m
    at callSuiteHook [90m(file:///home/user/shoplisl/[39mnode_modules/[4m@vitest/runner[24m/dist/chunk-hooks.js:1442:25[90m)[39m
[90m    at processTicksAndRejections (node:internal/process/task_queues:105:5)[39m

stdout | src/app/shared/components/voice-ai-assistant/voice-ai-assistant.component.spec.ts > VoiceAIAssistantComponent > Context Synchronization > should prefer more recent context based on timestamp
💬 Chat loaded: { total: [33m0[39m, userMessages: [33m0[39m }

stderr | src/app/shared/components/voice-ai-assistant/voice-ai-assistant.component.spec.ts > VoiceAIAssistantComponent > Context Synchronization > should prefer more recent context based on timestamp
TypeError: Cannot read properties of undefined (reading 'search')
    at VoiceAIAssistantComponent.handleDeepLinkParameters [90m(/home/user/shoplisl/[39msrc/app/shared/components/voice-ai-assistant/voice-ai-assistant.component.ts:214:59[90m)[39m
    at VoiceAIAssistantComponent.ngOnInit [90m(/home/user/shoplisl/[39msrc/app/shared/components/voice-ai-assistant/voice-ai-assistant.component.ts:126:10[90m)[39m
    at [90m/home/user/shoplisl/[39msrc/app/shared/components/voice-ai-assistant/voice-ai-assistant.component.spec.ts:310:17
    at [90mfile:///home/user/shoplisl/[39mnode_modules/[4m@vitest/runner[24m/dist/chunk-hooks.js:155:11
    at [90mfile:///home/user/shoplisl/[39mnode_modules/[4m@vitest/runner[24m/dist/chunk-hooks.js:1897:20
    at new ZoneAwarePromise [90m(/home/user/shoplisl/[39mnode_modules/[4mzone.js[24m/fesm2015/zone.js:2701:25[90m)[39m
    at runWithTimeout [90m(file:///home/user/shoplisl/[39mnode_modules/[4m@vitest/runner[24m/dist/chunk-hooks.js:1863:10[90m)[39m
    at runHook [90m(file:///home/user/shoplisl/[39mnode_modules/[4m@vitest/runner[24m/dist/chunk-hooks.js:1436:51[90m)[39m
    at callSuiteHook [90m(file:///home/user/shoplisl/[39mnode_modules/[4m@vitest/runner[24m/dist/chunk-hooks.js:1442:25[90m)[39m
[90m    at processTicksAndRejections (node:internal/process/task_queues:105:5)[39m

stdout | src/app/shared/components/voice-ai-assistant/voice-ai-assistant.component.spec.ts > VoiceAIAssistantComponent > Context Synchronization > should invalidate cache after sync
💬 Chat loaded: { total: [33m0[39m, userMessages: [33m0[39m }

stderr | src/app/shared/components/voice-ai-assistant/voice-ai-assistant.component.spec.ts > VoiceAIAssistantComponent > Context Synchronization > should invalidate cache after sync
TypeError: Cannot read properties of undefined (reading 'search')
    at VoiceAIAssistantComponent.handleDeepLinkParameters [90m(/home/user/shoplisl/[39msrc/app/shared/components/voice-ai-assistant/voice-ai-assistant.component.ts:214:59[90m)[39m
    at VoiceAIAssistantComponent.ngOnInit [90m(/home/user/shoplisl/[39msrc/app/shared/components/voice-ai-assistant/voice-ai-assistant.component.ts:126:10[90m)[39m
    at [90m/home/user/shoplisl/[39msrc/app/shared/components/voice-ai-assistant/voice-ai-assistant.component.spec.ts:310:17
    at [90mfile:///home/user/shoplisl/[39mnode_modules/[4m@vitest/runner[24m/dist/chunk-hooks.js:155:11
    at [90mfile:///home/user/shoplisl/[39mnode_modules/[4m@vitest/runner[24m/dist/chunk-hooks.js:1897:20
    at new ZoneAwarePromise [90m(/home/user/shoplisl/[39mnode_modules/[4mzone.js[24m/fesm2015/zone.js:2701:25[90m)[39m
    at runWithTimeout [90m(file:///home/user/shoplisl/[39mnode_modules/[4m@vitest/runner[24m/dist/chunk-hooks.js:1863:10[90m)[39m
    at runHook [90m(file:///home/user/shoplisl/[39mnode_modules/[4m@vitest/runner[24m/dist/chunk-hooks.js:1436:51[90m)[39m
    at callSuiteHook [90m(file:///home/user/shoplisl/[39mnode_modules/[4m@vitest/runner[24m/dist/chunk-hooks.js:1442:25[90m)[39m
[90m    at processTicksAndRejections (node:internal/process/task_queues:105:5)[39m

stdout | src/app/shared/components/voice-ai-assistant/voice-ai-assistant.component.spec.ts > VoiceAIAssistantComponent > Context Synchronization > should cache active context for performance
💬 Chat loaded: { total: [33m0[39m, userMessages: [33m0[39m }

stderr | src/app/shared/components/voice-ai-assistant/voice-ai-assistant.component.spec.ts > VoiceAIAssistantComponent > Context Synchronization > should cache active context for performance
TypeError: Cannot read properties of undefined (reading 'search')
    at VoiceAIAssistantComponent.handleDeepLinkParameters [90m(/home/user/shoplisl/[39msrc/app/shared/components/voice-ai-assistant/voice-ai-assistant.component.ts:214:59[90m)[39m
    at VoiceAIAssistantComponent.ngOnInit [90m(/home/user/shoplisl/[39msrc/app/shared/components/voice-ai-assistant/voice-ai-assistant.component.ts:126:10[90m)[39m
    at [90m/home/user/shoplisl/[39msrc/app/shared/components/voice-ai-assistant/voice-ai-assistant.component.spec.ts:310:17
    at [90mfile:///home/user/shoplisl/[39mnode_modules/[4m@vitest/runner[24m/dist/chunk-hooks.js:155:11
    at [90mfile:///home/user/shoplisl/[39mnode_modules/[4m@vitest/runner[24m/dist/chunk-hooks.js:1897:20
    at new ZoneAwarePromise [90m(/home/user/shoplisl/[39mnode_modules/[4mzone.js[24m/fesm2015/zone.js:2701:25[90m)[39m
    at runWithTimeout [90m(file:///home/user/shoplisl/[39mnode_modules/[4m@vitest/runner[24m/dist/chunk-hooks.js:1863:10[90m)[39m
    at runHook [90m(file:///home/user/shoplisl/[39mnode_modules/[4m@vitest/runner[24m/dist/chunk-hooks.js:1436:51[90m)[39m
    at callSuiteHook [90m(file:///home/user/shoplisl/[39mnode_modules/[4m@vitest/runner[24m/dist/chunk-hooks.js:1442:25[90m)[39m
[90m    at processTicksAndRejections (node:internal/process/task_queues:105:5)[39m

stdout | src/app/shared/components/voice-ai-assistant/voice-ai-assistant.component.spec.ts > VoiceAIAssistantComponent > Context Synchronization > should expire cache after duration
💬 Chat loaded: { total: [33m0[39m, userMessages: [33m0[39m }

stderr | src/app/shared/components/voice-ai-assistant/voice-ai-assistant.component.spec.ts > VoiceAIAssistantComponent > Context Synchronization > should expire cache after duration
TypeError: Cannot read properties of undefined (reading 'search')
    at VoiceAIAssistantComponent.handleDeepLinkParameters [90m(/home/user/shoplisl/[39msrc/app/shared/components/voice-ai-assistant/voice-ai-assistant.component.ts:214:59[90m)[39m
    at VoiceAIAssistantComponent.ngOnInit [90m(/home/user/shoplisl/[39msrc/app/shared/components/voice-ai-assistant/voice-ai-assistant.component.ts:126:10[90m)[39m
    at [90m/home/user/shoplisl/[39msrc/app/shared/components/voice-ai-assistant/voice-ai-assistant.component.spec.ts:310:17
    at [90mfile:///home/user/shoplisl/[39mnode_modules/[4m@vitest/runner[24m/dist/chunk-hooks.js:155:11
    at [90mfile:///home/user/shoplisl/[39mnode_modules/[4m@vitest/runner[24m/dist/chunk-hooks.js:1897:20
    at new ZoneAwarePromise [90m(/home/user/shoplisl/[39mnode_modules/[4mzone.js[24m/fesm2015/zone.js:2701:25[90m)[39m
    at runWithTimeout [90m(file:///home/user/shoplisl/[39mnode_modules/[4m@vitest/runner[24m/dist/chunk-hooks.js:1863:10[90m)[39m
    at runHook [90m(file:///home/user/shoplisl/[39mnode_modules/[4m@vitest/runner[24m/dist/chunk-hooks.js:1436:51[90m)[39m
    at callSuiteHook [90m(file:///home/user/shoplisl/[39mnode_modules/[4m@vitest/runner[24m/dist/chunk-hooks.js:1442:25[90m)[39m
[90m    at processTicksAndRejections (node:internal/process/task_queues:105:5)[39m

stdout | src/app/shared/components/voice-ai-assistant/voice-ai-assistant.component.spec.ts > VoiceAIAssistantComponent > Message Flow > should not send empty messages
💬 Chat loaded: { total: [33m0[39m, userMessages: [33m0[39m }

stderr | src/app/shared/components/voice-ai-assistant/voice-ai-assistant.component.spec.ts > VoiceAIAssistantComponent > Message Flow > should not send empty messages
TypeError: Cannot read properties of undefined (reading 'search')
    at VoiceAIAssistantComponent.handleDeepLinkParameters [90m(/home/user/shoplisl/[39msrc/app/shared/components/voice-ai-assistant/voice-ai-assistant.component.ts:214:59[90m)[39m
    at VoiceAIAssistantComponent.ngOnInit [90m(/home/user/shoplisl/[39msrc/app/shared/components/voice-ai-assistant/voice-ai-assistant.component.ts:126:10[90m)[39m
    at [90m/home/user/shoplisl/[39msrc/app/shared/components/voice-ai-assistant/voice-ai-assistant.component.spec.ts:465:17
    at [90mfile:///home/user/shoplisl/[39mnode_modules/[4m@vitest/runner[24m/dist/chunk-hooks.js:155:11
    at [90mfile:///home/user/shoplisl/[39mnode_modules/[4m@vitest/runner[24m/dist/chunk-hooks.js:1897:20
    at new ZoneAwarePromise [90m(/home/user/shoplisl/[39mnode_modules/[4mzone.js[24m/fesm2015/zone.js:2701:25[90m)[39m
    at runWithTimeout [90m(file:///home/user/shoplisl/[39mnode_modules/[4m@vitest/runner[24m/dist/chunk-hooks.js:1863:10[90m)[39m
    at runHook [90m(file:///home/user/shoplisl/[39mnode_modules/[4m@vitest/runner[24m/dist/chunk-hooks.js:1436:51[90m)[39m
    at callSuiteHook [90m(file:///home/user/shoplisl/[39mnode_modules/[4m@vitest/runner[24m/dist/chunk-hooks.js:1442:25[90m)[39m
[90m    at processTicksAndRejections (node:internal/process/task_queues:105:5)[39m

stdout | src/app/shared/components/voice-ai-assistant/voice-ai-assistant.component.spec.ts > VoiceAIAssistantComponent > Message Flow > should not send messages when already processing
💬 Chat loaded: { total: [33m0[39m, userMessages: [33m0[39m }

stderr | src/app/shared/components/voice-ai-assistant/voice-ai-assistant.component.spec.ts > VoiceAIAssistantComponent > Message Flow > should not send messages when already processing
TypeError: Cannot read properties of undefined (reading 'search')
    at VoiceAIAssistantComponent.handleDeepLinkParameters [90m(/home/user/shoplisl/[39msrc/app/shared/components/voice-ai-assistant/voice-ai-assistant.component.ts:214:59[90m)[39m
    at VoiceAIAssistantComponent.ngOnInit [90m(/home/user/shoplisl/[39msrc/app/shared/components/voice-ai-assistant/voice-ai-assistant.component.ts:126:10[90m)[39m
    at [90m/home/user/shoplisl/[39msrc/app/shared/components/voice-ai-assistant/voice-ai-assistant.component.spec.ts:465:17
    at [90mfile:///home/user/shoplisl/[39mnode_modules/[4m@vitest/runner[24m/dist/chunk-hooks.js:155:11
    at [90mfile:///home/user/shoplisl/[39mnode_modules/[4m@vitest/runner[24m/dist/chunk-hooks.js:1897:20
    at new ZoneAwarePromise [90m(/home/user/shoplisl/[39mnode_modules/[4mzone.js[24m/fesm2015/zone.js:2701:25[90m)[39m
    at runWithTimeout [90m(file:///home/user/shoplisl/[39mnode_modules/[4m@vitest/runner[24m/dist/chunk-hooks.js:1863:10[90m)[39m
    at runHook [90m(file:///home/user/shoplisl/[39mnode_modules/[4m@vitest/runner[24m/dist/chunk-hooks.js:1436:51[90m)[39m
    at callSuiteHook [90m(file:///home/user/shoplisl/[39mnode_modules/[4m@vitest/runner[24m/dist/chunk-hooks.js:1442:25[90m)[39m
[90m    at processTicksAndRejections (node:internal/process/task_queues:105:5)[39m

stdout | src/app/shared/components/voice-ai-assistant/voice-ai-assistant.component.spec.ts > VoiceAIAssistantComponent > Message Flow > should prevent double execution with isProcessingMessage flag
💬 Chat loaded: { total: [33m0[39m, userMessages: [33m0[39m }

stderr | src/app/shared/components/voice-ai-assistant/voice-ai-assistant.component.spec.ts > VoiceAIAssistantComponent > Message Flow > should prevent double execution with isProcessingMessage flag
TypeError: Cannot read properties of undefined (reading 'search')
    at VoiceAIAssistantComponent.handleDeepLinkParameters [90m(/home/user/shoplisl/[39msrc/app/shared/components/voice-ai-assistant/voice-ai-assistant.component.ts:214:59[90m)[39m
    at VoiceAIAssistantComponent.ngOnInit [90m(/home/user/shoplisl/[39msrc/app/shared/components/voice-ai-assistant/voice-ai-assistant.component.ts:126:10[90m)[39m
    at [90m/home/user/shoplisl/[39msrc/app/shared/components/voice-ai-assistant/voice-ai-assistant.component.spec.ts:465:17
    at [90mfile:///home/user/shoplisl/[39mnode_modules/[4m@vitest/runner[24m/dist/chunk-hooks.js:155:11
    at [90mfile:///home/user/shoplisl/[39mnode_modules/[4m@vitest/runner[24m/dist/chunk-hooks.js:1897:20
    at new ZoneAwarePromise [90m(/home/user/shoplisl/[39mnode_modules/[4mzone.js[24m/fesm2015/zone.js:2701:25[90m)[39m
    at runWithTimeout [90m(file:///home/user/shoplisl/[39mnode_modules/[4m@vitest/runner[24m/dist/chunk-hooks.js:1863:10[90m)[39m
    at runHook [90m(file:///home/user/shoplisl/[39mnode_modules/[4m@vitest/runner[24m/dist/chunk-hooks.js:1436:51[90m)[39m
    at callSuiteHook [90m(file:///home/user/shoplisl/[39mnode_modules/[4m@vitest/runner[24m/dist/chunk-hooks.js:1442:25[90m)[39m
[90m    at processTicksAndRejections (node:internal/process/task_queues:105:5)[39m

stdout | src/app/shared/components/voice-ai-assistant/voice-ai-assistant.component.spec.ts > VoiceAIAssistantComponent > Message Flow > should add user message to chat
💬 Chat loaded: { total: [33m0[39m, userMessages: [33m0[39m }

stderr | src/app/shared/components/voice-ai-assistant/voice-ai-assistant.component.spec.ts > VoiceAIAssistantComponent > Message Flow > should add user message to chat
TypeError: Cannot read properties of undefined (reading 'search')
    at VoiceAIAssistantComponent.handleDeepLinkParameters [90m(/home/user/shoplisl/[39msrc/app/shared/components/voice-ai-assistant/voice-ai-assistant.component.ts:214:59[90m)[39m
    at VoiceAIAssistantComponent.ngOnInit [90m(/home/user/shoplisl/[39msrc/app/shared/components/voice-ai-assistant/voice-ai-assistant.component.ts:126:10[90m)[39m
    at [90m/home/user/shoplisl/[39msrc/app/shared/components/voice-ai-assistant/voice-ai-assistant.component.spec.ts:465:17
    at [90mfile:///home/user/shoplisl/[39mnode_modules/[4m@vitest/runner[24m/dist/chunk-hooks.js:155:11
    at [90mfile:///home/user/shoplisl/[39mnode_modules/[4m@vitest/runner[24m/dist/chunk-hooks.js:1897:20
    at new ZoneAwarePromise [90m(/home/user/shoplisl/[39mnode_modules/[4mzone.js[24m/fesm2015/zone.js:2701:25[90m)[39m
    at runWithTimeout [90m(file:///home/user/shoplisl/[39mnode_modules/[4m@vitest/runner[24m/dist/chunk-hooks.js:1863:10[90m)[39m
    at runHook [90m(file:///home/user/shoplisl/[39mnode_modules/[4m@vitest/runner[24m/dist/chunk-hooks.js:1436:51[90m)[39m
    at callSuiteHook [90m(file:///home/user/shoplisl/[39mnode_modules/[4m@vitest/runner[24m/dist/chunk-hooks.js:1442:25[90m)[39m
[90m    at processTicksAndRejections (node:internal/process/task_queues:105:5)[39m

stdout | src/app/shared/components/voice-ai-assistant/voice-ai-assistant.component.spec.ts > VoiceAIAssistantComponent > Message Flow > should clear input after sending
💬 Chat loaded: { total: [33m0[39m, userMessages: [33m0[39m }

stderr | src/app/shared/components/voice-ai-assistant/voice-ai-assistant.component.spec.ts > VoiceAIAssistantComponent > Message Flow > should clear input after sending
TypeError: Cannot read properties of undefined (reading 'search')
    at VoiceAIAssistantComponent.handleDeepLinkParameters [90m(/home/user/shoplisl/[39msrc/app/shared/components/voice-ai-assistant/voice-ai-assistant.component.ts:214:59[90m)[39m
    at VoiceAIAssistantComponent.ngOnInit [90m(/home/user/shoplisl/[39msrc/app/shared/components/voice-ai-assistant/voice-ai-assistant.component.ts:126:10[90m)[39m
    at [90m/home/user/shoplisl/[39msrc/app/shared/components/voice-ai-assistant/voice-ai-assistant.component.spec.ts:465:17
    at [90mfile:///home/user/shoplisl/[39mnode_modules/[4m@vitest/runner[24m/dist/chunk-hooks.js:155:11
    at [90mfile:///home/user/shoplisl/[39mnode_modules/[4m@vitest/runner[24m/dist/chunk-hooks.js:1897:20
    at new ZoneAwarePromise [90m(/home/user/shoplisl/[39mnode_modules/[4mzone.js[24m/fesm2015/zone.js:2701:25[90m)[39m
    at runWithTimeout [90m(file:///home/user/shoplisl/[39mnode_modules/[4m@vitest/runner[24m/dist/chunk-hooks.js:1863:10[90m)[39m
    at runHook [90m(file:///home/user/shoplisl/[39mnode_modules/[4m@vitest/runner[24m/dist/chunk-hooks.js:1436:51[90m)[39m
    at callSuiteHook [90m(file:///home/user/shoplisl/[39mnode_modules/[4m@vitest/runner[24m/dist/chunk-hooks.js:1442:25[90m)[39m
[90m    at processTicksAndRejections (node:internal/process/task_queues:105:5)[39m

stdout | src/app/shared/components/voice-ai-assistant/voice-ai-assistant.component.spec.ts > VoiceAIAssistantComponent > Message Flow > should set processing flag during execution
💬 Chat loaded: { total: [33m0[39m, userMessages: [33m0[39m }

stderr | src/app/shared/components/voice-ai-assistant/voice-ai-assistant.component.spec.ts > VoiceAIAssistantComponent > Message Flow > should set processing flag during execution
TypeError: Cannot read properties of undefined (reading 'search')
    at VoiceAIAssistantComponent.handleDeepLinkParameters [90m(/home/user/shoplisl/[39msrc/app/shared/components/voice-ai-assistant/voice-ai-assistant.component.ts:214:59[90m)[39m
    at VoiceAIAssistantComponent.ngOnInit [90m(/home/user/shoplisl/[39msrc/app/shared/components/voice-ai-assistant/voice-ai-assistant.component.ts:126:10[90m)[39m
    at [90m/home/user/shoplisl/[39msrc/app/shared/components/voice-ai-assistant/voice-ai-assistant.component.spec.ts:465:17
    at [90mfile:///home/user/shoplisl/[39mnode_modules/[4m@vitest/runner[24m/dist/chunk-hooks.js:155:11
    at [90mfile:///home/user/shoplisl/[39mnode_modules/[4m@vitest/runner[24m/dist/chunk-hooks.js:1897:20
    at new ZoneAwarePromise [90m(/home/user/shoplisl/[39mnode_modules/[4mzone.js[24m/fesm2015/zone.js:2701:25[90m)[39m
    at runWithTimeout [90m(file:///home/user/shoplisl/[39mnode_modules/[4m@vitest/runner[24m/dist/chunk-hooks.js:1863:10[90m)[39m
    at runHook [90m(file:///home/user/shoplisl/[39mnode_modules/[4m@vitest/runner[24m/dist/chunk-hooks.js:1436:51[90m)[39m
    at callSuiteHook [90m(file:///home/user/shoplisl/[39mnode_modules/[4m@vitest/runner[24m/dist/chunk-hooks.js:1442:25[90m)[39m
[90m    at processTicksAndRejections (node:internal/process/task_queues:105:5)[39m

stdout | src/app/shared/components/voice-ai-assistant/voice-ai-assistant.component.spec.ts > VoiceAIAssistantComponent > Message Flow > should clear disambiguation before sending
💬 Chat loaded: { total: [33m0[39m, userMessages: [33m0[39m }

stderr | src/app/shared/components/voice-ai-assistant/voice-ai-assistant.component.spec.ts > VoiceAIAssistantComponent > Message Flow > should clear disambiguation before sending
TypeError: Cannot read properties of undefined (reading 'search')
    at VoiceAIAssistantComponent.handleDeepLinkParameters [90m(/home/user/shoplisl/[39msrc/app/shared/components/voice-ai-assistant/voice-ai-assistant.component.ts:214:59[90m)[39m
    at VoiceAIAssistantComponent.ngOnInit [90m(/home/user/shoplisl/[39msrc/app/shared/components/voice-ai-assistant/voice-ai-assistant.component.ts:126:10[90m)[39m
    at [90m/home/user/shoplisl/[39msrc/app/shared/components/voice-ai-assistant/voice-ai-assistant.component.spec.ts:465:17
    at [90mfile:///home/user/shoplisl/[39mnode_modules/[4m@vitest/runner[24m/dist/chunk-hooks.js:155:11
    at [90mfile:///home/user/shoplisl/[39mnode_modules/[4m@vitest/runner[24m/dist/chunk-hooks.js:1897:20
    at new ZoneAwarePromise [90m(/home/user/shoplisl/[39mnode_modules/[4mzone.js[24m/fesm2015/zone.js:2701:25[90m)[39m
    at runWithTimeout [90m(file:///home/user/shoplisl/[39mnode_modules/[4m@vitest/runner[24m/dist/chunk-hooks.js:1863:10[90m)[39m
    at runHook [90m(file:///home/user/shoplisl/[39mnode_modules/[4m@vitest/runner[24m/dist/chunk-hooks.js:1436:51[90m)[39m
    at callSuiteHook [90m(file:///home/user/shoplisl/[39mnode_modules/[4m@vitest/runner[24m/dist/chunk-hooks.js:1442:25[90m)[39m
[90m    at processTicksAndRejections (node:internal/process/task_queues:105:5)[39m

stdout | src/app/shared/components/voice-ai-assistant/voice-ai-assistant.component.spec.ts > VoiceAIAssistantComponent > Message Flow > should sync context before sending
💬 Chat loaded: { total: [33m0[39m, userMessages: [33m0[39m }

stderr | src/app/shared/components/voice-ai-assistant/voice-ai-assistant.component.spec.ts > VoiceAIAssistantComponent > Message Flow > should sync context before sending
TypeError: Cannot read properties of undefined (reading 'search')
    at VoiceAIAssistantComponent.handleDeepLinkParameters [90m(/home/user/shoplisl/[39msrc/app/shared/components/voice-ai-assistant/voice-ai-assistant.component.ts:214:59[90m)[39m
    at VoiceAIAssistantComponent.ngOnInit [90m(/home/user/shoplisl/[39msrc/app/shared/components/voice-ai-assistant/voice-ai-assistant.component.ts:126:10[90m)[39m
    at [90m/home/user/shoplisl/[39msrc/app/shared/components/voice-ai-assistant/voice-ai-assistant.component.spec.ts:465:17
    at [90mfile:///home/user/shoplisl/[39mnode_modules/[4m@vitest/runner[24m/dist/chunk-hooks.js:155:11
    at [90mfile:///home/user/shoplisl/[39mnode_modules/[4m@vitest/runner[24m/dist/chunk-hooks.js:1897:20
    at new ZoneAwarePromise [90m(/home/user/shoplisl/[39mnode_modules/[4mzone.js[24m/fesm2015/zone.js:2701:25[90m)[39m
    at runWithTimeout [90m(file:///home/user/shoplisl/[39mnode_modules/[4m@vitest/runner[24m/dist/chunk-hooks.js:1863:10[90m)[39m
    at runHook [90m(file:///home/user/shoplisl/[39mnode_modules/[4m@vitest/runner[24m/dist/chunk-hooks.js:1436:51[90m)[39m
    at callSuiteHook [90m(file:///home/user/shoplisl/[39mnode_modules/[4m@vitest/runner[24m/dist/chunk-hooks.js:1442:25[90m)[39m
[90m    at processTicksAndRejections (node:internal/process/task_queues:105:5)[39m

stdout | src/app/shared/components/voice-ai-assistant/voice-ai-assistant.component.spec.ts > VoiceAIAssistantComponent > Message Flow > should handle AI execution errors gracefully
💬 Chat loaded: { total: [33m0[39m, userMessages: [33m0[39m }

stderr | src/app/shared/components/voice-ai-assistant/voice-ai-assistant.component.spec.ts > VoiceAIAssistantComponent > Message Flow > should handle AI execution errors gracefully
TypeError: Cannot read properties of undefined (reading 'search')
    at VoiceAIAssistantComponent.handleDeepLinkParameters [90m(/home/user/shoplisl/[39msrc/app/shared/components/voice-ai-assistant/voice-ai-assistant.component.ts:214:59[90m)[39m
    at VoiceAIAssistantComponent.ngOnInit [90m(/home/user/shoplisl/[39msrc/app/shared/components/voice-ai-assistant/voice-ai-assistant.component.ts:126:10[90m)[39m
    at [90m/home/user/shoplisl/[39msrc/app/shared/components/voice-ai-assistant/voice-ai-assistant.component.spec.ts:465:17
    at [90mfile:///home/user/shoplisl/[39mnode_modules/[4m@vitest/runner[24m/dist/chunk-hooks.js:155:11
    at [90mfile:///home/user/shoplisl/[39mnode_modules/[4m@vitest/runner[24m/dist/chunk-hooks.js:1897:20
    at new ZoneAwarePromise [90m(/home/user/shoplisl/[39mnode_modules/[4mzone.js[24m/fesm2015/zone.js:2701:25[90m)[39m
    at runWithTimeout [90m(file:///home/user/shoplisl/[39mnode_modules/[4m@vitest/runner[24m/dist/chunk-hooks.js:1863:10[90m)[39m
    at runHook [90m(file:///home/user/shoplisl/[39mnode_modules/[4m@vitest/runner[24m/dist/chunk-hooks.js:1436:51[90m)[39m
    at callSuiteHook [90m(file:///home/user/shoplisl/[39mnode_modules/[4m@vitest/runner[24m/dist/chunk-hooks.js:1442:25[90m)[39m
[90m    at processTicksAndRejections (node:internal/process/task_queues:105:5)[39m

stdout | src/app/shared/components/voice-ai-assistant/voice-ai-assistant.component.spec.ts > VoiceAIAssistantComponent > Message Flow > should scroll after message handling
💬 Chat loaded: { total: [33m0[39m, userMessages: [33m0[39m }

stderr | src/app/shared/components/voice-ai-assistant/voice-ai-assistant.component.spec.ts > VoiceAIAssistantComponent > Message Flow > should scroll after message handling
TypeError: Cannot read properties of undefined (reading 'search')
    at VoiceAIAssistantComponent.handleDeepLinkParameters [90m(/home/user/shoplisl/[39msrc/app/shared/components/voice-ai-assistant/voice-ai-assistant.component.ts:214:59[90m)[39m
    at VoiceAIAssistantComponent.ngOnInit [90m(/home/user/shoplisl/[39msrc/app/shared/components/voice-ai-assistant/voice-ai-assistant.component.ts:126:10[90m)[39m
    at [90m/home/user/shoplisl/[39msrc/app/shared/components/voice-ai-assistant/voice-ai-assistant.component.spec.ts:465:17
    at [90mfile:///home/user/shoplisl/[39mnode_modules/[4m@vitest/runner[24m/dist/chunk-hooks.js:155:11
    at [90mfile:///home/user/shoplisl/[39mnode_modules/[4m@vitest/runner[24m/dist/chunk-hooks.js:1897:20
    at new ZoneAwarePromise [90m(/home/user/shoplisl/[39mnode_modules/[4mzone.js[24m/fesm2015/zone.js:2701:25[90m)[39m
    at runWithTimeout [90m(file:///home/user/shoplisl/[39mnode_modules/[4m@vitest/runner[24m/dist/chunk-hooks.js:1863:10[90m)[39m
    at runHook [90m(file:///home/user/shoplisl/[39mnode_modules/[4m@vitest/runner[24m/dist/chunk-hooks.js:1436:51[90m)[39m
    at callSuiteHook [90m(file:///home/user/shoplisl/[39mnode_modules/[4m@vitest/runner[24m/dist/chunk-hooks.js:1442:25[90m)[39m
[90m    at processTicksAndRejections (node:internal/process/task_queues:105:5)[39m

stdout | src/app/shared/components/voice-ai-assistant/voice-ai-assistant.component.spec.ts > VoiceAIAssistantComponent > AI Result Handling > should add AI response message to chat
💬 Chat loaded: { total: [33m0[39m, userMessages: [33m0[39m }

stderr | src/app/shared/components/voice-ai-assistant/voice-ai-assistant.component.spec.ts > VoiceAIAssistantComponent > AI Result Handling > should add AI response message to chat
TypeError: Cannot read properties of undefined (reading 'search')
    at VoiceAIAssistantComponent.handleDeepLinkParameters [90m(/home/user/shoplisl/[39msrc/app/shared/components/voice-ai-assistant/voice-ai-assistant.component.ts:214:59[90m)[39m
    at VoiceAIAssistantComponent.ngOnInit [90m(/home/user/shoplisl/[39msrc/app/shared/components/voice-ai-assistant/voice-ai-assistant.component.ts:126:10[90m)[39m
    at [90m/home/user/shoplisl/[39msrc/app/shared/components/voice-ai-assistant/voice-ai-assistant.component.spec.ts:600:17
    at [90mfile:///home/user/shoplisl/[39mnode_modules/[4m@vitest/runner[24m/dist/chunk-hooks.js:155:11
    at [90mfile:///home/user/shoplisl/[39mnode_modules/[4m@vitest/runner[24m/dist/chunk-hooks.js:1897:20
    at new ZoneAwarePromise [90m(/home/user/shoplisl/[39mnode_modules/[4mzone.js[24m/fesm2015/zone.js:2701:25[90m)[39m
    at runWithTimeout [90m(file:///home/user/shoplisl/[39mnode_modules/[4m@vitest/runner[24m/dist/chunk-hooks.js:1863:10[90m)[39m
    at runHook [90m(file:///home/user/shoplisl/[39mnode_modules/[4m@vitest/runner[24m/dist/chunk-hooks.js:1436:51[90m)[39m
    at callSuiteHook [90m(file:///home/user/shoplisl/[39mnode_modules/[4m@vitest/runner[24m/dist/chunk-hooks.js:1442:25[90m)[39m
[90m    at processTicksAndRejections (node:internal/process/task_queues:105:5)[39m

stdout | src/app/shared/components/voice-ai-assistant/voice-ai-assistant.component.spec.ts > VoiceAIAssistantComponent > AI Result Handling > should add error message for failed result
💬 Chat loaded: { total: [33m0[39m, userMessages: [33m0[39m }

stderr | src/app/shared/components/voice-ai-assistant/voice-ai-assistant.component.spec.ts > VoiceAIAssistantComponent > AI Result Handling > should add error message for failed result
TypeError: Cannot read properties of undefined (reading 'search')
    at VoiceAIAssistantComponent.handleDeepLinkParameters [90m(/home/user/shoplisl/[39msrc/app/shared/components/voice-ai-assistant/voice-ai-assistant.component.ts:214:59[90m)[39m
    at VoiceAIAssistantComponent.ngOnInit [90m(/home/user/shoplisl/[39msrc/app/shared/components/voice-ai-assistant/voice-ai-assistant.component.ts:126:10[90m)[39m
    at [90m/home/user/shoplisl/[39msrc/app/shared/components/voice-ai-assistant/voice-ai-assistant.component.spec.ts:600:17
    at [90mfile:///home/user/shoplisl/[39mnode_modules/[4m@vitest/runner[24m/dist/chunk-hooks.js:155:11
    at [90mfile:///home/user/shoplisl/[39mnode_modules/[4m@vitest/runner[24m/dist/chunk-hooks.js:1897:20
    at new ZoneAwarePromise [90m(/home/user/shoplisl/[39mnode_modules/[4mzone.js[24m/fesm2015/zone.js:2701:25[90m)[39m
    at runWithTimeout [90m(file:///home/user/shoplisl/[39mnode_modules/[4m@vitest/runner[24m/dist/chunk-hooks.js:1863:10[90m)[39m
    at runHook [90m(file:///home/user/shoplisl/[39mnode_modules/[4m@vitest/runner[24m/dist/chunk-hooks.js:1436:51[90m)[39m
    at callSuiteHook [90m(file:///home/user/shoplisl/[39mnode_modules/[4m@vitest/runner[24m/dist/chunk-hooks.js:1442:25[90m)[39m
[90m    at processTicksAndRejections (node:internal/process/task_queues:105:5)[39m

stdout | src/app/shared/components/voice-ai-assistant/voice-ai-assistant.component.spec.ts > VoiceAIAssistantComponent > AI Result Handling > should handle disambiguation when needed
💬 Chat loaded: { total: [33m0[39m, userMessages: [33m0[39m }

stderr | src/app/shared/components/voice-ai-assistant/voice-ai-assistant.component.spec.ts > VoiceAIAssistantComponent > AI Result Handling > should handle disambiguation when needed
TypeError: Cannot read properties of undefined (reading 'search')
    at VoiceAIAssistantComponent.handleDeepLinkParameters [90m(/home/user/shoplisl/[39msrc/app/shared/components/voice-ai-assistant/voice-ai-assistant.component.ts:214:59[90m)[39m
    at VoiceAIAssistantComponent.ngOnInit [90m(/home/user/shoplisl/[39msrc/app/shared/components/voice-ai-assistant/voice-ai-assistant.component.ts:126:10[90m)[39m
    at [90m/home/user/shoplisl/[39msrc/app/shared/components/voice-ai-assistant/voice-ai-assistant.component.spec.ts:600:17
    at [90mfile:///home/user/shoplisl/[39mnode_modules/[4m@vitest/runner[24m/dist/chunk-hooks.js:155:11
    at [90mfile:///home/user/shoplisl/[39mnode_modules/[4m@vitest/runner[24m/dist/chunk-hooks.js:1897:20
    at new ZoneAwarePromise [90m(/home/user/shoplisl/[39mnode_modules/[4mzone.js[24m/fesm2015/zone.js:2701:25[90m)[39m
    at runWithTimeout [90m(file:///home/user/shoplisl/[39mnode_modules/[4m@vitest/runner[24m/dist/chunk-hooks.js:1863:10[90m)[39m
    at runHook [90m(file:///home/user/shoplisl/[39mnode_modules/[4m@vitest/runner[24m/dist/chunk-hooks.js:1436:51[90m)[39m
    at callSuiteHook [90m(file:///home/user/shoplisl/[39mnode_modules/[4m@vitest/runner[24m/dist/chunk-hooks.js:1442:25[90m)[39m
[90m    at processTicksAndRejections (node:internal/process/task_queues:105:5)[39m

stdout | src/app/shared/components/voice-ai-assistant/voice-ai-assistant.component.spec.ts > VoiceAIAssistantComponent > AI Result Handling > should update conversation context from result
💬 Chat loaded: { total: [33m0[39m, userMessages: [33m0[39m }

stderr | src/app/shared/components/voice-ai-assistant/voice-ai-assistant.component.spec.ts > VoiceAIAssistantComponent > AI Result Handling > should update conversation context from result
TypeError: Cannot read properties of undefined (reading 'search')
    at VoiceAIAssistantComponent.handleDeepLinkParameters [90m(/home/user/shoplisl/[39msrc/app/shared/components/voice-ai-assistant/voice-ai-assistant.component.ts:214:59[90m)[39m
    at VoiceAIAssistantComponent.ngOnInit [90m(/home/user/shoplisl/[39msrc/app/shared/components/voice-ai-assistant/voice-ai-assistant.component.ts:126:10[90m)[39m
    at [90m/home/user/shoplisl/[39msrc/app/shared/components/voice-ai-assistant/voice-ai-assistant.component.spec.ts:600:17
    at [90mfile:///home/user/shoplisl/[39mnode_modules/[4m@vitest/runner[24m/dist/chunk-hooks.js:155:11
    at [90mfile:///home/user/shoplisl/[39mnode_modules/[4m@vitest/runner[24m/dist/chunk-hooks.js:1897:20
    at new ZoneAwarePromise [90m(/home/user/shoplisl/[39mnode_modules/[4mzone.js[24m/fesm2015/zone.js:2701:25[90m)[39m
    at runWithTimeout [90m(file:///home/user/shoplisl/[39mnode_modules/[4m@vitest/runner[24m/dist/chunk-hooks.js:1863:10[90m)[39m
    at runHook [90m(file:///home/user/shoplisl/[39mnode_modules/[4m@vitest/runner[24m/dist/chunk-hooks.js:1436:51[90m)[39m
    at callSuiteHook [90m(file:///home/user/shoplisl/[39mnode_modules/[4m@vitest/runner[24m/dist/chunk-hooks.js:1442:25[90m)[39m
[90m    at processTicksAndRejections (node:internal/process/task_queues:105:5)[39m

stdout | src/app/shared/components/voice-ai-assistant/voice-ai-assistant.component.spec.ts > VoiceAIAssistantComponent > AI Result Handling > should show follow-up prompt after delay
💬 Chat loaded: { total: [33m0[39m, userMessages: [33m0[39m }

stderr | src/app/shared/components/voice-ai-assistant/voice-ai-assistant.component.spec.ts > VoiceAIAssistantComponent > AI Result Handling > should show follow-up prompt after delay
TypeError: Cannot read properties of undefined (reading 'search')
    at VoiceAIAssistantComponent.handleDeepLinkParameters [90m(/home/user/shoplisl/[39msrc/app/shared/components/voice-ai-assistant/voice-ai-assistant.component.ts:214:59[90m)[39m
    at VoiceAIAssistantComponent.ngOnInit [90m(/home/user/shoplisl/[39msrc/app/shared/components/voice-ai-assistant/voice-ai-assistant.component.ts:126:10[90m)[39m
    at [90m/home/user/shoplisl/[39msrc/app/shared/components/voice-ai-assistant/voice-ai-assistant.component.spec.ts:600:17
    at [90mfile:///home/user/shoplisl/[39mnode_modules/[4m@vitest/runner[24m/dist/chunk-hooks.js:155:11
    at [90mfile:///home/user/shoplisl/[39mnode_modules/[4m@vitest/runner[24m/dist/chunk-hooks.js:1897:20
    at new ZoneAwarePromise [90m(/home/user/shoplisl/[39mnode_modules/[4mzone.js[24m/fesm2015/zone.js:2701:25[90m)[39m
    at runWithTimeout [90m(file:///home/user/shoplisl/[39mnode_modules/[4m@vitest/runner[24m/dist/chunk-hooks.js:1863:10[90m)[39m
    at runHook [90m(file:///home/user/shoplisl/[39mnode_modules/[4m@vitest/runner[24m/dist/chunk-hooks.js:1436:51[90m)[39m
    at callSuiteHook [90m(file:///home/user/shoplisl/[39mnode_modules/[4m@vitest/runner[24m/dist/chunk-hooks.js:1442:25[90m)[39m
[90m    at processTicksAndRejections (node:internal/process/task_queues:105:5)[39m

stdout | src/app/shared/components/voice-ai-assistant/voice-ai-assistant.component.spec.ts > VoiceAIAssistantComponent > AI Result Handling > should force context after list creation
💬 Chat loaded: { total: [33m0[39m, userMessages: [33m0[39m }

stderr | src/app/shared/components/voice-ai-assistant/voice-ai-assistant.component.spec.ts > VoiceAIAssistantComponent > AI Result Handling > should force context after list creation
TypeError: Cannot read properties of undefined (reading 'search')
    at VoiceAIAssistantComponent.handleDeepLinkParameters [90m(/home/user/shoplisl/[39msrc/app/shared/components/voice-ai-assistant/voice-ai-assistant.component.ts:214:59[90m)[39m
    at VoiceAIAssistantComponent.ngOnInit [90m(/home/user/shoplisl/[39msrc/app/shared/components/voice-ai-assistant/voice-ai-assistant.component.ts:126:10[90m)[39m
    at [90m/home/user/shoplisl/[39msrc/app/shared/components/voice-ai-assistant/voice-ai-assistant.component.spec.ts:600:17
    at [90mfile:///home/user/shoplisl/[39mnode_modules/[4m@vitest/runner[24m/dist/chunk-hooks.js:155:11
    at [90mfile:///home/user/shoplisl/[39mnode_modules/[4m@vitest/runner[24m/dist/chunk-hooks.js:1897:20
    at new ZoneAwarePromise [90m(/home/user/shoplisl/[39mnode_modules/[4mzone.js[24m/fesm2015/zone.js:2701:25[90m)[39m
    at runWithTimeout [90m(file:///home/user/shoplisl/[39mnode_modules/[4m@vitest/runner[24m/dist/chunk-hooks.js:1863:10[90m)[39m
    at runHook [90m(file:///home/user/shoplisl/[39mnode_modules/[4m@vitest/runner[24m/dist/chunk-hooks.js:1436:51[90m)[39m
    at callSuiteHook [90m(file:///home/user/shoplisl/[39mnode_modules/[4m@vitest/runner[24m/dist/chunk-hooks.js:1442:25[90m)[39m
[90m    at processTicksAndRejections (node:internal/process/task_queues:105:5)[39m

stdout | src/app/shared/components/voice-ai-assistant/voice-ai-assistant.component.spec.ts > VoiceAIAssistantComponent > AI Result Handling > should force context after article addition
💬 Chat loaded: { total: [33m0[39m, userMessages: [33m0[39m }

stderr | src/app/shared/components/voice-ai-assistant/voice-ai-assistant.component.spec.ts > VoiceAIAssistantComponent > AI Result Handling > should force context after article addition
TypeError: Cannot read properties of undefined (reading 'search')
    at VoiceAIAssistantComponent.handleDeepLinkParameters [90m(/home/user/shoplisl/[39msrc/app/shared/components/voice-ai-assistant/voice-ai-assistant.component.ts:214:59[90m)[39m
    at VoiceAIAssistantComponent.ngOnInit [90m(/home/user/shoplisl/[39msrc/app/shared/components/voice-ai-assistant/voice-ai-assistant.component.ts:126:10[90m)[39m
    at [90m/home/user/shoplisl/[39msrc/app/shared/components/voice-ai-assistant/voice-ai-assistant.component.spec.ts:600:17
    at [90mfile:///home/user/shoplisl/[39mnode_modules/[4m@vitest/runner[24m/dist/chunk-hooks.js:155:11
    at [90mfile:///home/user/shoplisl/[39mnode_modules/[4m@vitest/runner[24m/dist/chunk-hooks.js:1897:20
    at new ZoneAwarePromise [90m(/home/user/shoplisl/[39mnode_modules/[4mzone.js[24m/fesm2015/zone.js:2701:25[90m)[39m
    at runWithTimeout [90m(file:///home/user/shoplisl/[39mnode_modules/[4m@vitest/runner[24m/dist/chunk-hooks.js:1863:10[90m)[39m
    at runHook [90m(file:///home/user/shoplisl/[39mnode_modules/[4m@vitest/runner[24m/dist/chunk-hooks.js:1436:51[90m)[39m
    at callSuiteHook [90m(file:///home/user/shoplisl/[39mnode_modules/[4m@vitest/runner[24m/dist/chunk-hooks.js:1442:25[90m)[39m
[90m    at processTicksAndRejections (node:internal/process/task_queues:105:5)[39m

stdout | src/app/shared/components/voice-ai-assistant/voice-ai-assistant.component.spec.ts > VoiceAIAssistantComponent > AI Result Handling > should scroll multiple times for dynamic content
💬 Chat loaded: { total: [33m0[39m, userMessages: [33m0[39m }

stderr | src/app/shared/components/voice-ai-assistant/voice-ai-assistant.component.spec.ts > VoiceAIAssistantComponent > AI Result Handling > should scroll multiple times for dynamic content
TypeError: Cannot read properties of undefined (reading 'search')
    at VoiceAIAssistantComponent.handleDeepLinkParameters [90m(/home/user/shoplisl/[39msrc/app/shared/components/voice-ai-assistant/voice-ai-assistant.component.ts:214:59[90m)[39m
    at VoiceAIAssistantComponent.ngOnInit [90m(/home/user/shoplisl/[39msrc/app/shared/components/voice-ai-assistant/voice-ai-assistant.component.ts:126:10[90m)[39m
    at [90m/home/user/shoplisl/[39msrc/app/shared/components/voice-ai-assistant/voice-ai-assistant.component.spec.ts:600:17
    at [90mfile:///home/user/shoplisl/[39mnode_modules/[4m@vitest/runner[24m/dist/chunk-hooks.js:155:11
    at [90mfile:///home/user/shoplisl/[39mnode_modules/[4m@vitest/runner[24m/dist/chunk-hooks.js:1897:20
    at new ZoneAwarePromise [90m(/home/user/shoplisl/[39mnode_modules/[4mzone.js[24m/fesm2015/zone.js:2701:25[90m)[39m
    at runWithTimeout [90m(file:///home/user/shoplisl/[39mnode_modules/[4m@vitest/runner[24m/dist/chunk-hooks.js:1863:10[90m)[39m
    at runHook [90m(file:///home/user/shoplisl/[39mnode_modules/[4m@vitest/runner[24m/dist/chunk-hooks.js:1436:51[90m)[39m
    at callSuiteHook [90m(file:///home/user/shoplisl/[39mnode_modules/[4m@vitest/runner[24m/dist/chunk-hooks.js:1442:25[90m)[39m
[90m    at processTicksAndRejections (node:internal/process/task_queues:105:5)[39m

stdout | src/app/shared/components/voice-ai-assistant/voice-ai-assistant.component.spec.ts > VoiceAIAssistantComponent > Conversation State > should detect active conversation
💬 Chat loaded: { total: [33m0[39m, userMessages: [33m0[39m }

stderr | src/app/shared/components/voice-ai-assistant/voice-ai-assistant.component.spec.ts > VoiceAIAssistantComponent > Conversation State > should detect active conversation
TypeError: Cannot read properties of undefined (reading 'search')
    at VoiceAIAssistantComponent.handleDeepLinkParameters [90m(/home/user/shoplisl/[39msrc/app/shared/components/voice-ai-assistant/voice-ai-assistant.component.ts:214:59[90m)[39m
    at VoiceAIAssistantComponent.ngOnInit [90m(/home/user/shoplisl/[39msrc/app/shared/components/voice-ai-assistant/voice-ai-assistant.component.ts:126:10[90m)[39m
    at [90m/home/user/shoplisl/[39msrc/app/shared/components/voice-ai-assistant/voice-ai-assistant.component.spec.ts:739:17
    at [90mfile:///home/user/shoplisl/[39mnode_modules/[4m@vitest/runner[24m/dist/chunk-hooks.js:155:11
    at [90mfile:///home/user/shoplisl/[39mnode_modules/[4m@vitest/runner[24m/dist/chunk-hooks.js:1897:20
    at new ZoneAwarePromise [90m(/home/user/shoplisl/[39mnode_modules/[4mzone.js[24m/fesm2015/zone.js:2701:25[90m)[39m
    at runWithTimeout [90m(file:///home/user/shoplisl/[39mnode_modules/[4m@vitest/runner[24m/dist/chunk-hooks.js:1863:10[90m)[39m
    at runHook [90m(file:///home/user/shoplisl/[39mnode_modules/[4m@vitest/runner[24m/dist/chunk-hooks.js:1436:51[90m)[39m
    at callSuiteHook [90m(file:///home/user/shoplisl/[39mnode_modules/[4m@vitest/runner[24m/dist/chunk-hooks.js:1442:25[90m)[39m
[90m    at processTicksAndRejections (node:internal/process/task_queues:105:5)[39m

stdout | src/app/shared/components/voice-ai-assistant/voice-ai-assistant.component.spec.ts > VoiceAIAssistantComponent > Conversation State > should return false when no active conversation
💬 Chat loaded: { total: [33m0[39m, userMessages: [33m0[39m }

stderr | src/app/shared/components/voice-ai-assistant/voice-ai-assistant.component.spec.ts > VoiceAIAssistantComponent > Conversation State > should return false when no active conversation
TypeError: Cannot read properties of undefined (reading 'search')
    at VoiceAIAssistantComponent.handleDeepLinkParameters [90m(/home/user/shoplisl/[39msrc/app/shared/components/voice-ai-assistant/voice-ai-assistant.component.ts:214:59[90m)[39m
    at VoiceAIAssistantComponent.ngOnInit [90m(/home/user/shoplisl/[39msrc/app/shared/components/voice-ai-assistant/voice-ai-assistant.component.ts:126:10[90m)[39m
    at [90m/home/user/shoplisl/[39msrc/app/shared/components/voice-ai-assistant/voice-ai-assistant.component.spec.ts:739:17
    at [90mfile:///home/user/shoplisl/[39mnode_modules/[4m@vitest/runner[24m/dist/chunk-hooks.js:155:11
    at [90mfile:///home/user/shoplisl/[39mnode_modules/[4m@vitest/runner[24m/dist/chunk-hooks.js:1897:20
    at new ZoneAwarePromise [90m(/home/user/shoplisl/[39mnode_modules/[4mzone.js[24m/fesm2015/zone.js:2701:25[90m)[39m
    at runWithTimeout [90m(file:///home/user/shoplisl/[39mnode_modules/[4m@vitest/runner[24m/dist/chunk-hooks.js:1863:10[90m)[39m
    at runHook [90m(file:///home/user/shoplisl/[39mnode_modules/[4m@vitest/runner[24m/dist/chunk-hooks.js:1436:51[90m)[39m
    at callSuiteHook [90m(file:///home/user/shoplisl/[39mnode_modules/[4m@vitest/runner[24m/dist/chunk-hooks.js:1442:25[90m)[39m
[90m    at processTicksAndRejections (node:internal/process/task_queues:105:5)[39m

stdout | src/app/shared/components/voice-ai-assistant/voice-ai-assistant.component.spec.ts > VoiceAIAssistantComponent > Conversation State > should cache conversation status for performance
💬 Chat loaded: { total: [33m0[39m, userMessages: [33m0[39m }

stderr | src/app/shared/components/voice-ai-assistant/voice-ai-assistant.component.spec.ts > VoiceAIAssistantComponent > Conversation State > should cache conversation status for performance
TypeError: Cannot read properties of undefined (reading 'search')
    at VoiceAIAssistantComponent.handleDeepLinkParameters [90m(/home/user/shoplisl/[39msrc/app/shared/components/voice-ai-assistant/voice-ai-assistant.component.ts:214:59[90m)[39m
    at VoiceAIAssistantComponent.ngOnInit [90m(/home/user/shoplisl/[39msrc/app/shared/components/voice-ai-assistant/voice-ai-assistant.component.ts:126:10[90m)[39m
    at [90m/home/user/shoplisl/[39msrc/app/shared/components/voice-ai-assistant/voice-ai-assistant.component.spec.ts:739:17
    at [90mfile:///home/user/shoplisl/[39mnode_modules/[4m@vitest/runner[24m/dist/chunk-hooks.js:155:11
    at [90mfile:///home/user/shoplisl/[39mnode_modules/[4m@vitest/runner[24m/dist/chunk-hooks.js:1897:20
    at new ZoneAwarePromise [90m(/home/user/shoplisl/[39mnode_modules/[4mzone.js[24m/fesm2015/zone.js:2701:25[90m)[39m
    at runWithTimeout [90m(file:///home/user/shoplisl/[39mnode_modules/[4m@vitest/runner[24m/dist/chunk-hooks.js:1863:10[90m)[39m
    at runHook [90m(file:///home/user/shoplisl/[39mnode_modules/[4m@vitest/runner[24m/dist/chunk-hooks.js:1436:51[90m)[39m
    at callSuiteHook [90m(file:///home/user/shoplisl/[39mnode_modules/[4m@vitest/runner[24m/dist/chunk-hooks.js:1442:25[90m)[39m
[90m    at processTicksAndRejections (node:internal/process/task_queues:105:5)[39m

stdout | src/app/shared/components/voice-ai-assistant/voice-ai-assistant.component.spec.ts > VoiceAIAssistantComponent > Conversation State > should get current target list from context
💬 Chat loaded: { total: [33m0[39m, userMessages: [33m0[39m }

stderr | src/app/shared/components/voice-ai-assistant/voice-ai-assistant.component.spec.ts > VoiceAIAssistantComponent > Conversation State > should get current target list from context
TypeError: Cannot read properties of undefined (reading 'search')
    at VoiceAIAssistantComponent.handleDeepLinkParameters [90m(/home/user/shoplisl/[39msrc/app/shared/components/voice-ai-assistant/voice-ai-assistant.component.ts:214:59[90m)[39m
    at VoiceAIAssistantComponent.ngOnInit [90m(/home/user/shoplisl/[39msrc/app/shared/components/voice-ai-assistant/voice-ai-assistant.component.ts:126:10[90m)[39m
    at [90m/home/user/shoplisl/[39msrc/app/shared/components/voice-ai-assistant/voice-ai-assistant.component.spec.ts:739:17
    at [90mfile:///home/user/shoplisl/[39mnode_modules/[4m@vitest/runner[24m/dist/chunk-hooks.js:155:11
    at [90mfile:///home/user/shoplisl/[39mnode_modules/[4m@vitest/runner[24m/dist/chunk-hooks.js:1897:20
    at new ZoneAwarePromise [90m(/home/user/shoplisl/[39mnode_modules/[4mzone.js[24m/fesm2015/zone.js:2701:25[90m)[39m
    at runWithTimeout [90m(file:///home/user/shoplisl/[39mnode_modules/[4m@vitest/runner[24m/dist/chunk-hooks.js:1863:10[90m)[39m
    at runHook [90m(file:///home/user/shoplisl/[39mnode_modules/[4m@vitest/runner[24m/dist/chunk-hooks.js:1436:51[90m)[39m
    at callSuiteHook [90m(file:///home/user/shoplisl/[39mnode_modules/[4m@vitest/runner[24m/dist/chunk-hooks.js:1442:25[90m)[39m
[90m    at processTicksAndRejections (node:internal/process/task_queues:105:5)[39m

stdout | src/app/shared/components/voice-ai-assistant/voice-ai-assistant.component.spec.ts > VoiceAIAssistantComponent > Conversation State > should return null when no target list
💬 Chat loaded: { total: [33m0[39m, userMessages: [33m0[39m }

stderr | src/app/shared/components/voice-ai-assistant/voice-ai-assistant.component.spec.ts > VoiceAIAssistantComponent > Conversation State > should return null when no target list
TypeError: Cannot read properties of undefined (reading 'search')
    at VoiceAIAssistantComponent.handleDeepLinkParameters [90m(/home/user/shoplisl/[39msrc/app/shared/components/voice-ai-assistant/voice-ai-assistant.component.ts:214:59[90m)[39m
    at VoiceAIAssistantComponent.ngOnInit [90m(/home/user/shoplisl/[39msrc/app/shared/components/voice-ai-assistant/voice-ai-assistant.component.ts:126:10[90m)[39m
    at [90m/home/user/shoplisl/[39msrc/app/shared/components/voice-ai-assistant/voice-ai-assistant.component.spec.ts:739:17
    at [90mfile:///home/user/shoplisl/[39mnode_modules/[4m@vitest/runner[24m/dist/chunk-hooks.js:155:11
    at [90mfile:///home/user/shoplisl/[39mnode_modules/[4m@vitest/runner[24m/dist/chunk-hooks.js:1897:20
    at new ZoneAwarePromise [90m(/home/user/shoplisl/[39mnode_modules/[4mzone.js[24m/fesm2015/zone.js:2701:25[90m)[39m
    at runWithTimeout [90m(file:///home/user/shoplisl/[39mnode_modules/[4m@vitest/runner[24m/dist/chunk-hooks.js:1863:10[90m)[39m
    at runHook [90m(file:///home/user/shoplisl/[39mnode_modules/[4m@vitest/runner[24m/dist/chunk-hooks.js:1436:51[90m)[39m
    at callSuiteHook [90m(file:///home/user/shoplisl/[39mnode_modules/[4m@vitest/runner[24m/dist/chunk-hooks.js:1442:25[90m)[39m
[90m    at processTicksAndRejections (node:internal/process/task_queues:105:5)[39m

stdout | src/app/shared/components/voice-ai-assistant/voice-ai-assistant.component.spec.ts > VoiceAIAssistantComponent > Conversation State > should get conversation status message
💬 Chat loaded: { total: [33m0[39m, userMessages: [33m0[39m }

stderr | src/app/shared/components/voice-ai-assistant/voice-ai-assistant.component.spec.ts > VoiceAIAssistantComponent > Conversation State > should get conversation status message
TypeError: Cannot read properties of undefined (reading 'search')
    at VoiceAIAssistantComponent.handleDeepLinkParameters [90m(/home/user/shoplisl/[39msrc/app/shared/components/voice-ai-assistant/voice-ai-assistant.component.ts:214:59[90m)[39m
    at VoiceAIAssistantComponent.ngOnInit [90m(/home/user/shoplisl/[39msrc/app/shared/components/voice-ai-assistant/voice-ai-assistant.component.ts:126:10[90m)[39m
    at [90m/home/user/shoplisl/[39msrc/app/shared/components/voice-ai-assistant/voice-ai-assistant.component.spec.ts:739:17
    at [90mfile:///home/user/shoplisl/[39mnode_modules/[4m@vitest/runner[24m/dist/chunk-hooks.js:155:11
    at [90mfile:///home/user/shoplisl/[39mnode_modules/[4m@vitest/runner[24m/dist/chunk-hooks.js:1897:20
    at new ZoneAwarePromise [90m(/home/user/shoplisl/[39mnode_modules/[4mzone.js[24m/fesm2015/zone.js:2701:25[90m)[39m
    at runWithTimeout [90m(file:///home/user/shoplisl/[39mnode_modules/[4m@vitest/runner[24m/dist/chunk-hooks.js:1863:10[90m)[39m
    at runHook [90m(file:///home/user/shoplisl/[39mnode_modules/[4m@vitest/runner[24m/dist/chunk-hooks.js:1436:51[90m)[39m
    at callSuiteHook [90m(file:///home/user/shoplisl/[39mnode_modules/[4m@vitest/runner[24m/dist/chunk-hooks.js:1442:25[90m)[39m
[90m    at processTicksAndRejections (node:internal/process/task_queues:105:5)[39m

stdout | src/app/shared/components/voice-ai-assistant/voice-ai-assistant.component.spec.ts > VoiceAIAssistantComponent > Conversation State > should show "no active conversation" when context is empty
💬 Chat loaded: { total: [33m0[39m, userMessages: [33m0[39m }

stderr | src/app/shared/components/voice-ai-assistant/voice-ai-assistant.component.spec.ts > VoiceAIAssistantComponent > Conversation State > should show "no active conversation" when context is empty
TypeError: Cannot read properties of undefined (reading 'search')
    at VoiceAIAssistantComponent.handleDeepLinkParameters [90m(/home/user/shoplisl/[39msrc/app/shared/components/voice-ai-assistant/voice-ai-assistant.component.ts:214:59[90m)[39m
    at VoiceAIAssistantComponent.ngOnInit [90m(/home/user/shoplisl/[39msrc/app/shared/components/voice-ai-assistant/voice-ai-assistant.component.ts:126:10[90m)[39m
    at [90m/home/user/shoplisl/[39msrc/app/shared/components/voice-ai-assistant/voice-ai-assistant.component.spec.ts:739:17
    at [90mfile:///home/user/shoplisl/[39mnode_modules/[4m@vitest/runner[24m/dist/chunk-hooks.js:155:11
    at [90mfile:///home/user/shoplisl/[39mnode_modules/[4m@vitest/runner[24m/dist/chunk-hooks.js:1897:20
    at new ZoneAwarePromise [90m(/home/user/shoplisl/[39mnode_modules/[4mzone.js[24m/fesm2015/zone.js:2701:25[90m)[39m
    at runWithTimeout [90m(file:///home/user/shoplisl/[39mnode_modules/[4m@vitest/runner[24m/dist/chunk-hooks.js:1863:10[90m)[39m
    at runHook [90m(file:///home/user/shoplisl/[39mnode_modules/[4m@vitest/runner[24m/dist/chunk-hooks.js:1436:51[90m)[39m
    at callSuiteHook [90m(file:///home/user/shoplisl/[39mnode_modules/[4m@vitest/runner[24m/dist/chunk-hooks.js:1442:25[90m)[39m
[90m    at processTicksAndRejections (node:internal/process/task_queues:105:5)[39m

stdout | src/app/shared/components/voice-ai-assistant/voice-ai-assistant.component.spec.ts > VoiceAIAssistantComponent > Conversation State > should finish adding articles and clear context
💬 Chat loaded: { total: [33m0[39m, userMessages: [33m0[39m }

stderr | src/app/shared/components/voice-ai-assistant/voice-ai-assistant.component.spec.ts > VoiceAIAssistantComponent > Conversation State > should finish adding articles and clear context
TypeError: Cannot read properties of undefined (reading 'search')
    at VoiceAIAssistantComponent.handleDeepLinkParameters [90m(/home/user/shoplisl/[39msrc/app/shared/components/voice-ai-assistant/voice-ai-assistant.component.ts:214:59[90m)[39m
    at VoiceAIAssistantComponent.ngOnInit [90m(/home/user/shoplisl/[39msrc/app/shared/components/voice-ai-assistant/voice-ai-assistant.component.ts:126:10[90m)[39m
    at [90m/home/user/shoplisl/[39msrc/app/shared/components/voice-ai-assistant/voice-ai-assistant.component.spec.ts:739:17
    at [90mfile:///home/user/shoplisl/[39mnode_modules/[4m@vitest/runner[24m/dist/chunk-hooks.js:155:11
    at [90mfile:///home/user/shoplisl/[39mnode_modules/[4m@vitest/runner[24m/dist/chunk-hooks.js:1897:20
    at new ZoneAwarePromise [90m(/home/user/shoplisl/[39mnode_modules/[4mzone.js[24m/fesm2015/zone.js:2701:25[90m)[39m
    at runWithTimeout [90m(file:///home/user/shoplisl/[39mnode_modules/[4m@vitest/runner[24m/dist/chunk-hooks.js:1863:10[90m)[39m
    at runHook [90m(file:///home/user/shoplisl/[39mnode_modules/[4m@vitest/runner[24m/dist/chunk-hooks.js:1436:51[90m)[39m
    at callSuiteHook [90m(file:///home/user/shoplisl/[39mnode_modules/[4m@vitest/runner[24m/dist/chunk-hooks.js:1442:25[90m)[39m
[90m    at processTicksAndRejections (node:internal/process/task_queues:105:5)[39m

stdout | src/app/shared/components/voice-ai-assistant/voice-ai-assistant.component.spec.ts > VoiceAIAssistantComponent > Conversation State > should clear all contexts
💬 Chat loaded: { total: [33m0[39m, userMessages: [33m0[39m }

stderr | src/app/shared/components/voice-ai-assistant/voice-ai-assistant.component.spec.ts > VoiceAIAssistantComponent > Conversation State > should clear all contexts
TypeError: Cannot read properties of undefined (reading 'search')
    at VoiceAIAssistantComponent.handleDeepLinkParameters [90m(/home/user/shoplisl/[39msrc/app/shared/components/voice-ai-assistant/voice-ai-assistant.component.ts:214:59[90m)[39m
    at VoiceAIAssistantComponent.ngOnInit [90m(/home/user/shoplisl/[39msrc/app/shared/components/voice-ai-assistant/voice-ai-assistant.component.ts:126:10[90m)[39m
    at [90m/home/user/shoplisl/[39msrc/app/shared/components/voice-ai-assistant/voice-ai-assistant.component.spec.ts:739:17
    at [90mfile:///home/user/shoplisl/[39mnode_modules/[4m@vitest/runner[24m/dist/chunk-hooks.js:155:11
    at [90mfile:///home/user/shoplisl/[39mnode_modules/[4m@vitest/runner[24m/dist/chunk-hooks.js:1897:20
    at new ZoneAwarePromise [90m(/home/user/shoplisl/[39mnode_modules/[4mzone.js[24m/fesm2015/zone.js:2701:25[90m)[39m
    at runWithTimeout [90m(file:///home/user/shoplisl/[39mnode_modules/[4m@vitest/runner[24m/dist/chunk-hooks.js:1863:10[90m)[39m
    at runHook [90m(file:///home/user/shoplisl/[39mnode_modules/[4m@vitest/runner[24m/dist/chunk-hooks.js:1436:51[90m)[39m
    at callSuiteHook [90m(file:///home/user/shoplisl/[39mnode_modules/[4m@vitest/runner[24m/dist/chunk-hooks.js:1442:25[90m)[39m
[90m    at processTicksAndRejections (node:internal/process/task_queues:105:5)[39m

stdout | src/app/shared/components/voice-ai-assistant/voice-ai-assistant.component.spec.ts > VoiceAIAssistantComponent > Continuation Keywords > should detect continuation keywords
💬 Chat loaded: { total: [33m0[39m, userMessages: [33m0[39m }

stderr | src/app/shared/components/voice-ai-assistant/voice-ai-assistant.component.spec.ts > VoiceAIAssistantComponent > Continuation Keywords > should detect continuation keywords
TypeError: Cannot read properties of undefined (reading 'search')
    at VoiceAIAssistantComponent.handleDeepLinkParameters [90m(/home/user/shoplisl/[39msrc/app/shared/components/voice-ai-assistant/voice-ai-assistant.component.ts:214:59[90m)[39m
    at VoiceAIAssistantComponent.ngOnInit [90m(/home/user/shoplisl/[39msrc/app/shared/components/voice-ai-assistant/voice-ai-assistant.component.ts:126:10[90m)[39m
    at [90m/home/user/shoplisl/[39msrc/app/shared/components/voice-ai-assistant/voice-ai-assistant.component.spec.ts:863:17
    at [90mfile:///home/user/shoplisl/[39mnode_modules/[4m@vitest/runner[24m/dist/chunk-hooks.js:155:11
    at [90mfile:///home/user/shoplisl/[39mnode_modules/[4m@vitest/runner[24m/dist/chunk-hooks.js:1897:20
    at new ZoneAwarePromise [90m(/home/user/shoplisl/[39mnode_modules/[4mzone.js[24m/fesm2015/zone.js:2701:25[90m)[39m
    at runWithTimeout [90m(file:///home/user/shoplisl/[39mnode_modules/[4m@vitest/runner[24m/dist/chunk-hooks.js:1863:10[90m)[39m
    at runHook [90m(file:///home/user/shoplisl/[39mnode_modules/[4m@vitest/runner[24m/dist/chunk-hooks.js:1436:51[90m)[39m
    at callSuiteHook [90m(file:///home/user/shoplisl/[39mnode_modules/[4m@vitest/runner[24m/dist/chunk-hooks.js:1442:25[90m)[39m
[90m    at processTicksAndRejections (node:internal/process/task_queues:105:5)[39m

stdout | src/app/shared/components/voice-ai-assistant/voice-ai-assistant.component.spec.ts > VoiceAIAssistantComponent > Continuation Keywords > should not detect regular messages as continuation
💬 Chat loaded: { total: [33m0[39m, userMessages: [33m0[39m }

stderr | src/app/shared/components/voice-ai-assistant/voice-ai-assistant.component.spec.ts > VoiceAIAssistantComponent > Continuation Keywords > should not detect regular messages as continuation
TypeError: Cannot read properties of undefined (reading 'search')
    at VoiceAIAssistantComponent.handleDeepLinkParameters [90m(/home/user/shoplisl/[39msrc/app/shared/components/voice-ai-assistant/voice-ai-assistant.component.ts:214:59[90m)[39m
    at VoiceAIAssistantComponent.ngOnInit [90m(/home/user/shoplisl/[39msrc/app/shared/components/voice-ai-assistant/voice-ai-assistant.component.ts:126:10[90m)[39m
    at [90m/home/user/shoplisl/[39msrc/app/shared/components/voice-ai-assistant/voice-ai-assistant.component.spec.ts:863:17
    at [90mfile:///home/user/shoplisl/[39mnode_modules/[4m@vitest/runner[24m/dist/chunk-hooks.js:155:11
    at [90mfile:///home/user/shoplisl/[39mnode_modules/[4m@vitest/runner[24m/dist/chunk-hooks.js:1897:20
    at new ZoneAwarePromise [90m(/home/user/shoplisl/[39mnode_modules/[4mzone.js[24m/fesm2015/zone.js:2701:25[90m)[39m
    at runWithTimeout [90m(file:///home/user/shoplisl/[39mnode_modules/[4m@vitest/runner[24m/dist/chunk-hooks.js:1863:10[90m)[39m
    at runHook [90m(file:///home/user/shoplisl/[39mnode_modules/[4m@vitest/runner[24m/dist/chunk-hooks.js:1436:51[90m)[39m
    at callSuiteHook [90m(file:///home/user/shoplisl/[39mnode_modules/[4m@vitest/runner[24m/dist/chunk-hooks.js:1442:25[90m)[39m
[90m    at processTicksAndRejections (node:internal/process/task_queues:105:5)[39m

stdout | src/app/shared/components/voice-ai-assistant/voice-ai-assistant.component.spec.ts > VoiceAIAssistantComponent > Continuation Keywords > should handle continuation with recent action
💬 Chat loaded: { total: [33m0[39m, userMessages: [33m0[39m }

stderr | src/app/shared/components/voice-ai-assistant/voice-ai-assistant.component.spec.ts > VoiceAIAssistantComponent > Continuation Keywords > should handle continuation with recent action
TypeError: Cannot read properties of undefined (reading 'search')
    at VoiceAIAssistantComponent.handleDeepLinkParameters [90m(/home/user/shoplisl/[39msrc/app/shared/components/voice-ai-assistant/voice-ai-assistant.component.ts:214:59[90m)[39m
    at VoiceAIAssistantComponent.ngOnInit [90m(/home/user/shoplisl/[39msrc/app/shared/components/voice-ai-assistant/voice-ai-assistant.component.ts:126:10[90m)[39m
    at [90m/home/user/shoplisl/[39msrc/app/shared/components/voice-ai-assistant/voice-ai-assistant.component.spec.ts:863:17
    at [90mfile:///home/user/shoplisl/[39mnode_modules/[4m@vitest/runner[24m/dist/chunk-hooks.js:155:11
    at [90mfile:///home/user/shoplisl/[39mnode_modules/[4m@vitest/runner[24m/dist/chunk-hooks.js:1897:20
    at new ZoneAwarePromise [90m(/home/user/shoplisl/[39mnode_modules/[4mzone.js[24m/fesm2015/zone.js:2701:25[90m)[39m
    at runWithTimeout [90m(file:///home/user/shoplisl/[39mnode_modules/[4m@vitest/runner[24m/dist/chunk-hooks.js:1863:10[90m)[39m
    at runHook [90m(file:///home/user/shoplisl/[39mnode_modules/[4m@vitest/runner[24m/dist/chunk-hooks.js:1436:51[90m)[39m
    at callSuiteHook [90m(file:///home/user/shoplisl/[39mnode_modules/[4m@vitest/runner[24m/dist/chunk-hooks.js:1442:25[90m)[39m
[90m    at processTicksAndRejections (node:internal/process/task_queues:105:5)[39m

stdout | src/app/shared/components/voice-ai-assistant/voice-ai-assistant.component.spec.ts > VoiceAIAssistantComponent > Continuation Keywords > should fail continuation without recent action
💬 Chat loaded: { total: [33m0[39m, userMessages: [33m0[39m }

stderr | src/app/shared/components/voice-ai-assistant/voice-ai-assistant.component.spec.ts > VoiceAIAssistantComponent > Continuation Keywords > should fail continuation without recent action
TypeError: Cannot read properties of undefined (reading 'search')
    at VoiceAIAssistantComponent.handleDeepLinkParameters [90m(/home/user/shoplisl/[39msrc/app/shared/components/voice-ai-assistant/voice-ai-assistant.component.ts:214:59[90m)[39m
    at VoiceAIAssistantComponent.ngOnInit [90m(/home/user/shoplisl/[39msrc/app/shared/components/voice-ai-assistant/voice-ai-assistant.component.ts:126:10[90m)[39m
    at [90m/home/user/shoplisl/[39msrc/app/shared/components/voice-ai-assistant/voice-ai-assistant.component.spec.ts:863:17
    at [90mfile:///home/user/shoplisl/[39mnode_modules/[4m@vitest/runner[24m/dist/chunk-hooks.js:155:11
    at [90mfile:///home/user/shoplisl/[39mnode_modules/[4m@vitest/runner[24m/dist/chunk-hooks.js:1897:20
    at new ZoneAwarePromise [90m(/home/user/shoplisl/[39mnode_modules/[4mzone.js[24m/fesm2015/zone.js:2701:25[90m)[39m
    at runWithTimeout [90m(file:///home/user/shoplisl/[39mnode_modules/[4m@vitest/runner[24m/dist/chunk-hooks.js:1863:10[90m)[39m
    at runHook [90m(file:///home/user/shoplisl/[39mnode_modules/[4m@vitest/runner[24m/dist/chunk-hooks.js:1436:51[90m)[39m
    at callSuiteHook [90m(file:///home/user/shoplisl/[39mnode_modules/[4m@vitest/runner[24m/dist/chunk-hooks.js:1442:25[90m)[39m
[90m    at processTicksAndRejections (node:internal/process/task_queues:105:5)[39m

stdout | src/app/shared/components/voice-ai-assistant/voice-ai-assistant.component.spec.ts > VoiceAIAssistantComponent > Continuation Keywords > should fail continuation with expired action
💬 Chat loaded: { total: [33m0[39m, userMessages: [33m0[39m }

stderr | src/app/shared/components/voice-ai-assistant/voice-ai-assistant.component.spec.ts > VoiceAIAssistantComponent > Continuation Keywords > should fail continuation with expired action
TypeError: Cannot read properties of undefined (reading 'search')
    at VoiceAIAssistantComponent.handleDeepLinkParameters [90m(/home/user/shoplisl/[39msrc/app/shared/components/voice-ai-assistant/voice-ai-assistant.component.ts:214:59[90m)[39m
    at VoiceAIAssistantComponent.ngOnInit [90m(/home/user/shoplisl/[39msrc/app/shared/components/voice-ai-assistant/voice-ai-assistant.component.ts:126:10[90m)[39m
    at [90m/home/user/shoplisl/[39msrc/app/shared/components/voice-ai-assistant/voice-ai-assistant.component.spec.ts:863:17
    at [90mfile:///home/user/shoplisl/[39mnode_modules/[4m@vitest/runner[24m/dist/chunk-hooks.js:155:11
    at [90mfile:///home/user/shoplisl/[39mnode_modules/[4m@vitest/runner[24m/dist/chunk-hooks.js:1897:20
    at new ZoneAwarePromise [90m(/home/user/shoplisl/[39mnode_modules/[4mzone.js[24m/fesm2015/zone.js:2701:25[90m)[39m
    at runWithTimeout [90m(file:///home/user/shoplisl/[39mnode_modules/[4m@vitest/runner[24m/dist/chunk-hooks.js:1863:10[90m)[39m
    at runHook [90m(file:///home/user/shoplisl/[39mnode_modules/[4m@vitest/runner[24m/dist/chunk-hooks.js:1436:51[90m)[39m
    at callSuiteHook [90m(file:///home/user/shoplisl/[39mnode_modules/[4m@vitest/runner[24m/dist/chunk-hooks.js:1442:25[90m)[39m
[90m    at processTicksAndRejections (node:internal/process/task_queues:105:5)[39m

stdout | src/app/shared/components/voice-ai-assistant/voice-ai-assistant.component.spec.ts > VoiceAIAssistantComponent > Continuation Keywords > should activate conversation mode with bare continuation keyword
💬 Chat loaded: { total: [33m0[39m, userMessages: [33m0[39m }

stderr | src/app/shared/components/voice-ai-assistant/voice-ai-assistant.component.spec.ts > VoiceAIAssistantComponent > Continuation Keywords > should activate conversation mode with bare continuation keyword
TypeError: Cannot read properties of undefined (reading 'search')
    at VoiceAIAssistantComponent.handleDeepLinkParameters [90m(/home/user/shoplisl/[39msrc/app/shared/components/voice-ai-assistant/voice-ai-assistant.component.ts:214:59[90m)[39m
    at VoiceAIAssistantComponent.ngOnInit [90m(/home/user/shoplisl/[39msrc/app/shared/components/voice-ai-assistant/voice-ai-assistant.component.ts:126:10[90m)[39m
    at [90m/home/user/shoplisl/[39msrc/app/shared/components/voice-ai-assistant/voice-ai-assistant.component.spec.ts:863:17
    at [90mfile:///home/user/shoplisl/[39mnode_modules/[4m@vitest/runner[24m/dist/chunk-hooks.js:155:11
    at [90mfile:///home/user/shoplisl/[39mnode_modules/[4m@vitest/runner[24m/dist/chunk-hooks.js:1897:20
    at new ZoneAwarePromise [90m(/home/user/shoplisl/[39mnode_modules/[4mzone.js[24m/fesm2015/zone.js:2701:25[90m)[39m
    at runWithTimeout [90m(file:///home/user/shoplisl/[39mnode_modules/[4m@vitest/runner[24m/dist/chunk-hooks.js:1863:10[90m)[39m
    at runHook [90m(file:///home/user/shoplisl/[39mnode_modules/[4m@vitest/runner[24m/dist/chunk-hooks.js:1436:51[90m)[39m
    at callSuiteHook [90m(file:///home/user/shoplisl/[39mnode_modules/[4m@vitest/runner[24m/dist/chunk-hooks.js:1442:25[90m)[39m
[90m    at processTicksAndRejections (node:internal/process/task_queues:105:5)[39m

stdout | src/app/shared/components/voice-ai-assistant/voice-ai-assistant.component.spec.ts > VoiceAIAssistantComponent > Recipe Processing > should detect recipe input
💬 Chat loaded: { total: [33m0[39m, userMessages: [33m0[39m }

stderr | src/app/shared/components/voice-ai-assistant/voice-ai-assistant.component.spec.ts > VoiceAIAssistantComponent > Recipe Processing > should detect recipe input
TypeError: Cannot read properties of undefined (reading 'search')
    at VoiceAIAssistantComponent.handleDeepLinkParameters [90m(/home/user/shoplisl/[39msrc/app/shared/components/voice-ai-assistant/voice-ai-assistant.component.ts:214:59[90m)[39m
    at VoiceAIAssistantComponent.ngOnInit [90m(/home/user/shoplisl/[39msrc/app/shared/components/voice-ai-assistant/voice-ai-assistant.component.ts:126:10[90m)[39m
    at [90m/home/user/shoplisl/[39msrc/app/shared/components/voice-ai-assistant/voice-ai-assistant.component.spec.ts:961:17
    at [90mfile:///home/user/shoplisl/[39mnode_modules/[4m@vitest/runner[24m/dist/chunk-hooks.js:155:11
    at [90mfile:///home/user/shoplisl/[39mnode_modules/[4m@vitest/runner[24m/dist/chunk-hooks.js:1897:20
    at new ZoneAwarePromise [90m(/home/user/shoplisl/[39mnode_modules/[4mzone.js[24m/fesm2015/zone.js:2701:25[90m)[39m
    at runWithTimeout [90m(file:///home/user/shoplisl/[39mnode_modules/[4m@vitest/runner[24m/dist/chunk-hooks.js:1863:10[90m)[39m
    at runHook [90m(file:///home/user/shoplisl/[39mnode_modules/[4m@vitest/runner[24m/dist/chunk-hooks.js:1436:51[90m)[39m
    at callSuiteHook [90m(file:///home/user/shoplisl/[39mnode_modules/[4m@vitest/runner[24m/dist/chunk-hooks.js:1442:25[90m)[39m
[90m    at processTicksAndRejections (node:internal/process/task_queues:105:5)[39m

stdout | src/app/shared/components/voice-ai-assistant/voice-ai-assistant.component.spec.ts > VoiceAIAssistantComponent > Recipe Processing > should not detect regular messages as recipe
💬 Chat loaded: { total: [33m0[39m, userMessages: [33m0[39m }

stderr | src/app/shared/components/voice-ai-assistant/voice-ai-assistant.component.spec.ts > VoiceAIAssistantComponent > Recipe Processing > should not detect regular messages as recipe
TypeError: Cannot read properties of undefined (reading 'search')
    at VoiceAIAssistantComponent.handleDeepLinkParameters [90m(/home/user/shoplisl/[39msrc/app/shared/components/voice-ai-assistant/voice-ai-assistant.component.ts:214:59[90m)[39m
    at VoiceAIAssistantComponent.ngOnInit [90m(/home/user/shoplisl/[39msrc/app/shared/components/voice-ai-assistant/voice-ai-assistant.component.ts:126:10[90m)[39m
    at [90m/home/user/shoplisl/[39msrc/app/shared/components/voice-ai-assistant/voice-ai-assistant.component.spec.ts:961:17
    at [90mfile:///home/user/shoplisl/[39mnode_modules/[4m@vitest/runner[24m/dist/chunk-hooks.js:155:11
    at [90mfile:///home/user/shoplisl/[39mnode_modules/[4m@vitest/runner[24m/dist/chunk-hooks.js:1897:20
    at new ZoneAwarePromise [90m(/home/user/shoplisl/[39mnode_modules/[4mzone.js[24m/fesm2015/zone.js:2701:25[90m)[39m
    at runWithTimeout [90m(file:///home/user/shoplisl/[39mnode_modules/[4m@vitest/runner[24m/dist/chunk-hooks.js:1863:10[90m)[39m
    at runHook [90m(file:///home/user/shoplisl/[39mnode_modules/[4m@vitest/runner[24m/dist/chunk-hooks.js:1436:51[90m)[39m
    at callSuiteHook [90m(file:///home/user/shoplisl/[39mnode_modules/[4m@vitest/runner[24m/dist/chunk-hooks.js:1442:25[90m)[39m
[90m    at processTicksAndRejections (node:internal/process/task_queues:105:5)[39m

stdout | src/app/shared/components/voice-ai-assistant/voice-ai-assistant.component.spec.ts > VoiceAIAssistantComponent > Recipe Processing > should preserve context during recipe processing
💬 Chat loaded: { total: [33m0[39m, userMessages: [33m0[39m }

stderr | src/app/shared/components/voice-ai-assistant/voice-ai-assistant.component.spec.ts > VoiceAIAssistantComponent > Recipe Processing > should preserve context during recipe processing
TypeError: Cannot read properties of undefined (reading 'search')
    at VoiceAIAssistantComponent.handleDeepLinkParameters [90m(/home/user/shoplisl/[39msrc/app/shared/components/voice-ai-assistant/voice-ai-assistant.component.ts:214:59[90m)[39m
    at VoiceAIAssistantComponent.ngOnInit [90m(/home/user/shoplisl/[39msrc/app/shared/components/voice-ai-assistant/voice-ai-assistant.component.ts:126:10[90m)[39m
    at [90m/home/user/shoplisl/[39msrc/app/shared/components/voice-ai-assistant/voice-ai-assistant.component.spec.ts:961:17
    at [90mfile:///home/user/shoplisl/[39mnode_modules/[4m@vitest/runner[24m/dist/chunk-hooks.js:155:11
    at [90mfile:///home/user/shoplisl/[39mnode_modules/[4m@vitest/runner[24m/dist/chunk-hooks.js:1897:20
    at new ZoneAwarePromise [90m(/home/user/shoplisl/[39mnode_modules/[4mzone.js[24m/fesm2015/zone.js:2701:25[90m)[39m
    at runWithTimeout [90m(file:///home/user/shoplisl/[39mnode_modules/[4m@vitest/runner[24m/dist/chunk-hooks.js:1863:10[90m)[39m
    at runHook [90m(file:///home/user/shoplisl/[39mnode_modules/[4m@vitest/runner[24m/dist/chunk-hooks.js:1436:51[90m)[39m
    at callSuiteHook [90m(file:///home/user/shoplisl/[39mnode_modules/[4m@vitest/runner[24m/dist/chunk-hooks.js:1442:25[90m)[39m
[90m    at processTicksAndRejections (node:internal/process/task_queues:105:5)[39m

stdout | src/app/shared/components/voice-ai-assistant/voice-ai-assistant.component.spec.ts > VoiceAIAssistantComponent > Recipe Processing > should force context restoration if missing after recipe
💬 Chat loaded: { total: [33m0[39m, userMessages: [33m0[39m }

stderr | src/app/shared/components/voice-ai-assistant/voice-ai-assistant.component.spec.ts > VoiceAIAssistantComponent > Recipe Processing > should force context restoration if missing after recipe
TypeError: Cannot read properties of undefined (reading 'search')
    at VoiceAIAssistantComponent.handleDeepLinkParameters [90m(/home/user/shoplisl/[39msrc/app/shared/components/voice-ai-assistant/voice-ai-assistant.component.ts:214:59[90m)[39m
    at VoiceAIAssistantComponent.ngOnInit [90m(/home/user/shoplisl/[39msrc/app/shared/components/voice-ai-assistant/voice-ai-assistant.component.ts:126:10[90m)[39m
    at [90m/home/user/shoplisl/[39msrc/app/shared/components/voice-ai-assistant/voice-ai-assistant.component.spec.ts:961:17
    at [90mfile:///home/user/shoplisl/[39mnode_modules/[4m@vitest/runner[24m/dist/chunk-hooks.js:155:11
    at [90mfile:///home/user/shoplisl/[39mnode_modules/[4m@vitest/runner[24m/dist/chunk-hooks.js:1897:20
    at new ZoneAwarePromise [90m(/home/user/shoplisl/[39mnode_modules/[4mzone.js[24m/fesm2015/zone.js:2701:25[90m)[39m
    at runWithTimeout [90m(file:///home/user/shoplisl/[39mnode_modules/[4m@vitest/runner[24m/dist/chunk-hooks.js:1863:10[90m)[39m
    at runHook [90m(file:///home/user/shoplisl/[39mnode_modules/[4m@vitest/runner[24m/dist/chunk-hooks.js:1436:51[90m)[39m
    at callSuiteHook [90m(file:///home/user/shoplisl/[39mnode_modules/[4m@vitest/runner[24m/dist/chunk-hooks.js:1442:25[90m)[39m
[90m    at processTicksAndRejections (node:internal/process/task_queues:105:5)[39m

stdout | src/app/shared/components/voice-ai-assistant/voice-ai-assistant.component.spec.ts > VoiceAIAssistantComponent > Recipe Processing > should handle recipe without active context
💬 Chat loaded: { total: [33m0[39m, userMessages: [33m0[39m }

stderr | src/app/shared/components/voice-ai-assistant/voice-ai-assistant.component.spec.ts > VoiceAIAssistantComponent > Recipe Processing > should handle recipe without active context
TypeError: Cannot read properties of undefined (reading 'search')
    at VoiceAIAssistantComponent.handleDeepLinkParameters [90m(/home/user/shoplisl/[39msrc/app/shared/components/voice-ai-assistant/voice-ai-assistant.component.ts:214:59[90m)[39m
    at VoiceAIAssistantComponent.ngOnInit [90m(/home/user/shoplisl/[39msrc/app/shared/components/voice-ai-assistant/voice-ai-assistant.component.ts:126:10[90m)[39m
    at [90m/home/user/shoplisl/[39msrc/app/shared/components/voice-ai-assistant/voice-ai-assistant.component.spec.ts:961:17
    at [90mfile:///home/user/shoplisl/[39mnode_modules/[4m@vitest/runner[24m/dist/chunk-hooks.js:155:11
    at [90mfile:///home/user/shoplisl/[39mnode_modules/[4m@vitest/runner[24m/dist/chunk-hooks.js:1897:20
    at new ZoneAwarePromise [90m(/home/user/shoplisl/[39mnode_modules/[4mzone.js[24m/fesm2015/zone.js:2701:25[90m)[39m
    at runWithTimeout [90m(file:///home/user/shoplisl/[39mnode_modules/[4m@vitest/runner[24m/dist/chunk-hooks.js:1863:10[90m)[39m
    at runHook [90m(file:///home/user/shoplisl/[39mnode_modules/[4m@vitest/runner[24m/dist/chunk-hooks.js:1436:51[90m)[39m
    at callSuiteHook [90m(file:///home/user/shoplisl/[39mnode_modules/[4m@vitest/runner[24m/dist/chunk-hooks.js:1442:25[90m)[39m
[90m    at processTicksAndRejections (node:internal/process/task_queues:105:5)[39m

stdout | src/app/shared/components/voice-ai-assistant/voice-ai-assistant.component.spec.ts > VoiceAIAssistantComponent > Recipe Processing > should trigger recipe processing from sendMessage
💬 Chat loaded: { total: [33m0[39m, userMessages: [33m0[39m }

stderr | src/app/shared/components/voice-ai-assistant/voice-ai-assistant.component.spec.ts > VoiceAIAssistantComponent > Recipe Processing > should trigger recipe processing from sendMessage
TypeError: Cannot read properties of undefined (reading 'search')
    at VoiceAIAssistantComponent.handleDeepLinkParameters [90m(/home/user/shoplisl/[39msrc/app/shared/components/voice-ai-assistant/voice-ai-assistant.component.ts:214:59[90m)[39m
    at VoiceAIAssistantComponent.ngOnInit [90m(/home/user/shoplisl/[39msrc/app/shared/components/voice-ai-assistant/voice-ai-assistant.component.ts:126:10[90m)[39m
    at [90m/home/user/shoplisl/[39msrc/app/shared/components/voice-ai-assistant/voice-ai-assistant.component.spec.ts:961:17
    at [90mfile:///home/user/shoplisl/[39mnode_modules/[4m@vitest/runner[24m/dist/chunk-hooks.js:155:11
    at [90mfile:///home/user/shoplisl/[39mnode_modules/[4m@vitest/runner[24m/dist/chunk-hooks.js:1897:20
    at new ZoneAwarePromise [90m(/home/user/shoplisl/[39mnode_modules/[4mzone.js[24m/fesm2015/zone.js:2701:25[90m)[39m
    at runWithTimeout [90m(file:///home/user/shoplisl/[39mnode_modules/[4m@vitest/runner[24m/dist/chunk-hooks.js:1863:10[90m)[39m
    at runHook [90m(file:///home/user/shoplisl/[39mnode_modules/[4m@vitest/runner[24m/dist/chunk-hooks.js:1436:51[90m)[39m
    at callSuiteHook [90m(file:///home/user/shoplisl/[39mnode_modules/[4m@vitest/runner[24m/dist/chunk-hooks.js:1442:25[90m)[39m
[90m    at processTicksAndRejections (node:internal/process/task_queues:105:5)[39m

stdout | src/app/shared/components/voice-ai-assistant/voice-ai-assistant.component.spec.ts > VoiceAIAssistantComponent > Disambiguation > should handle disambiguation setup
💬 Chat loaded: { total: [33m0[39m, userMessages: [33m0[39m }

stderr | src/app/shared/components/voice-ai-assistant/voice-ai-assistant.component.spec.ts > VoiceAIAssistantComponent > Disambiguation > should handle disambiguation setup
TypeError: Cannot read properties of undefined (reading 'search')
    at VoiceAIAssistantComponent.handleDeepLinkParameters [90m(/home/user/shoplisl/[39msrc/app/shared/components/voice-ai-assistant/voice-ai-assistant.component.ts:214:59[90m)[39m
    at VoiceAIAssistantComponent.ngOnInit [90m(/home/user/shoplisl/[39msrc/app/shared/components/voice-ai-assistant/voice-ai-assistant.component.ts:126:10[90m)[39m
    at [90m/home/user/shoplisl/[39msrc/app/shared/components/voice-ai-assistant/voice-ai-assistant.component.spec.ts:1053:17
    at [90mfile:///home/user/shoplisl/[39mnode_modules/[4m@vitest/runner[24m/dist/chunk-hooks.js:155:11
    at [90mfile:///home/user/shoplisl/[39mnode_modules/[4m@vitest/runner[24m/dist/chunk-hooks.js:1897:20
    at new ZoneAwarePromise [90m(/home/user/shoplisl/[39mnode_modules/[4mzone.js[24m/fesm2015/zone.js:2701:25[90m)[39m
    at runWithTimeout [90m(file:///home/user/shoplisl/[39mnode_modules/[4m@vitest/runner[24m/dist/chunk-hooks.js:1863:10[90m)[39m
    at runHook [90m(file:///home/user/shoplisl/[39mnode_modules/[4m@vitest/runner[24m/dist/chunk-hooks.js:1436:51[90m)[39m
    at callSuiteHook [90m(file:///home/user/shoplisl/[39mnode_modules/[4m@vitest/runner[24m/dist/chunk-hooks.js:1442:25[90m)[39m
[90m    at processTicksAndRejections (node:internal/process/task_queues:105:5)[39m

stdout | src/app/shared/components/voice-ai-assistant/voice-ai-assistant.component.spec.ts > VoiceAIAssistantComponent > Disambiguation > should handle disambiguation option selection
💬 Chat loaded: { total: [33m0[39m, userMessages: [33m0[39m }

stderr | src/app/shared/components/voice-ai-assistant/voice-ai-assistant.component.spec.ts > VoiceAIAssistantComponent > Disambiguation > should handle disambiguation option selection
TypeError: Cannot read properties of undefined (reading 'search')
    at VoiceAIAssistantComponent.handleDeepLinkParameters [90m(/home/user/shoplisl/[39msrc/app/shared/components/voice-ai-assistant/voice-ai-assistant.component.ts:214:59[90m)[39m
    at VoiceAIAssistantComponent.ngOnInit [90m(/home/user/shoplisl/[39msrc/app/shared/components/voice-ai-assistant/voice-ai-assistant.component.ts:126:10[90m)[39m
    at [90m/home/user/shoplisl/[39msrc/app/shared/components/voice-ai-assistant/voice-ai-assistant.component.spec.ts:1053:17
    at [90mfile:///home/user/shoplisl/[39mnode_modules/[4m@vitest/runner[24m/dist/chunk-hooks.js:155:11
    at [90mfile:///home/user/shoplisl/[39mnode_modules/[4m@vitest/runner[24m/dist/chunk-hooks.js:1897:20
    at new ZoneAwarePromise [90m(/home/user/shoplisl/[39mnode_modules/[4mzone.js[24m/fesm2015/zone.js:2701:25[90m)[39m
    at runWithTimeout [90m(file:///home/user/shoplisl/[39mnode_modules/[4m@vitest/runner[24m/dist/chunk-hooks.js:1863:10[90m)[39m
    at runHook [90m(file:///home/user/shoplisl/[39mnode_modules/[4m@vitest/runner[24m/dist/chunk-hooks.js:1436:51[90m)[39m
    at callSuiteHook [90m(file:///home/user/shoplisl/[39mnode_modules/[4m@vitest/runner[24m/dist/chunk-hooks.js:1442:25[90m)[39m
[90m    at processTicksAndRejections (node:internal/process/task_queues:105:5)[39m

stdout | src/app/shared/components/voice-ai-assistant/voice-ai-assistant.component.spec.ts > VoiceAIAssistantComponent > Disambiguation > should handle skip option
💬 Chat loaded: { total: [33m0[39m, userMessages: [33m0[39m }

stderr | src/app/shared/components/voice-ai-assistant/voice-ai-assistant.component.spec.ts > VoiceAIAssistantComponent > Disambiguation > should handle skip option
TypeError: Cannot read properties of undefined (reading 'search')
    at VoiceAIAssistantComponent.handleDeepLinkParameters [90m(/home/user/shoplisl/[39msrc/app/shared/components/voice-ai-assistant/voice-ai-assistant.component.ts:214:59[90m)[39m
    at VoiceAIAssistantComponent.ngOnInit [90m(/home/user/shoplisl/[39msrc/app/shared/components/voice-ai-assistant/voice-ai-assistant.component.ts:126:10[90m)[39m
    at [90m/home/user/shoplisl/[39msrc/app/shared/components/voice-ai-assistant/voice-ai-assistant.component.spec.ts:1053:17
    at [90mfile:///home/user/shoplisl/[39mnode_modules/[4m@vitest/runner[24m/dist/chunk-hooks.js:155:11
    at [90mfile:///home/user/shoplisl/[39mnode_modules/[4m@vitest/runner[24m/dist/chunk-hooks.js:1897:20
    at new ZoneAwarePromise [90m(/home/user/shoplisl/[39mnode_modules/[4mzone.js[24m/fesm2015/zone.js:2701:25[90m)[39m
    at runWithTimeout [90m(file:///home/user/shoplisl/[39mnode_modules/[4m@vitest/runner[24m/dist/chunk-hooks.js:1863:10[90m)[39m
    at runHook [90m(file:///home/user/shoplisl/[39mnode_modules/[4m@vitest/runner[24m/dist/chunk-hooks.js:1436:51[90m)[39m
    at callSuiteHook [90m(file:///home/user/shoplisl/[39mnode_modules/[4m@vitest/runner[24m/dist/chunk-hooks.js:1442:25[90m)[39m
[90m    at processTicksAndRejections (node:internal/process/task_queues:105:5)[39m

stdout | src/app/shared/components/voice-ai-assistant/voice-ai-assistant.component.spec.ts > VoiceAIAssistantComponent > Disambiguation > should preserve context during disambiguation
💬 Chat loaded: { total: [33m0[39m, userMessages: [33m0[39m }

stderr | src/app/shared/components/voice-ai-assistant/voice-ai-assistant.component.spec.ts > VoiceAIAssistantComponent > Disambiguation > should preserve context during disambiguation
TypeError: Cannot read properties of undefined (reading 'search')
    at VoiceAIAssistantComponent.handleDeepLinkParameters [90m(/home/user/shoplisl/[39msrc/app/shared/components/voice-ai-assistant/voice-ai-assistant.component.ts:214:59[90m)[39m
    at VoiceAIAssistantComponent.ngOnInit [90m(/home/user/shoplisl/[39msrc/app/shared/components/voice-ai-assistant/voice-ai-assistant.component.ts:126:10[90m)[39m
    at [90m/home/user/shoplisl/[39msrc/app/shared/components/voice-ai-assistant/voice-ai-assistant.component.spec.ts:1053:17
    at [90mfile:///home/user/shoplisl/[39mnode_modules/[4m@vitest/runner[24m/dist/chunk-hooks.js:155:11
    at [90mfile:///home/user/shoplisl/[39mnode_modules/[4m@vitest/runner[24m/dist/chunk-hooks.js:1897:20
    at new ZoneAwarePromise [90m(/home/user/shoplisl/[39mnode_modules/[4mzone.js[24m/fesm2015/zone.js:2701:25[90m)[39m
    at runWithTimeout [90m(file:///home/user/shoplisl/[39mnode_modules/[4m@vitest/runner[24m/dist/chunk-hooks.js:1863:10[90m)[39m
    at runHook [90m(file:///home/user/shoplisl/[39mnode_modules/[4m@vitest/runner[24m/dist/chunk-hooks.js:1436:51[90m)[39m
    at callSuiteHook [90m(file:///home/user/shoplisl/[39mnode_modules/[4m@vitest/runner[24m/dist/chunk-hooks.js:1442:25[90m)[39m
[90m    at processTicksAndRejections (node:internal/process/task_queues:105:5)[39m

stdout | src/app/shared/components/voice-ai-assistant/voice-ai-assistant.component.spec.ts > VoiceAIAssistantComponent > Disambiguation > should handle disambiguation timeout
💬 Chat loaded: { total: [33m0[39m, userMessages: [33m0[39m }

stderr | src/app/shared/components/voice-ai-assistant/voice-ai-assistant.component.spec.ts > VoiceAIAssistantComponent > Disambiguation > should handle disambiguation timeout
TypeError: Cannot read properties of undefined (reading 'search')
    at VoiceAIAssistantComponent.handleDeepLinkParameters [90m(/home/user/shoplisl/[39msrc/app/shared/components/voice-ai-assistant/voice-ai-assistant.component.ts:214:59[90m)[39m
    at VoiceAIAssistantComponent.ngOnInit [90m(/home/user/shoplisl/[39msrc/app/shared/components/voice-ai-assistant/voice-ai-assistant.component.ts:126:10[90m)[39m
    at [90m/home/user/shoplisl/[39msrc/app/shared/components/voice-ai-assistant/voice-ai-assistant.component.spec.ts:1053:17
    at [90mfile:///home/user/shoplisl/[39mnode_modules/[4m@vitest/runner[24m/dist/chunk-hooks.js:155:11
    at [90mfile:///home/user/shoplisl/[39mnode_modules/[4m@vitest/runner[24m/dist/chunk-hooks.js:1897:20
    at new ZoneAwarePromise [90m(/home/user/shoplisl/[39mnode_modules/[4mzone.js[24m/fesm2015/zone.js:2701:25[90m)[39m
    at runWithTimeout [90m(file:///home/user/shoplisl/[39mnode_modules/[4m@vitest/runner[24m/dist/chunk-hooks.js:1863:10[90m)[39m
    at runHook [90m(file:///home/user/shoplisl/[39mnode_modules/[4m@vitest/runner[24m/dist/chunk-hooks.js:1436:51[90m)[39m
    at callSuiteHook [90m(file:///home/user/shoplisl/[39mnode_modules/[4m@vitest/runner[24m/dist/chunk-hooks.js:1442:25[90m)[39m
[90m    at processTicksAndRejections (node:internal/process/task_queues:105:5)[39m

stdout | src/app/shared/components/voice-ai-assistant/voice-ai-assistant.component.spec.ts > VoiceAIAssistantComponent > Disambiguation > should handle disambiguation errors
💬 Chat loaded: { total: [33m0[39m, userMessages: [33m0[39m }

stderr | src/app/shared/components/voice-ai-assistant/voice-ai-assistant.component.spec.ts > VoiceAIAssistantComponent > Disambiguation > should handle disambiguation errors
TypeError: Cannot read properties of undefined (reading 'search')
    at VoiceAIAssistantComponent.handleDeepLinkParameters [90m(/home/user/shoplisl/[39msrc/app/shared/components/voice-ai-assistant/voice-ai-assistant.component.ts:214:59[90m)[39m
    at VoiceAIAssistantComponent.ngOnInit [90m(/home/user/shoplisl/[39msrc/app/shared/components/voice-ai-assistant/voice-ai-assistant.component.ts:126:10[90m)[39m
    at [90m/home/user/shoplisl/[39msrc/app/shared/components/voice-ai-assistant/voice-ai-assistant.component.spec.ts:1053:17
    at [90mfile:///home/user/shoplisl/[39mnode_modules/[4m@vitest/runner[24m/dist/chunk-hooks.js:155:11
    at [90mfile:///home/user/shoplisl/[39mnode_modules/[4m@vitest/runner[24m/dist/chunk-hooks.js:1897:20
    at new ZoneAwarePromise [90m(/home/user/shoplisl/[39mnode_modules/[4mzone.js[24m/fesm2015/zone.js:2701:25[90m)[39m
    at runWithTimeout [90m(file:///home/user/shoplisl/[39mnode_modules/[4m@vitest/runner[24m/dist/chunk-hooks.js:1863:10[90m)[39m
    at runHook [90m(file:///home/user/shoplisl/[39mnode_modules/[4m@vitest/runner[24m/dist/chunk-hooks.js:1436:51[90m)[39m
    at callSuiteHook [90m(file:///home/user/shoplisl/[39mnode_modules/[4m@vitest/runner[24m/dist/chunk-hooks.js:1442:25[90m)[39m
[90m    at processTicksAndRejections (node:internal/process/task_queues:105:5)[39m

stdout | src/app/shared/components/voice-ai-assistant/voice-ai-assistant.component.spec.ts > VoiceAIAssistantComponent > Disambiguation > should cancel disambiguation
💬 Chat loaded: { total: [33m0[39m, userMessages: [33m0[39m }

stderr | src/app/shared/components/voice-ai-assistant/voice-ai-assistant.component.spec.ts > VoiceAIAssistantComponent > Disambiguation > should cancel disambiguation
TypeError: Cannot read properties of undefined (reading 'search')
    at VoiceAIAssistantComponent.handleDeepLinkParameters [90m(/home/user/shoplisl/[39msrc/app/shared/components/voice-ai-assistant/voice-ai-assistant.component.ts:214:59[90m)[39m
    at VoiceAIAssistantComponent.ngOnInit [90m(/home/user/shoplisl/[39msrc/app/shared/components/voice-ai-assistant/voice-ai-assistant.component.ts:126:10[90m)[39m
    at [90m/home/user/shoplisl/[39msrc/app/shared/components/voice-ai-assistant/voice-ai-assistant.component.spec.ts:1053:17
    at [90mfile:///home/user/shoplisl/[39mnode_modules/[4m@vitest/runner[24m/dist/chunk-hooks.js:155:11
    at [90mfile:///home/user/shoplisl/[39mnode_modules/[4m@vitest/runner[24m/dist/chunk-hooks.js:1897:20
    at new ZoneAwarePromise [90m(/home/user/shoplisl/[39mnode_modules/[4mzone.js[24m/fesm2015/zone.js:2701:25[90m)[39m
    at runWithTimeout [90m(file:///home/user/shoplisl/[39mnode_modules/[4m@vitest/runner[24m/dist/chunk-hooks.js:1863:10[90m)[39m
    at runHook [90m(file:///home/user/shoplisl/[39mnode_modules/[4m@vitest/runner[24m/dist/chunk-hooks.js:1436:51[90m)[39m
    at callSuiteHook [90m(file:///home/user/shoplisl/[39mnode_modules/[4m@vitest/runner[24m/dist/chunk-hooks.js:1442:25[90m)[39m
[90m    at processTicksAndRejections (node:internal/process/task_queues:105:5)[39m

stdout | src/app/shared/components/voice-ai-assistant/voice-ai-assistant.component.spec.ts > VoiceAIAssistantComponent > Disambiguation > should skip current article
💬 Chat loaded: { total: [33m0[39m, userMessages: [33m0[39m }

stderr | src/app/shared/components/voice-ai-assistant/voice-ai-assistant.component.spec.ts > VoiceAIAssistantComponent > Disambiguation > should skip current article
TypeError: Cannot read properties of undefined (reading 'search')
    at VoiceAIAssistantComponent.handleDeepLinkParameters [90m(/home/user/shoplisl/[39msrc/app/shared/components/voice-ai-assistant/voice-ai-assistant.component.ts:214:59[90m)[39m
    at VoiceAIAssistantComponent.ngOnInit [90m(/home/user/shoplisl/[39msrc/app/shared/components/voice-ai-assistant/voice-ai-assistant.component.ts:126:10[90m)[39m
    at [90m/home/user/shoplisl/[39msrc/app/shared/components/voice-ai-assistant/voice-ai-assistant.component.spec.ts:1053:17
    at [90mfile:///home/user/shoplisl/[39mnode_modules/[4m@vitest/runner[24m/dist/chunk-hooks.js:155:11
    at [90mfile:///home/user/shoplisl/[39mnode_modules/[4m@vitest/runner[24m/dist/chunk-hooks.js:1897:20
    at new ZoneAwarePromise [90m(/home/user/shoplisl/[39mnode_modules/[4mzone.js[24m/fesm2015/zone.js:2701:25[90m)[39m
    at runWithTimeout [90m(file:///home/user/shoplisl/[39mnode_modules/[4m@vitest/runner[24m/dist/chunk-hooks.js:1863:10[90m)[39m
    at runHook [90m(file:///home/user/shoplisl/[39mnode_modules/[4m@vitest/runner[24m/dist/chunk-hooks.js:1436:51[90m)[39m
    at callSuiteHook [90m(file:///home/user/shoplisl/[39mnode_modules/[4m@vitest/runner[24m/dist/chunk-hooks.js:1442:25[90m)[39m
[90m    at processTicksAndRejections (node:internal/process/task_queues:105:5)[39m

stdout | src/app/shared/components/voice-ai-assistant/voice-ai-assistant.component.spec.ts > VoiceAIAssistantComponent > Disambiguation > should skip all remaining items
💬 Chat loaded: { total: [33m0[39m, userMessages: [33m0[39m }

stderr | src/app/shared/components/voice-ai-assistant/voice-ai-assistant.component.spec.ts > VoiceAIAssistantComponent > Disambiguation > should skip all remaining items
TypeError: Cannot read properties of undefined (reading 'search')
    at VoiceAIAssistantComponent.handleDeepLinkParameters [90m(/home/user/shoplisl/[39msrc/app/shared/components/voice-ai-assistant/voice-ai-assistant.component.ts:214:59[90m)[39m
    at VoiceAIAssistantComponent.ngOnInit [90m(/home/user/shoplisl/[39msrc/app/shared/components/voice-ai-assistant/voice-ai-assistant.component.ts:126:10[90m)[39m
    at [90m/home/user/shoplisl/[39msrc/app/shared/components/voice-ai-assistant/voice-ai-assistant.component.spec.ts:1053:17
    at [90mfile:///home/user/shoplisl/[39mnode_modules/[4m@vitest/runner[24m/dist/chunk-hooks.js:155:11
    at [90mfile:///home/user/shoplisl/[39mnode_modules/[4m@vitest/runner[24m/dist/chunk-hooks.js:1897:20
    at new ZoneAwarePromise [90m(/home/user/shoplisl/[39mnode_modules/[4mzone.js[24m/fesm2015/zone.js:2701:25[90m)[39m
    at runWithTimeout [90m(file:///home/user/shoplisl/[39mnode_modules/[4m@vitest/runner[24m/dist/chunk-hooks.js:1863:10[90m)[39m
    at runHook [90m(file:///home/user/shoplisl/[39mnode_modules/[4m@vitest/runner[24m/dist/chunk-hooks.js:1436:51[90m)[39m
    at callSuiteHook [90m(file:///home/user/shoplisl/[39mnode_modules/[4m@vitest/runner[24m/dist/chunk-hooks.js:1442:25[90m)[39m
[90m    at processTicksAndRejections (node:internal/process/task_queues:105:5)[39m

stdout | src/app/shared/components/voice-ai-assistant/voice-ai-assistant.component.spec.ts > VoiceAIAssistantComponent > Voice Input > should toggle voice recording using service
💬 Chat loaded: { total: [33m0[39m, userMessages: [33m0[39m }

stderr | src/app/shared/components/voice-ai-assistant/voice-ai-assistant.component.spec.ts > VoiceAIAssistantComponent > Voice Input > should toggle voice recording using service
TypeError: Cannot read properties of undefined (reading 'search')
    at VoiceAIAssistantComponent.handleDeepLinkParameters [90m(/home/user/shoplisl/[39msrc/app/shared/components/voice-ai-assistant/voice-ai-assistant.component.ts:214:59[90m)[39m
    at VoiceAIAssistantComponent.ngOnInit [90m(/home/user/shoplisl/[39msrc/app/shared/components/voice-ai-assistant/voice-ai-assistant.component.ts:126:10[90m)[39m
    at [90m/home/user/shoplisl/[39msrc/app/shared/components/voice-ai-assistant/voice-ai-assistant.component.spec.ts:1320:17
    at [90mfile:///home/user/shoplisl/[39mnode_modules/[4m@vitest/runner[24m/dist/chunk-hooks.js:155:11
    at [90mfile:///home/user/shoplisl/[39mnode_modules/[4m@vitest/runner[24m/dist/chunk-hooks.js:1897:20
    at new ZoneAwarePromise [90m(/home/user/shoplisl/[39mnode_modules/[4mzone.js[24m/fesm2015/zone.js:2701:25[90m)[39m
    at runWithTimeout [90m(file:///home/user/shoplisl/[39mnode_modules/[4m@vitest/runner[24m/dist/chunk-hooks.js:1863:10[90m)[39m
    at runHook [90m(file:///home/user/shoplisl/[39mnode_modules/[4m@vitest/runner[24m/dist/chunk-hooks.js:1436:51[90m)[39m
    at callSuiteHook [90m(file:///home/user/shoplisl/[39mnode_modules/[4m@vitest/runner[24m/dist/chunk-hooks.js:1442:25[90m)[39m
[90m    at processTicksAndRejections (node:internal/process/task_queues:105:5)[39m

stdout | src/app/shared/components/voice-ai-assistant/voice-ai-assistant.component.spec.ts > VoiceAIAssistantComponent > Voice Input > should handle voice recognition result from service
💬 Chat loaded: { total: [33m0[39m, userMessages: [33m0[39m }

stderr | src/app/shared/components/voice-ai-assistant/voice-ai-assistant.component.spec.ts > VoiceAIAssistantComponent > Voice Input > should handle voice recognition result from service
TypeError: Cannot read properties of undefined (reading 'search')
    at VoiceAIAssistantComponent.handleDeepLinkParameters [90m(/home/user/shoplisl/[39msrc/app/shared/components/voice-ai-assistant/voice-ai-assistant.component.ts:214:59[90m)[39m
    at VoiceAIAssistantComponent.ngOnInit [90m(/home/user/shoplisl/[39msrc/app/shared/components/voice-ai-assistant/voice-ai-assistant.component.ts:126:10[90m)[39m
    at [90m/home/user/shoplisl/[39msrc/app/shared/components/voice-ai-assistant/voice-ai-assistant.component.spec.ts:1320:17
    at [90mfile:///home/user/shoplisl/[39mnode_modules/[4m@vitest/runner[24m/dist/chunk-hooks.js:155:11
    at [90mfile:///home/user/shoplisl/[39mnode_modules/[4m@vitest/runner[24m/dist/chunk-hooks.js:1897:20
    at new ZoneAwarePromise [90m(/home/user/shoplisl/[39mnode_modules/[4mzone.js[24m/fesm2015/zone.js:2701:25[90m)[39m
    at runWithTimeout [90m(file:///home/user/shoplisl/[39mnode_modules/[4m@vitest/runner[24m/dist/chunk-hooks.js:1863:10[90m)[39m
    at runHook [90m(file:///home/user/shoplisl/[39mnode_modules/[4m@vitest/runner[24m/dist/chunk-hooks.js:1436:51[90m)[39m
    at callSuiteHook [90m(file:///home/user/shoplisl/[39mnode_modules/[4m@vitest/runner[24m/dist/chunk-hooks.js:1442:25[90m)[39m
[90m    at processTicksAndRejections (node:internal/process/task_queues:105:5)[39m

stdout | src/app/shared/components/voice-ai-assistant/voice-ai-assistant.component.spec.ts > VoiceAIAssistantComponent > Voice Input > should handle voice recognition error from service
💬 Chat loaded: { total: [33m0[39m, userMessages: [33m0[39m }

stderr | src/app/shared/components/voice-ai-assistant/voice-ai-assistant.component.spec.ts > VoiceAIAssistantComponent > Voice Input > should handle voice recognition error from service
TypeError: Cannot read properties of undefined (reading 'search')
    at VoiceAIAssistantComponent.handleDeepLinkParameters [90m(/home/user/shoplisl/[39msrc/app/shared/components/voice-ai-assistant/voice-ai-assistant.component.ts:214:59[90m)[39m
    at VoiceAIAssistantComponent.ngOnInit [90m(/home/user/shoplisl/[39msrc/app/shared/components/voice-ai-assistant/voice-ai-assistant.component.ts:126:10[90m)[39m
    at [90m/home/user/shoplisl/[39msrc/app/shared/components/voice-ai-assistant/voice-ai-assistant.component.spec.ts:1320:17
    at [90mfile:///home/user/shoplisl/[39mnode_modules/[4m@vitest/runner[24m/dist/chunk-hooks.js:155:11
    at [90mfile:///home/user/shoplisl/[39mnode_modules/[4m@vitest/runner[24m/dist/chunk-hooks.js:1897:20
    at new ZoneAwarePromise [90m(/home/user/shoplisl/[39mnode_modules/[4mzone.js[24m/fesm2015/zone.js:2701:25[90m)[39m
    at runWithTimeout [90m(file:///home/user/shoplisl/[39mnode_modules/[4m@vitest/runner[24m/dist/chunk-hooks.js:1863:10[90m)[39m
    at runHook [90m(file:///home/user/shoplisl/[39mnode_modules/[4m@vitest/runner[24m/dist/chunk-hooks.js:1436:51[90m)[39m
    at callSuiteHook [90m(file:///home/user/shoplisl/[39mnode_modules/[4m@vitest/runner[24m/dist/chunk-hooks.js:1442:25[90m)[39m
[90m    at processTicksAndRejections (node:internal/process/task_queues:105:5)[39m

stdout | src/app/shared/components/voice-ai-assistant/voice-ai-assistant.component.spec.ts > VoiceAIAssistantComponent > Voice Input > should handle permission denied error from service
💬 Chat loaded: { total: [33m0[39m, userMessages: [33m0[39m }

stderr | src/app/shared/components/voice-ai-assistant/voice-ai-assistant.component.spec.ts > VoiceAIAssistantComponent > Voice Input > should handle permission denied error from service
TypeError: Cannot read properties of undefined (reading 'search')
    at VoiceAIAssistantComponent.handleDeepLinkParameters [90m(/home/user/shoplisl/[39msrc/app/shared/components/voice-ai-assistant/voice-ai-assistant.component.ts:214:59[90m)[39m
    at VoiceAIAssistantComponent.ngOnInit [90m(/home/user/shoplisl/[39msrc/app/shared/components/voice-ai-assistant/voice-ai-assistant.component.ts:126:10[90m)[39m
    at [90m/home/user/shoplisl/[39msrc/app/shared/components/voice-ai-assistant/voice-ai-assistant.component.spec.ts:1320:17
    at [90mfile:///home/user/shoplisl/[39mnode_modules/[4m@vitest/runner[24m/dist/chunk-hooks.js:155:11
    at [90mfile:///home/user/shoplisl/[39mnode_modules/[4m@vitest/runner[24m/dist/chunk-hooks.js:1897:20
    at new ZoneAwarePromise [90m(/home/user/shoplisl/[39mnode_modules/[4mzone.js[24m/fesm2015/zone.js:2701:25[90m)[39m
    at runWithTimeout [90m(file:///home/user/shoplisl/[39mnode_modules/[4m@vitest/runner[24m/dist/chunk-hooks.js:1863:10[90m)[39m
    at runHook [90m(file:///home/user/shoplisl/[39mnode_modules/[4m@vitest/runner[24m/dist/chunk-hooks.js:1436:51[90m)[39m
    at callSuiteHook [90m(file:///home/user/shoplisl/[39mnode_modules/[4m@vitest/runner[24m/dist/chunk-hooks.js:1442:25[90m)[39m
[90m    at processTicksAndRejections (node:internal/process/task_queues:105:5)[39m

stdout | src/app/shared/components/voice-ai-assistant/voice-ai-assistant.component.spec.ts > VoiceAIAssistantComponent > Voice Input > should update recording state from service observable
💬 Chat loaded: { total: [33m0[39m, userMessages: [33m0[39m }

stderr | src/app/shared/components/voice-ai-assistant/voice-ai-assistant.component.spec.ts > VoiceAIAssistantComponent > Voice Input > should update recording state from service observable
TypeError: Cannot read properties of undefined (reading 'search')
    at VoiceAIAssistantComponent.handleDeepLinkParameters [90m(/home/user/shoplisl/[39msrc/app/shared/components/voice-ai-assistant/voice-ai-assistant.component.ts:214:59[90m)[39m
    at VoiceAIAssistantComponent.ngOnInit [90m(/home/user/shoplisl/[39msrc/app/shared/components/voice-ai-assistant/voice-ai-assistant.component.ts:126:10[90m)[39m
    at [90m/home/user/shoplisl/[39msrc/app/shared/components/voice-ai-assistant/voice-ai-assistant.component.spec.ts:1320:17
    at [90mfile:///home/user/shoplisl/[39mnode_modules/[4m@vitest/runner[24m/dist/chunk-hooks.js:155:11
    at [90mfile:///home/user/shoplisl/[39mnode_modules/[4m@vitest/runner[24m/dist/chunk-hooks.js:1897:20
    at new ZoneAwarePromise [90m(/home/user/shoplisl/[39mnode_modules/[4mzone.js[24m/fesm2015/zone.js:2701:25[90m)[39m
    at runWithTimeout [90m(file:///home/user/shoplisl/[39mnode_modules/[4m@vitest/runner[24m/dist/chunk-hooks.js:1863:10[90m)[39m
    at runHook [90m(file:///home/user/shoplisl/[39mnode_modules/[4m@vitest/runner[24m/dist/chunk-hooks.js:1436:51[90m)[39m
    at callSuiteHook [90m(file:///home/user/shoplisl/[39mnode_modules/[4m@vitest/runner[24m/dist/chunk-hooks.js:1442:25[90m)[39m
[90m    at processTicksAndRejections (node:internal/process/task_queues:105:5)[39m

stdout | src/app/shared/components/voice-ai-assistant/voice-ai-assistant.component.spec.ts > VoiceAIAssistantComponent > Voice Input > should set voice input source and audio feedback flag on voice result
💬 Chat loaded: { total: [33m0[39m, userMessages: [33m0[39m }

stderr | src/app/shared/components/voice-ai-assistant/voice-ai-assistant.component.spec.ts > VoiceAIAssistantComponent > Voice Input > should set voice input source and audio feedback flag on voice result
TypeError: Cannot read properties of undefined (reading 'search')
    at VoiceAIAssistantComponent.handleDeepLinkParameters [90m(/home/user/shoplisl/[39msrc/app/shared/components/voice-ai-assistant/voice-ai-assistant.component.ts:214:59[90m)[39m
    at VoiceAIAssistantComponent.ngOnInit [90m(/home/user/shoplisl/[39msrc/app/shared/components/voice-ai-assistant/voice-ai-assistant.component.ts:126:10[90m)[39m
    at [90m/home/user/shoplisl/[39msrc/app/shared/components/voice-ai-assistant/voice-ai-assistant.component.spec.ts:1320:17
    at [90mfile:///home/user/shoplisl/[39mnode_modules/[4m@vitest/runner[24m/dist/chunk-hooks.js:155:11
    at [90mfile:///home/user/shoplisl/[39mnode_modules/[4m@vitest/runner[24m/dist/chunk-hooks.js:1897:20
    at new ZoneAwarePromise [90m(/home/user/shoplisl/[39mnode_modules/[4mzone.js[24m/fesm2015/zone.js:2701:25[90m)[39m
    at runWithTimeout [90m(file:///home/user/shoplisl/[39mnode_modules/[4m@vitest/runner[24m/dist/chunk-hooks.js:1863:10[90m)[39m
    at runHook [90m(file:///home/user/shoplisl/[39mnode_modules/[4m@vitest/runner[24m/dist/chunk-hooks.js:1436:51[90m)[39m
    at callSuiteHook [90m(file:///home/user/shoplisl/[39mnode_modules/[4m@vitest/runner[24m/dist/chunk-hooks.js:1442:25[90m)[39m
[90m    at processTicksAndRejections (node:internal/process/task_queues:105:5)[39m

stdout | src/app/shared/components/voice-ai-assistant/voice-ai-assistant.component.spec.ts > VoiceAIAssistantComponent > Voice Output > should speak text when audio feedback enabled
💬 Chat loaded: { total: [33m0[39m, userMessages: [33m0[39m }

stderr | src/app/shared/components/voice-ai-assistant/voice-ai-assistant.component.spec.ts > VoiceAIAssistantComponent > Voice Output > should speak text when audio feedback enabled
TypeError: Cannot read properties of undefined (reading 'search')
    at VoiceAIAssistantComponent.handleDeepLinkParameters [90m(/home/user/shoplisl/[39msrc/app/shared/components/voice-ai-assistant/voice-ai-assistant.component.ts:214:59[90m)[39m
    at VoiceAIAssistantComponent.ngOnInit [90m(/home/user/shoplisl/[39msrc/app/shared/components/voice-ai-assistant/voice-ai-assistant.component.ts:126:10[90m)[39m
    at [90m/home/user/shoplisl/[39msrc/app/shared/components/voice-ai-assistant/voice-ai-assistant.component.spec.ts:1417:17
    at [90mfile:///home/user/shoplisl/[39mnode_modules/[4m@vitest/runner[24m/dist/chunk-hooks.js:155:11
    at [90mfile:///home/user/shoplisl/[39mnode_modules/[4m@vitest/runner[24m/dist/chunk-hooks.js:1897:20
    at new ZoneAwarePromise [90m(/home/user/shoplisl/[39mnode_modules/[4mzone.js[24m/fesm2015/zone.js:2701:25[90m)[39m
    at runWithTimeout [90m(file:///home/user/shoplisl/[39mnode_modules/[4m@vitest/runner[24m/dist/chunk-hooks.js:1863:10[90m)[39m
    at runHook [90m(file:///home/user/shoplisl/[39mnode_modules/[4m@vitest/runner[24m/dist/chunk-hooks.js:1436:51[90m)[39m
    at callSuiteHook [90m(file:///home/user/shoplisl/[39mnode_modules/[4m@vitest/runner[24m/dist/chunk-hooks.js:1442:25[90m)[39m
[90m    at processTicksAndRejections (node:internal/process/task_queues:105:5)[39m

stdout | src/app/shared/components/voice-ai-assistant/voice-ai-assistant.component.spec.ts > VoiceAIAssistantComponent > Voice Output > should not speak when already speaking
💬 Chat loaded: { total: [33m0[39m, userMessages: [33m0[39m }

stderr | src/app/shared/components/voice-ai-assistant/voice-ai-assistant.component.spec.ts > VoiceAIAssistantComponent > Voice Output > should not speak when already speaking
TypeError: Cannot read properties of undefined (reading 'search')
    at VoiceAIAssistantComponent.handleDeepLinkParameters [90m(/home/user/shoplisl/[39msrc/app/shared/components/voice-ai-assistant/voice-ai-assistant.component.ts:214:59[90m)[39m
    at VoiceAIAssistantComponent.ngOnInit [90m(/home/user/shoplisl/[39msrc/app/shared/components/voice-ai-assistant/voice-ai-assistant.component.ts:126:10[90m)[39m
    at [90m/home/user/shoplisl/[39msrc/app/shared/components/voice-ai-assistant/voice-ai-assistant.component.spec.ts:1417:17
    at [90mfile:///home/user/shoplisl/[39mnode_modules/[4m@vitest/runner[24m/dist/chunk-hooks.js:155:11
    at [90mfile:///home/user/shoplisl/[39mnode_modules/[4m@vitest/runner[24m/dist/chunk-hooks.js:1897:20
    at new ZoneAwarePromise [90m(/home/user/shoplisl/[39mnode_modules/[4mzone.js[24m/fesm2015/zone.js:2701:25[90m)[39m
    at runWithTimeout [90m(file:///home/user/shoplisl/[39mnode_modules/[4m@vitest/runner[24m/dist/chunk-hooks.js:1863:10[90m)[39m
    at runHook [90m(file:///home/user/shoplisl/[39mnode_modules/[4m@vitest/runner[24m/dist/chunk-hooks.js:1436:51[90m)[39m
    at callSuiteHook [90m(file:///home/user/shoplisl/[39mnode_modules/[4m@vitest/runner[24m/dist/chunk-hooks.js:1442:25[90m)[39m
[90m    at processTicksAndRejections (node:internal/process/task_queues:105:5)[39m

stdout | src/app/shared/components/voice-ai-assistant/voice-ai-assistant.component.spec.ts > VoiceAIAssistantComponent > Voice Output > should clean emojis from speech text
💬 Chat loaded: { total: [33m0[39m, userMessages: [33m0[39m }

stderr | src/app/shared/components/voice-ai-assistant/voice-ai-assistant.component.spec.ts > VoiceAIAssistantComponent > Voice Output > should clean emojis from speech text
TypeError: Cannot read properties of undefined (reading 'search')
    at VoiceAIAssistantComponent.handleDeepLinkParameters [90m(/home/user/shoplisl/[39msrc/app/shared/components/voice-ai-assistant/voice-ai-assistant.component.ts:214:59[90m)[39m
    at VoiceAIAssistantComponent.ngOnInit [90m(/home/user/shoplisl/[39msrc/app/shared/components/voice-ai-assistant/voice-ai-assistant.component.ts:126:10[90m)[39m
    at [90m/home/user/shoplisl/[39msrc/app/shared/components/voice-ai-assistant/voice-ai-assistant.component.spec.ts:1417:17
    at [90mfile:///home/user/shoplisl/[39mnode_modules/[4m@vitest/runner[24m/dist/chunk-hooks.js:155:11
    at [90mfile:///home/user/shoplisl/[39mnode_modules/[4m@vitest/runner[24m/dist/chunk-hooks.js:1897:20
    at new ZoneAwarePromise [90m(/home/user/shoplisl/[39mnode_modules/[4mzone.js[24m/fesm2015/zone.js:2701:25[90m)[39m
    at runWithTimeout [90m(file:///home/user/shoplisl/[39mnode_modules/[4m@vitest/runner[24m/dist/chunk-hooks.js:1863:10[90m)[39m
    at runHook [90m(file:///home/user/shoplisl/[39mnode_modules/[4m@vitest/runner[24m/dist/chunk-hooks.js:1436:51[90m)[39m
    at callSuiteHook [90m(file:///home/user/shoplisl/[39mnode_modules/[4m@vitest/runner[24m/dist/chunk-hooks.js:1442:25[90m)[39m
[90m    at processTicksAndRejections (node:internal/process/task_queues:105:5)[39m

stdout | src/app/shared/components/voice-ai-assistant/voice-ai-assistant.component.spec.ts > VoiceAIAssistantComponent > Voice Output > should cancel previous speech before new one
💬 Chat loaded: { total: [33m0[39m, userMessages: [33m0[39m }

stderr | src/app/shared/components/voice-ai-assistant/voice-ai-assistant.component.spec.ts > VoiceAIAssistantComponent > Voice Output > should cancel previous speech before new one
TypeError: Cannot read properties of undefined (reading 'search')
    at VoiceAIAssistantComponent.handleDeepLinkParameters [90m(/home/user/shoplisl/[39msrc/app/shared/components/voice-ai-assistant/voice-ai-assistant.component.ts:214:59[90m)[39m
    at VoiceAIAssistantComponent.ngOnInit [90m(/home/user/shoplisl/[39msrc/app/shared/components/voice-ai-assistant/voice-ai-assistant.component.ts:126:10[90m)[39m
    at [90m/home/user/shoplisl/[39msrc/app/shared/components/voice-ai-assistant/voice-ai-assistant.component.spec.ts:1417:17
    at [90mfile:///home/user/shoplisl/[39mnode_modules/[4m@vitest/runner[24m/dist/chunk-hooks.js:155:11
    at [90mfile:///home/user/shoplisl/[39mnode_modules/[4m@vitest/runner[24m/dist/chunk-hooks.js:1897:20
    at new ZoneAwarePromise [90m(/home/user/shoplisl/[39mnode_modules/[4mzone.js[24m/fesm2015/zone.js:2701:25[90m)[39m
    at runWithTimeout [90m(file:///home/user/shoplisl/[39mnode_modules/[4m@vitest/runner[24m/dist/chunk-hooks.js:1863:10[90m)[39m
    at runHook [90m(file:///home/user/shoplisl/[39mnode_modules/[4m@vitest/runner[24m/dist/chunk-hooks.js:1436:51[90m)[39m
    at callSuiteHook [90m(file:///home/user/shoplisl/[39mnode_modules/[4m@vitest/runner[24m/dist/chunk-hooks.js:1442:25[90m)[39m
[90m    at processTicksAndRejections (node:internal/process/task_queues:105:5)[39m

stdout | src/app/shared/components/voice-ai-assistant/voice-ai-assistant.component.spec.ts > VoiceAIAssistantComponent > Voice Output > should reset isSpeaking flag on utterance end
💬 Chat loaded: { total: [33m0[39m, userMessages: [33m0[39m }

stderr | src/app/shared/components/voice-ai-assistant/voice-ai-assistant.component.spec.ts > VoiceAIAssistantComponent > Voice Output > should reset isSpeaking flag on utterance end
TypeError: Cannot read properties of undefined (reading 'search')
    at VoiceAIAssistantComponent.handleDeepLinkParameters [90m(/home/user/shoplisl/[39msrc/app/shared/components/voice-ai-assistant/voice-ai-assistant.component.ts:214:59[90m)[39m
    at VoiceAIAssistantComponent.ngOnInit [90m(/home/user/shoplisl/[39msrc/app/shared/components/voice-ai-assistant/voice-ai-assistant.component.ts:126:10[90m)[39m
    at [90m/home/user/shoplisl/[39msrc/app/shared/components/voice-ai-assistant/voice-ai-assistant.component.spec.ts:1417:17
    at [90mfile:///home/user/shoplisl/[39mnode_modules/[4m@vitest/runner[24m/dist/chunk-hooks.js:155:11
    at [90mfile:///home/user/shoplisl/[39mnode_modules/[4m@vitest/runner[24m/dist/chunk-hooks.js:1897:20
    at new ZoneAwarePromise [90m(/home/user/shoplisl/[39mnode_modules/[4mzone.js[24m/fesm2015/zone.js:2701:25[90m)[39m
    at runWithTimeout [90m(file:///home/user/shoplisl/[39mnode_modules/[4m@vitest/runner[24m/dist/chunk-hooks.js:1863:10[90m)[39m
    at runHook [90m(file:///home/user/shoplisl/[39mnode_modules/[4m@vitest/runner[24m/dist/chunk-hooks.js:1436:51[90m)[39m
    at callSuiteHook [90m(file:///home/user/shoplisl/[39mnode_modules/[4m@vitest/runner[24m/dist/chunk-hooks.js:1442:25[90m)[39m
[90m    at processTicksAndRejections (node:internal/process/task_queues:105:5)[39m

stdout | src/app/shared/components/voice-ai-assistant/voice-ai-assistant.component.spec.ts > VoiceAIAssistantComponent > Voice Output > should reset isSpeaking flag on utterance error
💬 Chat loaded: { total: [33m0[39m, userMessages: [33m0[39m }

stderr | src/app/shared/components/voice-ai-assistant/voice-ai-assistant.component.spec.ts > VoiceAIAssistantComponent > Voice Output > should reset isSpeaking flag on utterance error
TypeError: Cannot read properties of undefined (reading 'search')
    at VoiceAIAssistantComponent.handleDeepLinkParameters [90m(/home/user/shoplisl/[39msrc/app/shared/components/voice-ai-assistant/voice-ai-assistant.component.ts:214:59[90m)[39m
    at VoiceAIAssistantComponent.ngOnInit [90m(/home/user/shoplisl/[39msrc/app/shared/components/voice-ai-assistant/voice-ai-assistant.component.ts:126:10[90m)[39m
    at [90m/home/user/shoplisl/[39msrc/app/shared/components/voice-ai-assistant/voice-ai-assistant.component.spec.ts:1417:17
    at [90mfile:///home/user/shoplisl/[39mnode_modules/[4m@vitest/runner[24m/dist/chunk-hooks.js:155:11
    at [90mfile:///home/user/shoplisl/[39mnode_modules/[4m@vitest/runner[24m/dist/chunk-hooks.js:1897:20
    at new ZoneAwarePromise [90m(/home/user/shoplisl/[39mnode_modules/[4mzone.js[24m/fesm2015/zone.js:2701:25[90m)[39m
    at runWithTimeout [90m(file:///home/user/shoplisl/[39mnode_modules/[4m@vitest/runner[24m/dist/chunk-hooks.js:1863:10[90m)[39m
    at runHook [90m(file:///home/user/shoplisl/[39mnode_modules/[4m@vitest/runner[24m/dist/chunk-hooks.js:1436:51[90m)[39m
    at callSuiteHook [90m(file:///home/user/shoplisl/[39mnode_modules/[4m@vitest/runner[24m/dist/chunk-hooks.js:1442:25[90m)[39m
[90m    at processTicksAndRejections (node:internal/process/task_queues:105:5)[39m

stdout | src/app/shared/components/voice-ai-assistant/voice-ai-assistant.component.spec.ts > VoiceAIAssistantComponent > Voice Output > should provide audio feedback for successful actions
💬 Chat loaded: { total: [33m0[39m, userMessages: [33m0[39m }

stderr | src/app/shared/components/voice-ai-assistant/voice-ai-assistant.component.spec.ts > VoiceAIAssistantComponent > Voice Output > should provide audio feedback for successful actions
TypeError: Cannot read properties of undefined (reading 'search')
    at VoiceAIAssistantComponent.handleDeepLinkParameters [90m(/home/user/shoplisl/[39msrc/app/shared/components/voice-ai-assistant/voice-ai-assistant.component.ts:214:59[90m)[39m
    at VoiceAIAssistantComponent.ngOnInit [90m(/home/user/shoplisl/[39msrc/app/shared/components/voice-ai-assistant/voice-ai-assistant.component.ts:126:10[90m)[39m
    at [90m/home/user/shoplisl/[39msrc/app/shared/components/voice-ai-assistant/voice-ai-assistant.component.spec.ts:1417:17
    at [90mfile:///home/user/shoplisl/[39mnode_modules/[4m@vitest/runner[24m/dist/chunk-hooks.js:155:11
    at [90mfile:///home/user/shoplisl/[39mnode_modules/[4m@vitest/runner[24m/dist/chunk-hooks.js:1897:20
    at new ZoneAwarePromise [90m(/home/user/shoplisl/[39mnode_modules/[4mzone.js[24m/fesm2015/zone.js:2701:25[90m)[39m
    at runWithTimeout [90m(file:///home/user/shoplisl/[39mnode_modules/[4m@vitest/runner[24m/dist/chunk-hooks.js:1863:10[90m)[39m
    at runHook [90m(file:///home/user/shoplisl/[39mnode_modules/[4m@vitest/runner[24m/dist/chunk-hooks.js:1436:51[90m)[39m
    at callSuiteHook [90m(file:///home/user/shoplisl/[39mnode_modules/[4m@vitest/runner[24m/dist/chunk-hooks.js:1442:25[90m)[39m
[90m    at processTicksAndRejections (node:internal/process/task_queues:105:5)[39m

stdout | src/app/shared/components/voice-ai-assistant/voice-ai-assistant.component.spec.ts > VoiceAIAssistantComponent > Voice Output > should not provide audio feedback for text input
💬 Chat loaded: { total: [33m0[39m, userMessages: [33m0[39m }

stderr | src/app/shared/components/voice-ai-assistant/voice-ai-assistant.component.spec.ts > VoiceAIAssistantComponent > Voice Output > should not provide audio feedback for text input
TypeError: Cannot read properties of undefined (reading 'search')
    at VoiceAIAssistantComponent.handleDeepLinkParameters [90m(/home/user/shoplisl/[39msrc/app/shared/components/voice-ai-assistant/voice-ai-assistant.component.ts:214:59[90m)[39m
    at VoiceAIAssistantComponent.ngOnInit [90m(/home/user/shoplisl/[39msrc/app/shared/components/voice-ai-assistant/voice-ai-assistant.component.ts:126:10[90m)[39m
    at [90m/home/user/shoplisl/[39msrc/app/shared/components/voice-ai-assistant/voice-ai-assistant.component.spec.ts:1417:17
    at [90mfile:///home/user/shoplisl/[39mnode_modules/[4m@vitest/runner[24m/dist/chunk-hooks.js:155:11
    at [90mfile:///home/user/shoplisl/[39mnode_modules/[4m@vitest/runner[24m/dist/chunk-hooks.js:1897:20
    at new ZoneAwarePromise [90m(/home/user/shoplisl/[39mnode_modules/[4mzone.js[24m/fesm2015/zone.js:2701:25[90m)[39m
    at runWithTimeout [90m(file:///home/user/shoplisl/[39mnode_modules/[4m@vitest/runner[24m/dist/chunk-hooks.js:1863:10[90m)[39m
    at runHook [90m(file:///home/user/shoplisl/[39mnode_modules/[4m@vitest/runner[24m/dist/chunk-hooks.js:1436:51[90m)[39m
    at callSuiteHook [90m(file:///home/user/shoplisl/[39mnode_modules/[4m@vitest/runner[24m/dist/chunk-hooks.js:1442:25[90m)[39m
[90m    at processTicksAndRejections (node:internal/process/task_queues:105:5)[39m

stdout | src/app/shared/components/voice-ai-assistant/voice-ai-assistant.component.spec.ts > VoiceAIAssistantComponent > UI Helpers > should get placeholder for active conversation
💬 Chat loaded: { total: [33m0[39m, userMessages: [33m0[39m }

stderr | src/app/shared/components/voice-ai-assistant/voice-ai-assistant.component.spec.ts > VoiceAIAssistantComponent > UI Helpers > should get placeholder for active conversation
TypeError: Cannot read properties of undefined (reading 'search')
    at VoiceAIAssistantComponent.handleDeepLinkParameters [90m(/home/user/shoplisl/[39msrc/app/shared/components/voice-ai-assistant/voice-ai-assistant.component.ts:214:59[90m)[39m
    at VoiceAIAssistantComponent.ngOnInit [90m(/home/user/shoplisl/[39msrc/app/shared/components/voice-ai-assistant/voice-ai-assistant.component.ts:126:10[90m)[39m
    at [90m/home/user/shoplisl/[39msrc/app/shared/components/voice-ai-assistant/voice-ai-assistant.component.spec.ts:1516:17
    at [90mfile:///home/user/shoplisl/[39mnode_modules/[4m@vitest/runner[24m/dist/chunk-hooks.js:155:11
    at [90mfile:///home/user/shoplisl/[39mnode_modules/[4m@vitest/runner[24m/dist/chunk-hooks.js:1897:20
    at new ZoneAwarePromise [90m(/home/user/shoplisl/[39mnode_modules/[4mzone.js[24m/fesm2015/zone.js:2701:25[90m)[39m
    at runWithTimeout [90m(file:///home/user/shoplisl/[39mnode_modules/[4m@vitest/runner[24m/dist/chunk-hooks.js:1863:10[90m)[39m
    at runHook [90m(file:///home/user/shoplisl/[39mnode_modules/[4m@vitest/runner[24m/dist/chunk-hooks.js:1436:51[90m)[39m
    at callSuiteHook [90m(file:///home/user/shoplisl/[39mnode_modules/[4m@vitest/runner[24m/dist/chunk-hooks.js:1442:25[90m)[39m
[90m    at processTicksAndRejections (node:internal/process/task_queues:105:5)[39m

stdout | src/app/shared/components/voice-ai-assistant/voice-ai-assistant.component.spec.ts > VoiceAIAssistantComponent > UI Helpers > should get default placeholder without active conversation
💬 Chat loaded: { total: [33m0[39m, userMessages: [33m0[39m }

stderr | src/app/shared/components/voice-ai-assistant/voice-ai-assistant.component.spec.ts > VoiceAIAssistantComponent > UI Helpers > should get default placeholder without active conversation
TypeError: Cannot read properties of undefined (reading 'search')
    at VoiceAIAssistantComponent.handleDeepLinkParameters [90m(/home/user/shoplisl/[39msrc/app/shared/components/voice-ai-assistant/voice-ai-assistant.component.ts:214:59[90m)[39m
    at VoiceAIAssistantComponent.ngOnInit [90m(/home/user/shoplisl/[39msrc/app/shared/components/voice-ai-assistant/voice-ai-assistant.component.ts:126:10[90m)[39m
    at [90m/home/user/shoplisl/[39msrc/app/shared/components/voice-ai-assistant/voice-ai-assistant.component.spec.ts:1516:17
    at [90mfile:///home/user/shoplisl/[39mnode_modules/[4m@vitest/runner[24m/dist/chunk-hooks.js:155:11
    at [90mfile:///home/user/shoplisl/[39mnode_modules/[4m@vitest/runner[24m/dist/chunk-hooks.js:1897:20
    at new ZoneAwarePromise [90m(/home/user/shoplisl/[39mnode_modules/[4mzone.js[24m/fesm2015/zone.js:2701:25[90m)[39m
    at runWithTimeout [90m(file:///home/user/shoplisl/[39mnode_modules/[4m@vitest/runner[24m/dist/chunk-hooks.js:1863:10[90m)[39m
    at runHook [90m(file:///home/user/shoplisl/[39mnode_modules/[4m@vitest/runner[24m/dist/chunk-hooks.js:1436:51[90m)[39m
    at callSuiteHook [90m(file:///home/user/shoplisl/[39mnode_modules/[4m@vitest/runner[24m/dist/chunk-hooks.js:1442:25[90m)[39m
[90m    at processTicksAndRejections (node:internal/process/task_queues:105:5)[39m

stdout | src/app/shared/components/voice-ai-assistant/voice-ai-assistant.component.spec.ts > VoiceAIAssistantComponent > UI Helpers > should get voice tooltip based on recording state
💬 Chat loaded: { total: [33m0[39m, userMessages: [33m0[39m }

stderr | src/app/shared/components/voice-ai-assistant/voice-ai-assistant.component.spec.ts > VoiceAIAssistantComponent > UI Helpers > should get voice tooltip based on recording state
TypeError: Cannot read properties of undefined (reading 'search')
    at VoiceAIAssistantComponent.handleDeepLinkParameters [90m(/home/user/shoplisl/[39msrc/app/shared/components/voice-ai-assistant/voice-ai-assistant.component.ts:214:59[90m)[39m
    at VoiceAIAssistantComponent.ngOnInit [90m(/home/user/shoplisl/[39msrc/app/shared/components/voice-ai-assistant/voice-ai-assistant.component.ts:126:10[90m)[39m
    at [90m/home/user/shoplisl/[39msrc/app/shared/components/voice-ai-assistant/voice-ai-assistant.component.spec.ts:1516:17
    at [90mfile:///home/user/shoplisl/[39mnode_modules/[4m@vitest/runner[24m/dist/chunk-hooks.js:155:11
    at [90mfile:///home/user/shoplisl/[39mnode_modules/[4m@vitest/runner[24m/dist/chunk-hooks.js:1897:20
    at new ZoneAwarePromise [90m(/home/user/shoplisl/[39mnode_modules/[4mzone.js[24m/fesm2015/zone.js:2701:25[90m)[39m
    at runWithTimeout [90m(file:///home/user/shoplisl/[39mnode_modules/[4m@vitest/runner[24m/dist/chunk-hooks.js:1863:10[90m)[39m
    at runHook [90m(file:///home/user/shoplisl/[39mnode_modules/[4m@vitest/runner[24m/dist/chunk-hooks.js:1436:51[90m)[39m
    at callSuiteHook [90m(file:///home/user/shoplisl/[39mnode_modules/[4m@vitest/runner[24m/dist/chunk-hooks.js:1442:25[90m)[39m
[90m    at processTicksAndRejections (node:internal/process/task_queues:105:5)[39m

stdout | src/app/shared/components/voice-ai-assistant/voice-ai-assistant.component.spec.ts > VoiceAIAssistantComponent > UI Helpers > should get send tooltip based on conversation state
💬 Chat loaded: { total: [33m0[39m, userMessages: [33m0[39m }

stderr | src/app/shared/components/voice-ai-assistant/voice-ai-assistant.component.spec.ts > VoiceAIAssistantComponent > UI Helpers > should get send tooltip based on conversation state
TypeError: Cannot read properties of undefined (reading 'search')
    at VoiceAIAssistantComponent.handleDeepLinkParameters [90m(/home/user/shoplisl/[39msrc/app/shared/components/voice-ai-assistant/voice-ai-assistant.component.ts:214:59[90m)[39m
    at VoiceAIAssistantComponent.ngOnInit [90m(/home/user/shoplisl/[39msrc/app/shared/components/voice-ai-assistant/voice-ai-assistant.component.ts:126:10[90m)[39m
    at [90m/home/user/shoplisl/[39msrc/app/shared/components/voice-ai-assistant/voice-ai-assistant.component.spec.ts:1516:17
    at [90mfile:///home/user/shoplisl/[39mnode_modules/[4m@vitest/runner[24m/dist/chunk-hooks.js:155:11
    at [90mfile:///home/user/shoplisl/[39mnode_modules/[4m@vitest/runner[24m/dist/chunk-hooks.js:1897:20
    at new ZoneAwarePromise [90m(/home/user/shoplisl/[39mnode_modules/[4mzone.js[24m/fesm2015/zone.js:2701:25[90m)[39m
    at runWithTimeout [90m(file:///home/user/shoplisl/[39mnode_modules/[4m@vitest/runner[24m/dist/chunk-hooks.js:1863:10[90m)[39m
    at runHook [90m(file:///home/user/shoplisl/[39mnode_modules/[4m@vitest/runner[24m/dist/chunk-hooks.js:1436:51[90m)[39m
    at callSuiteHook [90m(file:///home/user/shoplisl/[39mnode_modules/[4m@vitest/runner[24m/dist/chunk-hooks.js:1442:25[90m)[39m
[90m    at processTicksAndRejections (node:internal/process/task_queues:105:5)[39m

stdout | src/app/shared/components/voice-ai-assistant/voice-ai-assistant.component.spec.ts > VoiceAIAssistantComponent > UI Helpers > should send quick message
💬 Chat loaded: { total: [33m0[39m, userMessages: [33m0[39m }

stderr | src/app/shared/components/voice-ai-assistant/voice-ai-assistant.component.spec.ts > VoiceAIAssistantComponent > UI Helpers > should send quick message
TypeError: Cannot read properties of undefined (reading 'search')
    at VoiceAIAssistantComponent.handleDeepLinkParameters [90m(/home/user/shoplisl/[39msrc/app/shared/components/voice-ai-assistant/voice-ai-assistant.component.ts:214:59[90m)[39m
    at VoiceAIAssistantComponent.ngOnInit [90m(/home/user/shoplisl/[39msrc/app/shared/components/voice-ai-assistant/voice-ai-assistant.component.ts:126:10[90m)[39m
    at [90m/home/user/shoplisl/[39msrc/app/shared/components/voice-ai-assistant/voice-ai-assistant.component.spec.ts:1516:17
    at [90mfile:///home/user/shoplisl/[39mnode_modules/[4m@vitest/runner[24m/dist/chunk-hooks.js:155:11
    at [90mfile:///home/user/shoplisl/[39mnode_modules/[4m@vitest/runner[24m/dist/chunk-hooks.js:1897:20
    at new ZoneAwarePromise [90m(/home/user/shoplisl/[39mnode_modules/[4mzone.js[24m/fesm2015/zone.js:2701:25[90m)[39m
    at runWithTimeout [90m(file:///home/user/shoplisl/[39mnode_modules/[4m@vitest/runner[24m/dist/chunk-hooks.js:1863:10[90m)[39m
    at runHook [90m(file:///home/user/shoplisl/[39mnode_modules/[4m@vitest/runner[24m/dist/chunk-hooks.js:1436:51[90m)[39m
    at callSuiteHook [90m(file:///home/user/shoplisl/[39mnode_modules/[4m@vitest/runner[24m/dist/chunk-hooks.js:1442:25[90m)[39m
[90m    at processTicksAndRejections (node:internal/process/task_queues:105:5)[39m

stdout | src/app/shared/components/voice-ai-assistant/voice-ai-assistant.component.spec.ts > VoiceAIAssistantComponent > UI Helpers > should detect if continuation can be used
💬 Chat loaded: { total: [33m0[39m, userMessages: [33m0[39m }

stderr | src/app/shared/components/voice-ai-assistant/voice-ai-assistant.component.spec.ts > VoiceAIAssistantComponent > UI Helpers > should detect if continuation can be used
TypeError: Cannot read properties of undefined (reading 'search')
    at VoiceAIAssistantComponent.handleDeepLinkParameters [90m(/home/user/shoplisl/[39msrc/app/shared/components/voice-ai-assistant/voice-ai-assistant.component.ts:214:59[90m)[39m
    at VoiceAIAssistantComponent.ngOnInit [90m(/home/user/shoplisl/[39msrc/app/shared/components/voice-ai-assistant/voice-ai-assistant.component.ts:126:10[90m)[39m
    at [90m/home/user/shoplisl/[39msrc/app/shared/components/voice-ai-assistant/voice-ai-assistant.component.spec.ts:1516:17
    at [90mfile:///home/user/shoplisl/[39mnode_modules/[4m@vitest/runner[24m/dist/chunk-hooks.js:155:11
    at [90mfile:///home/user/shoplisl/[39mnode_modules/[4m@vitest/runner[24m/dist/chunk-hooks.js:1897:20
    at new ZoneAwarePromise [90m(/home/user/shoplisl/[39mnode_modules/[4mzone.js[24m/fesm2015/zone.js:2701:25[90m)[39m
    at runWithTimeout [90m(file:///home/user/shoplisl/[39mnode_modules/[4m@vitest/runner[24m/dist/chunk-hooks.js:1863:10[90m)[39m
    at runHook [90m(file:///home/user/shoplisl/[39mnode_modules/[4m@vitest/runner[24m/dist/chunk-hooks.js:1436:51[90m)[39m
    at callSuiteHook [90m(file:///home/user/shoplisl/[39mnode_modules/[4m@vitest/runner[24m/dist/chunk-hooks.js:1442:25[90m)[39m
[90m    at processTicksAndRejections (node:internal/process/task_queues:105:5)[39m

stdout | src/app/shared/components/voice-ai-assistant/voice-ai-assistant.component.spec.ts > VoiceAIAssistantComponent > UI Helpers > should detect when continuation cannot be used
💬 Chat loaded: { total: [33m0[39m, userMessages: [33m0[39m }

stderr | src/app/shared/components/voice-ai-assistant/voice-ai-assistant.component.spec.ts > VoiceAIAssistantComponent > UI Helpers > should detect when continuation cannot be used
TypeError: Cannot read properties of undefined (reading 'search')
    at VoiceAIAssistantComponent.handleDeepLinkParameters [90m(/home/user/shoplisl/[39msrc/app/shared/components/voice-ai-assistant/voice-ai-assistant.component.ts:214:59[90m)[39m
    at VoiceAIAssistantComponent.ngOnInit [90m(/home/user/shoplisl/[39msrc/app/shared/components/voice-ai-assistant/voice-ai-assistant.component.ts:126:10[90m)[39m
    at [90m/home/user/shoplisl/[39msrc/app/shared/components/voice-ai-assistant/voice-ai-assistant.component.spec.ts:1516:17
    at [90mfile:///home/user/shoplisl/[39mnode_modules/[4m@vitest/runner[24m/dist/chunk-hooks.js:155:11
    at [90mfile:///home/user/shoplisl/[39mnode_modules/[4m@vitest/runner[24m/dist/chunk-hooks.js:1897:20
    at new ZoneAwarePromise [90m(/home/user/shoplisl/[39mnode_modules/[4mzone.js[24m/fesm2015/zone.js:2701:25[90m)[39m
    at runWithTimeout [90m(file:///home/user/shoplisl/[39mnode_modules/[4m@vitest/runner[24m/dist/chunk-hooks.js:1863:10[90m)[39m
    at runHook [90m(file:///home/user/shoplisl/[39mnode_modules/[4m@vitest/runner[24m/dist/chunk-hooks.js:1436:51[90m)[39m
    at callSuiteHook [90m(file:///home/user/shoplisl/[39mnode_modules/[4m@vitest/runner[24m/dist/chunk-hooks.js:1442:25[90m)[39m
[90m    at processTicksAndRejections (node:internal/process/task_queues:105:5)[39m

stdout | src/app/shared/components/voice-ai-assistant/voice-ai-assistant.component.spec.ts > VoiceAIAssistantComponent > UI Helpers > should handle onEnterKey with Ctrl pressed
💬 Chat loaded: { total: [33m0[39m, userMessages: [33m0[39m }

stderr | src/app/shared/components/voice-ai-assistant/voice-ai-assistant.component.spec.ts > VoiceAIAssistantComponent > UI Helpers > should handle onEnterKey with Ctrl pressed
TypeError: Cannot read properties of undefined (reading 'search')
    at VoiceAIAssistantComponent.handleDeepLinkParameters [90m(/home/user/shoplisl/[39msrc/app/shared/components/voice-ai-assistant/voice-ai-assistant.component.ts:214:59[90m)[39m
    at VoiceAIAssistantComponent.ngOnInit [90m(/home/user/shoplisl/[39msrc/app/shared/components/voice-ai-assistant/voice-ai-assistant.component.ts:126:10[90m)[39m
    at [90m/home/user/shoplisl/[39msrc/app/shared/components/voice-ai-assistant/voice-ai-assistant.component.spec.ts:1516:17
    at [90mfile:///home/user/shoplisl/[39mnode_modules/[4m@vitest/runner[24m/dist/chunk-hooks.js:155:11
    at [90mfile:///home/user/shoplisl/[39mnode_modules/[4m@vitest/runner[24m/dist/chunk-hooks.js:1897:20
    at new ZoneAwarePromise [90m(/home/user/shoplisl/[39mnode_modules/[4mzone.js[24m/fesm2015/zone.js:2701:25[90m)[39m
    at runWithTimeout [90m(file:///home/user/shoplisl/[39mnode_modules/[4m@vitest/runner[24m/dist/chunk-hooks.js:1863:10[90m)[39m
    at runHook [90m(file:///home/user/shoplisl/[39mnode_modules/[4m@vitest/runner[24m/dist/chunk-hooks.js:1436:51[90m)[39m
    at callSuiteHook [90m(file:///home/user/shoplisl/[39mnode_modules/[4m@vitest/runner[24m/dist/chunk-hooks.js:1442:25[90m)[39m
[90m    at processTicksAndRejections (node:internal/process/task_queues:105:5)[39m

stdout | src/app/shared/components/voice-ai-assistant/voice-ai-assistant.component.spec.ts > VoiceAIAssistantComponent > UI Helpers > should set text input source
💬 Chat loaded: { total: [33m0[39m, userMessages: [33m0[39m }

stderr | src/app/shared/components/voice-ai-assistant/voice-ai-assistant.component.spec.ts > VoiceAIAssistantComponent > UI Helpers > should set text input source
TypeError: Cannot read properties of undefined (reading 'search')
    at VoiceAIAssistantComponent.handleDeepLinkParameters [90m(/home/user/shoplisl/[39msrc/app/shared/components/voice-ai-assistant/voice-ai-assistant.component.ts:214:59[90m)[39m
    at VoiceAIAssistantComponent.ngOnInit [90m(/home/user/shoplisl/[39msrc/app/shared/components/voice-ai-assistant/voice-ai-assistant.component.ts:126:10[90m)[39m
    at [90m/home/user/shoplisl/[39msrc/app/shared/components/voice-ai-assistant/voice-ai-assistant.component.spec.ts:1516:17
    at [90mfile:///home/user/shoplisl/[39mnode_modules/[4m@vitest/runner[24m/dist/chunk-hooks.js:155:11
    at [90mfile:///home/user/shoplisl/[39mnode_modules/[4m@vitest/runner[24m/dist/chunk-hooks.js:1897:20
    at new ZoneAwarePromise [90m(/home/user/shoplisl/[39mnode_modules/[4mzone.js[24m/fesm2015/zone.js:2701:25[90m)[39m
    at runWithTimeout [90m(file:///home/user/shoplisl/[39mnode_modules/[4m@vitest/runner[24m/dist/chunk-hooks.js:1863:10[90m)[39m
    at runHook [90m(file:///home/user/shoplisl/[39mnode_modules/[4m@vitest/runner[24m/dist/chunk-hooks.js:1436:51[90m)[39m
    at callSuiteHook [90m(file:///home/user/shoplisl/[39mnode_modules/[4m@vitest/runner[24m/dist/chunk-hooks.js:1442:25[90m)[39m
[90m    at processTicksAndRejections (node:internal/process/task_queues:105:5)[39m

stdout | src/app/shared/components/voice-ai-assistant/voice-ai-assistant.component.spec.ts > VoiceAIAssistantComponent > Disambiguation UI Helpers > should detect recipe processing
💬 Chat loaded: { total: [33m0[39m, userMessages: [33m0[39m }

stdout | src/app/features/lists/list-detail/list-detail.spec.ts > ListDetailComponent > Shopping Mode Filters > should show only checked items when filter is "erledigt"
🔄 Switching shopping filter to: erledigt

stderr | src/app/shared/components/voice-ai-assistant/voice-ai-assistant.component.spec.ts > VoiceAIAssistantComponent > Disambiguation UI Helpers > should detect recipe processing
TypeError: Cannot read properties of undefined (reading 'search')
    at VoiceAIAssistantComponent.handleDeepLinkParameters [90m(/home/user/shoplisl/[39msrc/app/shared/components/voice-ai-assistant/voice-ai-assistant.component.ts:214:59[90m)[39m
    at VoiceAIAssistantComponent.ngOnInit [90m(/home/user/shoplisl/[39msrc/app/shared/components/voice-ai-assistant/voice-ai-assistant.component.ts:126:10[90m)[39m
    at [90m/home/user/shoplisl/[39msrc/app/shared/components/voice-ai-assistant/voice-ai-assistant.component.spec.ts:1637:17
    at [90mfile:///home/user/shoplisl/[39mnode_modules/[4m@vitest/runner[24m/dist/chunk-hooks.js:155:11
    at [90mfile:///home/user/shoplisl/[39mnode_modules/[4m@vitest/runner[24m/dist/chunk-hooks.js:1897:20
    at new ZoneAwarePromise [90m(/home/user/shoplisl/[39mnode_modules/[4mzone.js[24m/fesm2015/zone.js:2701:25[90m)[39m
    at runWithTimeout [90m(file:///home/user/shoplisl/[39mnode_modules/[4m@vitest/runner[24m/dist/chunk-hooks.js:1863:10[90m)[39m
    at runHook [90m(file:///home/user/shoplisl/[39mnode_modules/[4m@vitest/runner[24m/dist/chunk-hooks.js:1436:51[90m)[39m
    at callSuiteHook [90m(file:///home/user/shoplisl/[39mnode_modules/[4m@vitest/runner[24m/dist/chunk-hooks.js:1442:25[90m)[39m
[90m    at processTicksAndRejections (node:internal/process/task_queues:105:5)[39m

stdout | src/app/shared/components/voice-ai-assistant/voice-ai-assistant.component.spec.ts > VoiceAIAssistantComponent > Disambiguation UI Helpers > should detect sequential recipe processing
💬 Chat loaded: { total: [33m0[39m, userMessages: [33m0[39m }

stderr | src/app/shared/components/voice-ai-assistant/voice-ai-assistant.component.spec.ts > VoiceAIAssistantComponent > Disambiguation UI Helpers > should detect sequential recipe processing
TypeError: Cannot read properties of undefined (reading 'search')
    at VoiceAIAssistantComponent.handleDeepLinkParameters [90m(/home/user/shoplisl/[39msrc/app/shared/components/voice-ai-assistant/voice-ai-assistant.component.ts:214:59[90m)[39m
    at VoiceAIAssistantComponent.ngOnInit [90m(/home/user/shoplisl/[39msrc/app/shared/components/voice-ai-assistant/voice-ai-assistant.component.ts:126:10[90m)[39m
    at [90m/home/user/shoplisl/[39msrc/app/shared/components/voice-ai-assistant/voice-ai-assistant.component.spec.ts:1637:17
    at [90mfile:///home/user/shoplisl/[39mnode_modules/[4m@vitest/runner[24m/dist/chunk-hooks.js:155:11
    at [90mfile:///home/user/shoplisl/[39mnode_modules/[4m@vitest/runner[24m/dist/chunk-hooks.js:1897:20
    at new ZoneAwarePromise [90m(/home/user/shoplisl/[39mnode_modules/[4mzone.js[24m/fesm2015/zone.js:2701:25[90m)[39m
    at runWithTimeout [90m(file:///home/user/shoplisl/[39mnode_modules/[4m@vitest/runner[24m/dist/chunk-hooks.js:1863:10[90m)[39m
    at runHook [90m(file:///home/user/shoplisl/[39mnode_modules/[4m@vitest/runner[24m/dist/chunk-hooks.js:1436:51[90m)[39m
    at callSuiteHook [90m(file:///home/user/shoplisl/[39mnode_modules/[4m@vitest/runner[24m/dist/chunk-hooks.js:1442:25[90m)[39m
[90m    at processTicksAndRejections (node:internal/process/task_queues:105:5)[39m

stdout | src/app/shared/components/voice-ai-assistant/voice-ai-assistant.component.spec.ts > VoiceAIAssistantComponent > Disambiguation UI Helpers > should get current item index
💬 Chat loaded: { total: [33m0[39m, userMessages: [33m0[39m }

stderr | src/app/shared/components/voice-ai-assistant/voice-ai-assistant.component.spec.ts > VoiceAIAssistantComponent > Disambiguation UI Helpers > should get current item index
TypeError: Cannot read properties of undefined (reading 'search')
    at VoiceAIAssistantComponent.handleDeepLinkParameters [90m(/home/user/shoplisl/[39msrc/app/shared/components/voice-ai-assistant/voice-ai-assistant.component.ts:214:59[90m)[39m
    at VoiceAIAssistantComponent.ngOnInit [90m(/home/user/shoplisl/[39msrc/app/shared/components/voice-ai-assistant/voice-ai-assistant.component.ts:126:10[90m)[39m
    at [90m/home/user/shoplisl/[39msrc/app/shared/components/voice-ai-assistant/voice-ai-assistant.component.spec.ts:1637:17
    at [90mfile:///home/user/shoplisl/[39mnode_modules/[4m@vitest/runner[24m/dist/chunk-hooks.js:155:11
    at [90mfile:///home/user/shoplisl/[39mnode_modules/[4m@vitest/runner[24m/dist/chunk-hooks.js:1897:20
    at new ZoneAwarePromise [90m(/home/user/shoplisl/[39mnode_modules/[4mzone.js[24m/fesm2015/zone.js:2701:25[90m)[39m
    at runWithTimeout [90m(file:///home/user/shoplisl/[39mnode_modules/[4m@vitest/runner[24m/dist/chunk-hooks.js:1863:10[90m)[39m
    at runHook [90m(file:///home/user/shoplisl/[39mnode_modules/[4m@vitest/runner[24m/dist/chunk-hooks.js:1436:51[90m)[39m
    at callSuiteHook [90m(file:///home/user/shoplisl/[39mnode_modules/[4m@vitest/runner[24m/dist/chunk-hooks.js:1442:25[90m)[39m
[90m    at processTicksAndRejections (node:internal/process/task_queues:105:5)[39m

stdout | src/app/shared/components/voice-ai-assistant/voice-ai-assistant.component.spec.ts > VoiceAIAssistantComponent > Disambiguation UI Helpers > should get total items count
💬 Chat loaded: { total: [33m0[39m, userMessages: [33m0[39m }

stderr | src/app/shared/components/voice-ai-assistant/voice-ai-assistant.component.spec.ts > VoiceAIAssistantComponent > Disambiguation UI Helpers > should get total items count
TypeError: Cannot read properties of undefined (reading 'search')
    at VoiceAIAssistantComponent.handleDeepLinkParameters [90m(/home/user/shoplisl/[39msrc/app/shared/components/voice-ai-assistant/voice-ai-assistant.component.ts:214:59[90m)[39m
    at VoiceAIAssistantComponent.ngOnInit [90m(/home/user/shoplisl/[39msrc/app/shared/components/voice-ai-assistant/voice-ai-assistant.component.ts:126:10[90m)[39m
    at [90m/home/user/shoplisl/[39msrc/app/shared/components/voice-ai-assistant/voice-ai-assistant.component.spec.ts:1637:17
    at [90mfile:///home/user/shoplisl/[39mnode_modules/[4m@vitest/runner[24m/dist/chunk-hooks.js:155:11
    at [90mfile:///home/user/shoplisl/[39mnode_modules/[4m@vitest/runner[24m/dist/chunk-hooks.js:1897:20
    at new ZoneAwarePromise [90m(/home/user/shoplisl/[39mnode_modules/[4mzone.js[24m/fesm2015/zone.js:2701:25[90m)[39m
    at runWithTimeout [90m(file:///home/user/shoplisl/[39mnode_modules/[4m@vitest/runner[24m/dist/chunk-hooks.js:1863:10[90m)[39m
    at runHook [90m(file:///home/user/shoplisl/[39mnode_modules/[4m@vitest/runner[24m/dist/chunk-hooks.js:1436:51[90m)[39m
    at callSuiteHook [90m(file:///home/user/shoplisl/[39mnode_modules/[4m@vitest/runner[24m/dist/chunk-hooks.js:1442:25[90m)[39m
[90m    at processTicksAndRejections (node:internal/process/task_queues:105:5)[39m

stdout | src/app/shared/components/voice-ai-assistant/voice-ai-assistant.component.spec.ts > VoiceAIAssistantComponent > Disambiguation UI Helpers > should calculate progress percentage
💬 Chat loaded: { total: [33m0[39m, userMessages: [33m0[39m }

stderr | src/app/shared/components/voice-ai-assistant/voice-ai-assistant.component.spec.ts > VoiceAIAssistantComponent > Disambiguation UI Helpers > should calculate progress percentage
TypeError: Cannot read properties of undefined (reading 'search')
    at VoiceAIAssistantComponent.handleDeepLinkParameters [90m(/home/user/shoplisl/[39msrc/app/shared/components/voice-ai-assistant/voice-ai-assistant.component.ts:214:59[90m)[39m
    at VoiceAIAssistantComponent.ngOnInit [90m(/home/user/shoplisl/[39msrc/app/shared/components/voice-ai-assistant/voice-ai-assistant.component.ts:126:10[90m)[39m
    at [90m/home/user/shoplisl/[39msrc/app/shared/components/voice-ai-assistant/voice-ai-assistant.component.spec.ts:1637:17
    at [90mfile:///home/user/shoplisl/[39mnode_modules/[4m@vitest/runner[24m/dist/chunk-hooks.js:155:11
    at [90mfile:///home/user/shoplisl/[39mnode_modules/[4m@vitest/runner[24m/dist/chunk-hooks.js:1897:20
    at new ZoneAwarePromise [90m(/home/user/shoplisl/[39mnode_modules/[4mzone.js[24m/fesm2015/zone.js:2701:25[90m)[39m
    at runWithTimeout [90m(file:///home/user/shoplisl/[39mnode_modules/[4m@vitest/runner[24m/dist/chunk-hooks.js:1863:10[90m)[39m
    at runHook [90m(file:///home/user/shoplisl/[39mnode_modules/[4m@vitest/runner[24m/dist/chunk-hooks.js:1436:51[90m)[39m
    at callSuiteHook [90m(file:///home/user/shoplisl/[39mnode_modules/[4m@vitest/runner[24m/dist/chunk-hooks.js:1442:25[90m)[39m
[90m    at processTicksAndRejections (node:internal/process/task_queues:105:5)[39m

stdout | src/app/shared/components/voice-ai-assistant/voice-ai-assistant.component.spec.ts > VoiceAIAssistantComponent > Disambiguation UI Helpers > should detect when skip all is available
💬 Chat loaded: { total: [33m0[39m, userMessages: [33m0[39m }

stderr | src/app/shared/components/voice-ai-assistant/voice-ai-assistant.component.spec.ts > VoiceAIAssistantComponent > Disambiguation UI Helpers > should detect when skip all is available
TypeError: Cannot read properties of undefined (reading 'search')
    at VoiceAIAssistantComponent.handleDeepLinkParameters [90m(/home/user/shoplisl/[39msrc/app/shared/components/voice-ai-assistant/voice-ai-assistant.component.ts:214:59[90m)[39m
    at VoiceAIAssistantComponent.ngOnInit [90m(/home/user/shoplisl/[39msrc/app/shared/components/voice-ai-assistant/voice-ai-assistant.component.ts:126:10[90m)[39m
    at [90m/home/user/shoplisl/[39msrc/app/shared/components/voice-ai-assistant/voice-ai-assistant.component.spec.ts:1637:17
    at [90mfile:///home/user/shoplisl/[39mnode_modules/[4m@vitest/runner[24m/dist/chunk-hooks.js:155:11
    at [90mfile:///home/user/shoplisl/[39mnode_modules/[4m@vitest/runner[24m/dist/chunk-hooks.js:1897:20
    at new ZoneAwarePromise [90m(/home/user/shoplisl/[39mnode_modules/[4mzone.js[24m/fesm2015/zone.js:2701:25[90m)[39m
    at runWithTimeout [90m(file:///home/user/shoplisl/[39mnode_modules/[4m@vitest/runner[24m/dist/chunk-hooks.js:1863:10[90m)[39m
    at runHook [90m(file:///home/user/shoplisl/[39mnode_modules/[4m@vitest/runner[24m/dist/chunk-hooks.js:1436:51[90m)[39m
    at callSuiteHook [90m(file:///home/user/shoplisl/[39mnode_modules/[4m@vitest/runner[24m/dist/chunk-hooks.js:1442:25[90m)[39m
[90m    at processTicksAndRejections (node:internal/process/task_queues:105:5)[39m

stdout | src/app/shared/components/voice-ai-assistant/voice-ai-assistant.component.spec.ts > VoiceAIAssistantComponent > Disambiguation UI Helpers > should detect when skip all is not available
💬 Chat loaded: { total: [33m0[39m, userMessages: [33m0[39m }

stderr | src/app/shared/components/voice-ai-assistant/voice-ai-assistant.component.spec.ts > VoiceAIAssistantComponent > Disambiguation UI Helpers > should detect when skip all is not available
TypeError: Cannot read properties of undefined (reading 'search')
    at VoiceAIAssistantComponent.handleDeepLinkParameters [90m(/home/user/shoplisl/[39msrc/app/shared/components/voice-ai-assistant/voice-ai-assistant.component.ts:214:59[90m)[39m
    at VoiceAIAssistantComponent.ngOnInit [90m(/home/user/shoplisl/[39msrc/app/shared/components/voice-ai-assistant/voice-ai-assistant.component.ts:126:10[90m)[39m
    at [90m/home/user/shoplisl/[39msrc/app/shared/components/voice-ai-assistant/voice-ai-assistant.component.spec.ts:1637:17
    at [90mfile:///home/user/shoplisl/[39mnode_modules/[4m@vitest/runner[24m/dist/chunk-hooks.js:155:11
    at [90mfile:///home/user/shoplisl/[39mnode_modules/[4m@vitest/runner[24m/dist/chunk-hooks.js:1897:20
    at new ZoneAwarePromise [90m(/home/user/shoplisl/[39mnode_modules/[4mzone.js[24m/fesm2015/zone.js:2701:25[90m)[39m
    at runWithTimeout [90m(file:///home/user/shoplisl/[39mnode_modules/[4m@vitest/runner[24m/dist/chunk-hooks.js:1863:10[90m)[39m
    at runHook [90m(file:///home/user/shoplisl/[39mnode_modules/[4m@vitest/runner[24m/dist/chunk-hooks.js:1436:51[90m)[39m
    at callSuiteHook [90m(file:///home/user/shoplisl/[39mnode_modules/[4m@vitest/runner[24m/dist/chunk-hooks.js:1442:25[90m)[39m
[90m    at processTicksAndRejections (node:internal/process/task_queues:105:5)[39m

stdout | src/app/shared/components/voice-ai-assistant/voice-ai-assistant.component.spec.ts > VoiceAIAssistantComponent > Disambiguation UI Helpers > should get disambiguation header color
💬 Chat loaded: { total: [33m0[39m, userMessages: [33m0[39m }

stderr | src/app/shared/components/voice-ai-assistant/voice-ai-assistant.component.spec.ts > VoiceAIAssistantComponent > Disambiguation UI Helpers > should get disambiguation header color
TypeError: Cannot read properties of undefined (reading 'search')
    at VoiceAIAssistantComponent.handleDeepLinkParameters [90m(/home/user/shoplisl/[39msrc/app/shared/components/voice-ai-assistant/voice-ai-assistant.component.ts:214:59[90m)[39m
    at VoiceAIAssistantComponent.ngOnInit [90m(/home/user/shoplisl/[39msrc/app/shared/components/voice-ai-assistant/voice-ai-assistant.component.ts:126:10[90m)[39m
    at [90m/home/user/shoplisl/[39msrc/app/shared/components/voice-ai-assistant/voice-ai-assistant.component.spec.ts:1637:17
    at [90mfile:///home/user/shoplisl/[39mnode_modules/[4m@vitest/runner[24m/dist/chunk-hooks.js:155:11
    at [90mfile:///home/user/shoplisl/[39mnode_modules/[4m@vitest/runner[24m/dist/chunk-hooks.js:1897:20
    at new ZoneAwarePromise [90m(/home/user/shoplisl/[39mnode_modules/[4mzone.js[24m/fesm2015/zone.js:2701:25[90m)[39m
    at runWithTimeout [90m(file:///home/user/shoplisl/[39mnode_modules/[4m@vitest/runner[24m/dist/chunk-hooks.js:1863:10[90m)[39m
    at runHook [90m(file:///home/user/shoplisl/[39mnode_modules/[4m@vitest/runner[24m/dist/chunk-hooks.js:1436:51[90m)[39m
    at callSuiteHook [90m(file:///home/user/shoplisl/[39mnode_modules/[4m@vitest/runner[24m/dist/chunk-hooks.js:1442:25[90m)[39m
[90m    at processTicksAndRejections (node:internal/process/task_queues:105:5)[39m

stdout | src/app/shared/components/voice-ai-assistant/voice-ai-assistant.component.spec.ts > VoiceAIAssistantComponent > Disambiguation UI Helpers > should get disambiguation header icon
💬 Chat loaded: { total: [33m0[39m, userMessages: [33m0[39m }

stderr | src/app/shared/components/voice-ai-assistant/voice-ai-assistant.component.spec.ts > VoiceAIAssistantComponent > Disambiguation UI Helpers > should get disambiguation header icon
TypeError: Cannot read properties of undefined (reading 'search')
    at VoiceAIAssistantComponent.handleDeepLinkParameters [90m(/home/user/shoplisl/[39msrc/app/shared/components/voice-ai-assistant/voice-ai-assistant.component.ts:214:59[90m)[39m
    at VoiceAIAssistantComponent.ngOnInit [90m(/home/user/shoplisl/[39msrc/app/shared/components/voice-ai-assistant/voice-ai-assistant.component.ts:126:10[90m)[39m
    at [90m/home/user/shoplisl/[39msrc/app/shared/components/voice-ai-assistant/voice-ai-assistant.component.spec.ts:1637:17
    at [90mfile:///home/user/shoplisl/[39mnode_modules/[4m@vitest/runner[24m/dist/chunk-hooks.js:155:11
    at [90mfile:///home/user/shoplisl/[39mnode_modules/[4m@vitest/runner[24m/dist/chunk-hooks.js:1897:20
    at new ZoneAwarePromise [90m(/home/user/shoplisl/[39mnode_modules/[4mzone.js[24m/fesm2015/zone.js:2701:25[90m)[39m
    at runWithTimeout [90m(file:///home/user/shoplisl/[39mnode_modules/[4m@vitest/runner[24m/dist/chunk-hooks.js:1863:10[90m)[39m
    at runHook [90m(file:///home/user/shoplisl/[39mnode_modules/[4m@vitest/runner[24m/dist/chunk-hooks.js:1436:51[90m)[39m
    at callSuiteHook [90m(file:///home/user/shoplisl/[39mnode_modules/[4m@vitest/runner[24m/dist/chunk-hooks.js:1442:25[90m)[39m
[90m    at processTicksAndRejections (node:internal/process/task_queues:105:5)[39m

stdout | src/app/shared/components/voice-ai-assistant/voice-ai-assistant.component.spec.ts > VoiceAIAssistantComponent > Disambiguation UI Helpers > should get action description
💬 Chat loaded: { total: [33m0[39m, userMessages: [33m0[39m }

stderr | src/app/shared/components/voice-ai-assistant/voice-ai-assistant.component.spec.ts > VoiceAIAssistantComponent > Disambiguation UI Helpers > should get action description
TypeError: Cannot read properties of undefined (reading 'search')
    at VoiceAIAssistantComponent.handleDeepLinkParameters [90m(/home/user/shoplisl/[39msrc/app/shared/components/voice-ai-assistant/voice-ai-assistant.component.ts:214:59[90m)[39m
    at VoiceAIAssistantComponent.ngOnInit [90m(/home/user/shoplisl/[39msrc/app/shared/components/voice-ai-assistant/voice-ai-assistant.component.ts:126:10[90m)[39m
    at [90m/home/user/shoplisl/[39msrc/app/shared/components/voice-ai-assistant/voice-ai-assistant.component.spec.ts:1637:17
    at [90mfile:///home/user/shoplisl/[39mnode_modules/[4m@vitest/runner[24m/dist/chunk-hooks.js:155:11
    at [90mfile:///home/user/shoplisl/[39mnode_modules/[4m@vitest/runner[24m/dist/chunk-hooks.js:1897:20
    at new ZoneAwarePromise [90m(/home/user/shoplisl/[39mnode_modules/[4mzone.js[24m/fesm2015/zone.js:2701:25[90m)[39m
    at runWithTimeout [90m(file:///home/user/shoplisl/[39mnode_modules/[4m@vitest/runner[24m/dist/chunk-hooks.js:1863:10[90m)[39m
    at runHook [90m(file:///home/user/shoplisl/[39mnode_modules/[4m@vitest/runner[24m/dist/chunk-hooks.js:1436:51[90m)[39m
    at callSuiteHook [90m(file:///home/user/shoplisl/[39mnode_modules/[4m@vitest/runner[24m/dist/chunk-hooks.js:1442:25[90m)[39m
[90m    at processTicksAndRejections (node:internal/process/task_queues:105:5)[39m

stdout | src/app/shared/components/voice-ai-assistant/voice-ai-assistant.component.spec.ts > VoiceAIAssistantComponent > Disambiguation UI Helpers > should get default icon for option type
💬 Chat loaded: { total: [33m0[39m, userMessages: [33m0[39m }

stderr | src/app/shared/components/voice-ai-assistant/voice-ai-assistant.component.spec.ts > VoiceAIAssistantComponent > Disambiguation UI Helpers > should get default icon for option type
TypeError: Cannot read properties of undefined (reading 'search')
    at VoiceAIAssistantComponent.handleDeepLinkParameters [90m(/home/user/shoplisl/[39msrc/app/shared/components/voice-ai-assistant/voice-ai-assistant.component.ts:214:59[90m)[39m
    at VoiceAIAssistantComponent.ngOnInit [90m(/home/user/shoplisl/[39msrc/app/shared/components/voice-ai-assistant/voice-ai-assistant.component.ts:126:10[90m)[39m
    at [90m/home/user/shoplisl/[39msrc/app/shared/components/voice-ai-assistant/voice-ai-assistant.component.spec.ts:1637:17
    at [90mfile:///home/user/shoplisl/[39mnode_modules/[4m@vitest/runner[24m/dist/chunk-hooks.js:155:11
    at [90mfile:///home/user/shoplisl/[39mnode_modules/[4m@vitest/runner[24m/dist/chunk-hooks.js:1897:20
    at new ZoneAwarePromise [90m(/home/user/shoplisl/[39mnode_modules/[4mzone.js[24m/fesm2015/zone.js:2701:25[90m)[39m
    at runWithTimeout [90m(file:///home/user/shoplisl/[39mnode_modules/[4m@vitest/runner[24m/dist/chunk-hooks.js:1863:10[90m)[39m
    at runHook [90m(file:///home/user/shoplisl/[39mnode_modules/[4m@vitest/runner[24m/dist/chunk-hooks.js:1436:51[90m)[39m
    at callSuiteHook [90m(file:///home/user/shoplisl/[39mnode_modules/[4m@vitest/runner[24m/dist/chunk-hooks.js:1442:25[90m)[39m
[90m    at processTicksAndRejections (node:internal/process/task_queues:105:5)[39m

stdout | src/app/shared/components/voice-ai-assistant/voice-ai-assistant.component.spec.ts > VoiceAIAssistantComponent > Disambiguation UI Helpers > should get action hint for option
💬 Chat loaded: { total: [33m0[39m, userMessages: [33m0[39m }

stderr | src/app/shared/components/voice-ai-assistant/voice-ai-assistant.component.spec.ts > VoiceAIAssistantComponent > Disambiguation UI Helpers > should get action hint for option
TypeError: Cannot read properties of undefined (reading 'search')
    at VoiceAIAssistantComponent.handleDeepLinkParameters [90m(/home/user/shoplisl/[39msrc/app/shared/components/voice-ai-assistant/voice-ai-assistant.component.ts:214:59[90m)[39m
    at VoiceAIAssistantComponent.ngOnInit [90m(/home/user/shoplisl/[39msrc/app/shared/components/voice-ai-assistant/voice-ai-assistant.component.ts:126:10[90m)[39m
    at [90m/home/user/shoplisl/[39msrc/app/shared/components/voice-ai-assistant/voice-ai-assistant.component.spec.ts:1637:17
    at [90mfile:///home/user/shoplisl/[39mnode_modules/[4m@vitest/runner[24m/dist/chunk-hooks.js:155:11
    at [90mfile:///home/user/shoplisl/[39mnode_modules/[4m@vitest/runner[24m/dist/chunk-hooks.js:1897:20
    at new ZoneAwarePromise [90m(/home/user/shoplisl/[39mnode_modules/[4mzone.js[24m/fesm2015/zone.js:2701:25[90m)[39m
    at runWithTimeout [90m(file:///home/user/shoplisl/[39mnode_modules/[4m@vitest/runner[24m/dist/chunk-hooks.js:1863:10[90m)[39m
    at runHook [90m(file:///home/user/shoplisl/[39mnode_modules/[4m@vitest/runner[24m/dist/chunk-hooks.js:1436:51[90m)[39m
    at callSuiteHook [90m(file:///home/user/shoplisl/[39mnode_modules/[4m@vitest/runner[24m/dist/chunk-hooks.js:1442:25[90m)[39m
[90m    at processTicksAndRejections (node:internal/process/task_queues:105:5)[39m

stdout | src/app/shared/components/voice-ai-assistant/voice-ai-assistant.component.spec.ts > VoiceAIAssistantComponent > Disambiguation UI Helpers > should get department name
💬 Chat loaded: { total: [33m0[39m, userMessages: [33m0[39m }

stderr | src/app/shared/components/voice-ai-assistant/voice-ai-assistant.component.spec.ts > VoiceAIAssistantComponent > Disambiguation UI Helpers > should get department name
TypeError: Cannot read properties of undefined (reading 'search')
    at VoiceAIAssistantComponent.handleDeepLinkParameters [90m(/home/user/shoplisl/[39msrc/app/shared/components/voice-ai-assistant/voice-ai-assistant.component.ts:214:59[90m)[39m
    at VoiceAIAssistantComponent.ngOnInit [90m(/home/user/shoplisl/[39msrc/app/shared/components/voice-ai-assistant/voice-ai-assistant.component.ts:126:10[90m)[39m
    at [90m/home/user/shoplisl/[39msrc/app/shared/components/voice-ai-assistant/voice-ai-assistant.component.spec.ts:1637:17
    at [90mfile:///home/user/shoplisl/[39mnode_modules/[4m@vitest/runner[24m/dist/chunk-hooks.js:155:11
    at [90mfile:///home/user/shoplisl/[39mnode_modules/[4m@vitest/runner[24m/dist/chunk-hooks.js:1897:20
    at new ZoneAwarePromise [90m(/home/user/shoplisl/[39mnode_modules/[4mzone.js[24m/fesm2015/zone.js:2701:25[90m)[39m
    at runWithTimeout [90m(file:///home/user/shoplisl/[39mnode_modules/[4m@vitest/runner[24m/dist/chunk-hooks.js:1863:10[90m)[39m
    at runHook [90m(file:///home/user/shoplisl/[39mnode_modules/[4m@vitest/runner[24m/dist/chunk-hooks.js:1436:51[90m)[39m
    at callSuiteHook [90m(file:///home/user/shoplisl/[39mnode_modules/[4m@vitest/runner[24m/dist/chunk-hooks.js:1442:25[90m)[39m
[90m    at processTicksAndRejections (node:internal/process/task_queues:105:5)[39m

stdout | src/app/shared/components/voice-ai-assistant/voice-ai-assistant.component.spec.ts > VoiceAIAssistantComponent > Disambiguation UI Helpers > should get confidence text
💬 Chat loaded: { total: [33m0[39m, userMessages: [33m0[39m }

stderr | src/app/shared/components/voice-ai-assistant/voice-ai-assistant.component.spec.ts > VoiceAIAssistantComponent > Disambiguation UI Helpers > should get confidence text
TypeError: Cannot read properties of undefined (reading 'search')
    at VoiceAIAssistantComponent.handleDeepLinkParameters [90m(/home/user/shoplisl/[39msrc/app/shared/components/voice-ai-assistant/voice-ai-assistant.component.ts:214:59[90m)[39m
    at VoiceAIAssistantComponent.ngOnInit [90m(/home/user/shoplisl/[39msrc/app/shared/components/voice-ai-assistant/voice-ai-assistant.component.ts:126:10[90m)[39m
    at [90m/home/user/shoplisl/[39msrc/app/shared/components/voice-ai-assistant/voice-ai-assistant.component.spec.ts:1637:17
    at [90mfile:///home/user/shoplisl/[39mnode_modules/[4m@vitest/runner[24m/dist/chunk-hooks.js:155:11
    at [90mfile:///home/user/shoplisl/[39mnode_modules/[4m@vitest/runner[24m/dist/chunk-hooks.js:1897:20
    at new ZoneAwarePromise [90m(/home/user/shoplisl/[39mnode_modules/[4mzone.js[24m/fesm2015/zone.js:2701:25[90m)[39m
    at runWithTimeout [90m(file:///home/user/shoplisl/[39mnode_modules/[4m@vitest/runner[24m/dist/chunk-hooks.js:1863:10[90m)[39m
    at runHook [90m(file:///home/user/shoplisl/[39mnode_modules/[4m@vitest/runner[24m/dist/chunk-hooks.js:1436:51[90m)[39m
    at callSuiteHook [90m(file:///home/user/shoplisl/[39mnode_modules/[4m@vitest/runner[24m/dist/chunk-hooks.js:1442:25[90m)[39m
[90m    at processTicksAndRejections (node:internal/process/task_queues:105:5)[39m

stdout | src/app/shared/components/voice-ai-assistant/voice-ai-assistant.component.spec.ts > VoiceAIAssistantComponent > Navigation & Chat Management > should navigate back to lists
💬 Chat loaded: { total: [33m0[39m, userMessages: [33m0[39m }

stderr | src/app/shared/components/voice-ai-assistant/voice-ai-assistant.component.spec.ts > VoiceAIAssistantComponent > Navigation & Chat Management > should navigate back to lists
TypeError: Cannot read properties of undefined (reading 'search')
    at VoiceAIAssistantComponent.handleDeepLinkParameters [90m(/home/user/shoplisl/[39msrc/app/shared/components/voice-ai-assistant/voice-ai-assistant.component.ts:214:59[90m)[39m
    at VoiceAIAssistantComponent.ngOnInit [90m(/home/user/shoplisl/[39msrc/app/shared/components/voice-ai-assistant/voice-ai-assistant.component.ts:126:10[90m)[39m
    at [90m/home/user/shoplisl/[39msrc/app/shared/components/voice-ai-assistant/voice-ai-assistant.component.spec.ts:1776:17
    at [90mfile:///home/user/shoplisl/[39mnode_modules/[4m@vitest/runner[24m/dist/chunk-hooks.js:155:11
    at [90mfile:///home/user/shoplisl/[39mnode_modules/[4m@vitest/runner[24m/dist/chunk-hooks.js:1897:20
    at new ZoneAwarePromise [90m(/home/user/shoplisl/[39mnode_modules/[4mzone.js[24m/fesm2015/zone.js:2701:25[90m)[39m
    at runWithTimeout [90m(file:///home/user/shoplisl/[39mnode_modules/[4m@vitest/runner[24m/dist/chunk-hooks.js:1863:10[90m)[39m
    at runHook [90m(file:///home/user/shoplisl/[39mnode_modules/[4m@vitest/runner[24m/dist/chunk-hooks.js:1436:51[90m)[39m
    at callSuiteHook [90m(file:///home/user/shoplisl/[39mnode_modules/[4m@vitest/runner[24m/dist/chunk-hooks.js:1442:25[90m)[39m
[90m    at processTicksAndRejections (node:internal/process/task_queues:105:5)[39m

stdout | src/app/shared/components/voice-ai-assistant/voice-ai-assistant.component.spec.ts > VoiceAIAssistantComponent > Navigation & Chat Management > should clear chat
💬 Chat loaded: { total: [33m0[39m, userMessages: [33m0[39m }

stderr | src/app/shared/components/voice-ai-assistant/voice-ai-assistant.component.spec.ts > VoiceAIAssistantComponent > Navigation & Chat Management > should clear chat
TypeError: Cannot read properties of undefined (reading 'search')
    at VoiceAIAssistantComponent.handleDeepLinkParameters [90m(/home/user/shoplisl/[39msrc/app/shared/components/voice-ai-assistant/voice-ai-assistant.component.ts:214:59[90m)[39m
    at VoiceAIAssistantComponent.ngOnInit [90m(/home/user/shoplisl/[39msrc/app/shared/components/voice-ai-assistant/voice-ai-assistant.component.ts:126:10[90m)[39m
    at [90m/home/user/shoplisl/[39msrc/app/shared/components/voice-ai-assistant/voice-ai-assistant.component.spec.ts:1776:17
    at [90mfile:///home/user/shoplisl/[39mnode_modules/[4m@vitest/runner[24m/dist/chunk-hooks.js:155:11
    at [90mfile:///home/user/shoplisl/[39mnode_modules/[4m@vitest/runner[24m/dist/chunk-hooks.js:1897:20
    at new ZoneAwarePromise [90m(/home/user/shoplisl/[39mnode_modules/[4mzone.js[24m/fesm2015/zone.js:2701:25[90m)[39m
    at runWithTimeout [90m(file:///home/user/shoplisl/[39mnode_modules/[4m@vitest/runner[24m/dist/chunk-hooks.js:1863:10[90m)[39m
    at runHook [90m(file:///home/user/shoplisl/[39mnode_modules/[4m@vitest/runner[24m/dist/chunk-hooks.js:1436:51[90m)[39m
    at callSuiteHook [90m(file:///home/user/shoplisl/[39mnode_modules/[4m@vitest/runner[24m/dist/chunk-hooks.js:1442:25[90m)[39m
[90m    at processTicksAndRejections (node:internal/process/task_queues:105:5)[39m

stdout | src/app/shared/components/voice-ai-assistant/voice-ai-assistant.component.spec.ts > VoiceAIAssistantComponent > Navigation & Chat Management > should export chat
💬 Chat loaded: { total: [33m0[39m, userMessages: [33m0[39m }

stderr | src/app/shared/components/voice-ai-assistant/voice-ai-assistant.component.spec.ts > VoiceAIAssistantComponent > Navigation & Chat Management > should export chat
TypeError: Cannot read properties of undefined (reading 'search')
    at VoiceAIAssistantComponent.handleDeepLinkParameters [90m(/home/user/shoplisl/[39msrc/app/shared/components/voice-ai-assistant/voice-ai-assistant.component.ts:214:59[90m)[39m
    at VoiceAIAssistantComponent.ngOnInit [90m(/home/user/shoplisl/[39msrc/app/shared/components/voice-ai-assistant/voice-ai-assistant.component.ts:126:10[90m)[39m
    at [90m/home/user/shoplisl/[39msrc/app/shared/components/voice-ai-assistant/voice-ai-assistant.component.spec.ts:1776:17
    at [90mfile:///home/user/shoplisl/[39mnode_modules/[4m@vitest/runner[24m/dist/chunk-hooks.js:155:11
    at [90mfile:///home/user/shoplisl/[39mnode_modules/[4m@vitest/runner[24m/dist/chunk-hooks.js:1897:20
    at new ZoneAwarePromise [90m(/home/user/shoplisl/[39mnode_modules/[4mzone.js[24m/fesm2015/zone.js:2701:25[90m)[39m
    at runWithTimeout [90m(file:///home/user/shoplisl/[39mnode_modules/[4m@vitest/runner[24m/dist/chunk-hooks.js:1863:10[90m)[39m
    at runHook [90m(file:///home/user/shoplisl/[39mnode_modules/[4m@vitest/runner[24m/dist/chunk-hooks.js:1436:51[90m)[39m
    at callSuiteHook [90m(file:///home/user/shoplisl/[39mnode_modules/[4m@vitest/runner[24m/dist/chunk-hooks.js:1442:25[90m)[39m
[90m    at processTicksAndRejections (node:internal/process/task_queues:105:5)[39m

stdout | src/app/shared/components/voice-ai-assistant/voice-ai-assistant.component.spec.ts > VoiceAIAssistantComponent > Navigation & Chat Management > should show contextual help
💬 Chat loaded: { total: [33m0[39m, userMessages: [33m0[39m }

stderr | src/app/shared/components/voice-ai-assistant/voice-ai-assistant.component.spec.ts > VoiceAIAssistantComponent > Navigation & Chat Management > should show contextual help
TypeError: Cannot read properties of undefined (reading 'search')
    at VoiceAIAssistantComponent.handleDeepLinkParameters [90m(/home/user/shoplisl/[39msrc/app/shared/components/voice-ai-assistant/voice-ai-assistant.component.ts:214:59[90m)[39m
    at VoiceAIAssistantComponent.ngOnInit [90m(/home/user/shoplisl/[39msrc/app/shared/components/voice-ai-assistant/voice-ai-assistant.component.ts:126:10[90m)[39m
    at [90m/home/user/shoplisl/[39msrc/app/shared/components/voice-ai-assistant/voice-ai-assistant.component.spec.ts:1776:17
    at [90mfile:///home/user/shoplisl/[39mnode_modules/[4m@vitest/runner[24m/dist/chunk-hooks.js:155:11
    at [90mfile:///home/user/shoplisl/[39mnode_modules/[4m@vitest/runner[24m/dist/chunk-hooks.js:1897:20
    at new ZoneAwarePromise [90m(/home/user/shoplisl/[39mnode_modules/[4mzone.js[24m/fesm2015/zone.js:2701:25[90m)[39m
    at runWithTimeout [90m(file:///home/user/shoplisl/[39mnode_modules/[4m@vitest/runner[24m/dist/chunk-hooks.js:1863:10[90m)[39m
    at runHook [90m(file:///home/user/shoplisl/[39mnode_modules/[4m@vitest/runner[24m/dist/chunk-hooks.js:1436:51[90m)[39m
    at callSuiteHook [90m(file:///home/user/shoplisl/[39mnode_modules/[4m@vitest/runner[24m/dist/chunk-hooks.js:1442:25[90m)[39m
[90m    at processTicksAndRejections (node:internal/process/task_queues:105:5)[39m

stdout | src/app/shared/components/voice-ai-assistant/voice-ai-assistant.component.spec.ts > VoiceAIAssistantComponent > Navigation & Chat Management > should show recipe help
💬 Chat loaded: { total: [33m0[39m, userMessages: [33m0[39m }

stderr | src/app/shared/components/voice-ai-assistant/voice-ai-assistant.component.spec.ts > VoiceAIAssistantComponent > Navigation & Chat Management > should show recipe help
TypeError: Cannot read properties of undefined (reading 'search')
    at VoiceAIAssistantComponent.handleDeepLinkParameters [90m(/home/user/shoplisl/[39msrc/app/shared/components/voice-ai-assistant/voice-ai-assistant.component.ts:214:59[90m)[39m
    at VoiceAIAssistantComponent.ngOnInit [90m(/home/user/shoplisl/[39msrc/app/shared/components/voice-ai-assistant/voice-ai-assistant.component.ts:126:10[90m)[39m
    at [90m/home/user/shoplisl/[39msrc/app/shared/components/voice-ai-assistant/voice-ai-assistant.component.spec.ts:1776:17
    at [90mfile:///home/user/shoplisl/[39mnode_modules/[4m@vitest/runner[24m/dist/chunk-hooks.js:155:11
    at [90mfile:///home/user/shoplisl/[39mnode_modules/[4m@vitest/runner[24m/dist/chunk-hooks.js:1897:20
    at new ZoneAwarePromise [90m(/home/user/shoplisl/[39mnode_modules/[4mzone.js[24m/fesm2015/zone.js:2701:25[90m)[39m
    at runWithTimeout [90m(file:///home/user/shoplisl/[39mnode_modules/[4m@vitest/runner[24m/dist/chunk-hooks.js:1863:10[90m)[39m
    at runHook [90m(file:///home/user/shoplisl/[39mnode_modules/[4m@vitest/runner[24m/dist/chunk-hooks.js:1436:51[90m)[39m
    at callSuiteHook [90m(file:///home/user/shoplisl/[39mnode_modules/[4m@vitest/runner[24m/dist/chunk-hooks.js:1442:25[90m)[39m
[90m    at processTicksAndRejections (node:internal/process/task_queues:105:5)[39m

stdout | src/app/shared/components/voice-ai-assistant/voice-ai-assistant.component.spec.ts > VoiceAIAssistantComponent > Navigation & Chat Management > should trigger manual recovery
💬 Chat loaded: { total: [33m0[39m, userMessages: [33m0[39m }

stderr | src/app/shared/components/voice-ai-assistant/voice-ai-assistant.component.spec.ts > VoiceAIAssistantComponent > Navigation & Chat Management > should trigger manual recovery
TypeError: Cannot read properties of undefined (reading 'search')
    at VoiceAIAssistantComponent.handleDeepLinkParameters [90m(/home/user/shoplisl/[39msrc/app/shared/components/voice-ai-assistant/voice-ai-assistant.component.ts:214:59[90m)[39m
    at VoiceAIAssistantComponent.ngOnInit [90m(/home/user/shoplisl/[39msrc/app/shared/components/voice-ai-assistant/voice-ai-assistant.component.ts:126:10[90m)[39m
    at [90m/home/user/shoplisl/[39msrc/app/shared/components/voice-ai-assistant/voice-ai-assistant.component.spec.ts:1776:17
    at [90mfile:///home/user/shoplisl/[39mnode_modules/[4m@vitest/runner[24m/dist/chunk-hooks.js:155:11
    at [90mfile:///home/user/shoplisl/[39mnode_modules/[4m@vitest/runner[24m/dist/chunk-hooks.js:1897:20
    at new ZoneAwarePromise [90m(/home/user/shoplisl/[39mnode_modules/[4mzone.js[24m/fesm2015/zone.js:2701:25[90m)[39m
    at runWithTimeout [90m(file:///home/user/shoplisl/[39mnode_modules/[4m@vitest/runner[24m/dist/chunk-hooks.js:1863:10[90m)[39m
    at runHook [90m(file:///home/user/shoplisl/[39mnode_modules/[4m@vitest/runner[24m/dist/chunk-hooks.js:1436:51[90m)[39m
    at callSuiteHook [90m(file:///home/user/shoplisl/[39mnode_modules/[4m@vitest/runner[24m/dist/chunk-hooks.js:1442:25[90m)[39m
[90m    at processTicksAndRejections (node:internal/process/task_queues:105:5)[39m

stdout | src/app/shared/components/voice-ai-assistant/voice-ai-assistant.component.spec.ts > VoiceAIAssistantComponent > Navigation & Chat Management > should toggle verbose logging
💬 Chat loaded: { total: [33m0[39m, userMessages: [33m0[39m }

stderr | src/app/shared/components/voice-ai-assistant/voice-ai-assistant.component.spec.ts > VoiceAIAssistantComponent > Navigation & Chat Management > should toggle verbose logging
TypeError: Cannot read properties of undefined (reading 'search')
    at VoiceAIAssistantComponent.handleDeepLinkParameters [90m(/home/user/shoplisl/[39msrc/app/shared/components/voice-ai-assistant/voice-ai-assistant.component.ts:214:59[90m)[39m
    at VoiceAIAssistantComponent.ngOnInit [90m(/home/user/shoplisl/[39msrc/app/shared/components/voice-ai-assistant/voice-ai-assistant.component.ts:126:10[90m)[39m
    at [90m/home/user/shoplisl/[39msrc/app/shared/components/voice-ai-assistant/voice-ai-assistant.component.spec.ts:1776:17
    at [90mfile:///home/user/shoplisl/[39mnode_modules/[4m@vitest/runner[24m/dist/chunk-hooks.js:155:11
    at [90mfile:///home/user/shoplisl/[39mnode_modules/[4m@vitest/runner[24m/dist/chunk-hooks.js:1897:20
    at new ZoneAwarePromise [90m(/home/user/shoplisl/[39mnode_modules/[4mzone.js[24m/fesm2015/zone.js:2701:25[90m)[39m
    at runWithTimeout [90m(file:///home/user/shoplisl/[39mnode_modules/[4m@vitest/runner[24m/dist/chunk-hooks.js:1863:10[90m)[39m
    at runHook [90m(file:///home/user/shoplisl/[39mnode_modules/[4m@vitest/runner[24m/dist/chunk-hooks.js:1436:51[90m)[39m
    at callSuiteHook [90m(file:///home/user/shoplisl/[39mnode_modules/[4m@vitest/runner[24m/dist/chunk-hooks.js:1442:25[90m)[39m
[90m    at processTicksAndRejections (node:internal/process/task_queues:105:5)[39m

stdout | src/app/shared/components/voice-ai-assistant/voice-ai-assistant.component.spec.ts > VoiceAIAssistantComponent > Scrolling & PWA Viewport > should scroll to bottom when messagesContainer exists
💬 Chat loaded: { total: [33m0[39m, userMessages: [33m0[39m }

stderr | src/app/shared/components/voice-ai-assistant/voice-ai-assistant.component.spec.ts > VoiceAIAssistantComponent > Scrolling & PWA Viewport > should scroll to bottom when messagesContainer exists
TypeError: Cannot read properties of undefined (reading 'search')
    at VoiceAIAssistantComponent.handleDeepLinkParameters [90m(/home/user/shoplisl/[39msrc/app/shared/components/voice-ai-assistant/voice-ai-assistant.component.ts:214:59[90m)[39m
    at VoiceAIAssistantComponent.ngOnInit [90m(/home/user/shoplisl/[39msrc/app/shared/components/voice-ai-assistant/voice-ai-assistant.component.ts:126:10[90m)[39m
    at [90m/home/user/shoplisl/[39msrc/app/shared/components/voice-ai-assistant/voice-ai-assistant.component.spec.ts:1856:17
    at [90mfile:///home/user/shoplisl/[39mnode_modules/[4m@vitest/runner[24m/dist/chunk-hooks.js:155:11
    at [90mfile:///home/user/shoplisl/[39mnode_modules/[4m@vitest/runner[24m/dist/chunk-hooks.js:1897:20
    at new ZoneAwarePromise [90m(/home/user/shoplisl/[39mnode_modules/[4mzone.js[24m/fesm2015/zone.js:2701:25[90m)[39m
    at runWithTimeout [90m(file:///home/user/shoplisl/[39mnode_modules/[4m@vitest/runner[24m/dist/chunk-hooks.js:1863:10[90m)[39m
    at runHook [90m(file:///home/user/shoplisl/[39mnode_modules/[4m@vitest/runner[24m/dist/chunk-hooks.js:1436:51[90m)[39m
    at callSuiteHook [90m(file:///home/user/shoplisl/[39mnode_modules/[4m@vitest/runner[24m/dist/chunk-hooks.js:1442:25[90m)[39m
[90m    at processTicksAndRejections (node:internal/process/task_queues:105:5)[39m

stdout | src/app/shared/components/voice-ai-assistant/voice-ai-assistant.component.spec.ts > VoiceAIAssistantComponent > Scrolling & PWA Viewport > should handle missing messagesContainer gracefully
💬 Chat loaded: { total: [33m0[39m, userMessages: [33m0[39m }

stderr | src/app/shared/components/voice-ai-assistant/voice-ai-assistant.component.spec.ts > VoiceAIAssistantComponent > Scrolling & PWA Viewport > should handle missing messagesContainer gracefully
TypeError: Cannot read properties of undefined (reading 'search')
    at VoiceAIAssistantComponent.handleDeepLinkParameters [90m(/home/user/shoplisl/[39msrc/app/shared/components/voice-ai-assistant/voice-ai-assistant.component.ts:214:59[90m)[39m
    at VoiceAIAssistantComponent.ngOnInit [90m(/home/user/shoplisl/[39msrc/app/shared/components/voice-ai-assistant/voice-ai-assistant.component.ts:126:10[90m)[39m
    at [90m/home/user/shoplisl/[39msrc/app/shared/components/voice-ai-assistant/voice-ai-assistant.component.spec.ts:1856:17
    at [90mfile:///home/user/shoplisl/[39mnode_modules/[4m@vitest/runner[24m/dist/chunk-hooks.js:155:11
    at [90mfile:///home/user/shoplisl/[39mnode_modules/[4m@vitest/runner[24m/dist/chunk-hooks.js:1897:20
    at new ZoneAwarePromise [90m(/home/user/shoplisl/[39mnode_modules/[4mzone.js[24m/fesm2015/zone.js:2701:25[90m)[39m
    at runWithTimeout [90m(file:///home/user/shoplisl/[39mnode_modules/[4m@vitest/runner[24m/dist/chunk-hooks.js:1863:10[90m)[39m
    at runHook [90m(file:///home/user/shoplisl/[39mnode_modules/[4m@vitest/runner[24m/dist/chunk-hooks.js:1436:51[90m)[39m
    at callSuiteHook [90m(file:///home/user/shoplisl/[39mnode_modules/[4m@vitest/runner[24m/dist/chunk-hooks.js:1442:25[90m)[39m
[90m    at processTicksAndRejections (node:internal/process/task_queues:105:5)[39m

stdout | src/app/shared/components/voice-ai-assistant/voice-ai-assistant.component.spec.ts > VoiceAIAssistantComponent > Scrolling & PWA Viewport > should fallback to scrollTop for older browsers
💬 Chat loaded: { total: [33m0[39m, userMessages: [33m0[39m }

stderr | src/app/shared/components/voice-ai-assistant/voice-ai-assistant.component.spec.ts > VoiceAIAssistantComponent > Scrolling & PWA Viewport > should fallback to scrollTop for older browsers
TypeError: Cannot read properties of undefined (reading 'search')
    at VoiceAIAssistantComponent.handleDeepLinkParameters [90m(/home/user/shoplisl/[39msrc/app/shared/components/voice-ai-assistant/voice-ai-assistant.component.ts:214:59[90m)[39m
    at VoiceAIAssistantComponent.ngOnInit [90m(/home/user/shoplisl/[39msrc/app/shared/components/voice-ai-assistant/voice-ai-assistant.component.ts:126:10[90m)[39m
    at [90m/home/user/shoplisl/[39msrc/app/shared/components/voice-ai-assistant/voice-ai-assistant.component.spec.ts:1856:17
    at [90mfile:///home/user/shoplisl/[39mnode_modules/[4m@vitest/runner[24m/dist/chunk-hooks.js:155:11
    at [90mfile:///home/user/shoplisl/[39mnode_modules/[4m@vitest/runner[24m/dist/chunk-hooks.js:1897:20
    at new ZoneAwarePromise [90m(/home/user/shoplisl/[39mnode_modules/[4mzone.js[24m/fesm2015/zone.js:2701:25[90m)[39m
    at runWithTimeout [90m(file:///home/user/shoplisl/[39mnode_modules/[4m@vitest/runner[24m/dist/chunk-hooks.js:1863:10[90m)[39m
    at runHook [90m(file:///home/user/shoplisl/[39mnode_modules/[4m@vitest/runner[24m/dist/chunk-hooks.js:1436:51[90m)[39m
    at callSuiteHook [90m(file:///home/user/shoplisl/[39mnode_modules/[4m@vitest/runner[24m/dist/chunk-hooks.js:1442:25[90m)[39m
[90m    at processTicksAndRejections (node:internal/process/task_queues:105:5)[39m

stdout | src/app/shared/components/voice-ai-assistant/voice-ai-assistant.component.spec.ts > VoiceAIAssistantComponent > Scrolling & PWA Viewport > should set viewport height CSS variable
💬 Chat loaded: { total: [33m0[39m, userMessages: [33m0[39m }

stderr | src/app/shared/components/voice-ai-assistant/voice-ai-assistant.component.spec.ts > VoiceAIAssistantComponent > Scrolling & PWA Viewport > should set viewport height CSS variable
TypeError: Cannot read properties of undefined (reading 'search')
    at VoiceAIAssistantComponent.handleDeepLinkParameters [90m(/home/user/shoplisl/[39msrc/app/shared/components/voice-ai-assistant/voice-ai-assistant.component.ts:214:59[90m)[39m
    at VoiceAIAssistantComponent.ngOnInit [90m(/home/user/shoplisl/[39msrc/app/shared/components/voice-ai-assistant/voice-ai-assistant.component.ts:126:10[90m)[39m
    at [90m/home/user/shoplisl/[39msrc/app/shared/components/voice-ai-assistant/voice-ai-assistant.component.spec.ts:1856:17
    at [90mfile:///home/user/shoplisl/[39mnode_modules/[4m@vitest/runner[24m/dist/chunk-hooks.js:155:11
    at [90mfile:///home/user/shoplisl/[39mnode_modules/[4m@vitest/runner[24m/dist/chunk-hooks.js:1897:20
    at new ZoneAwarePromise [90m(/home/user/shoplisl/[39mnode_modules/[4mzone.js[24m/fesm2015/zone.js:2701:25[90m)[39m
    at runWithTimeout [90m(file:///home/user/shoplisl/[39mnode_modules/[4m@vitest/runner[24m/dist/chunk-hooks.js:1863:10[90m)[39m
    at runHook [90m(file:///home/user/shoplisl/[39mnode_modules/[4m@vitest/runner[24m/dist/chunk-hooks.js:1436:51[90m)[39m
    at callSuiteHook [90m(file:///home/user/shoplisl/[39mnode_modules/[4m@vitest/runner[24m/dist/chunk-hooks.js:1442:25[90m)[39m
[90m    at processTicksAndRejections (node:internal/process/task_queues:105:5)[39m

stdout | src/app/shared/components/voice-ai-assistant/voice-ai-assistant.component.spec.ts > VoiceAIAssistantComponent > Scrolling & PWA Viewport > should setup PWA viewport listeners
💬 Chat loaded: { total: [33m0[39m, userMessages: [33m0[39m }

stderr | src/app/shared/components/voice-ai-assistant/voice-ai-assistant.component.spec.ts > VoiceAIAssistantComponent > Scrolling & PWA Viewport > should setup PWA viewport listeners
TypeError: Cannot read properties of undefined (reading 'search')
    at VoiceAIAssistantComponent.handleDeepLinkParameters [90m(/home/user/shoplisl/[39msrc/app/shared/components/voice-ai-assistant/voice-ai-assistant.component.ts:214:59[90m)[39m
    at VoiceAIAssistantComponent.ngOnInit [90m(/home/user/shoplisl/[39msrc/app/shared/components/voice-ai-assistant/voice-ai-assistant.component.ts:126:10[90m)[39m
    at [90m/home/user/shoplisl/[39msrc/app/shared/components/voice-ai-assistant/voice-ai-assistant.component.spec.ts:1856:17
    at [90mfile:///home/user/shoplisl/[39mnode_modules/[4m@vitest/runner[24m/dist/chunk-hooks.js:155:11
    at [90mfile:///home/user/shoplisl/[39mnode_modules/[4m@vitest/runner[24m/dist/chunk-hooks.js:1897:20
    at new ZoneAwarePromise [90m(/home/user/shoplisl/[39mnode_modules/[4mzone.js[24m/fesm2015/zone.js:2701:25[90m)[39m
    at runWithTimeout [90m(file:///home/user/shoplisl/[39mnode_modules/[4m@vitest/runner[24m/dist/chunk-hooks.js:1863:10[90m)[39m
    at runHook [90m(file:///home/user/shoplisl/[39mnode_modules/[4m@vitest/runner[24m/dist/chunk-hooks.js:1436:51[90m)[39m
    at callSuiteHook [90m(file:///home/user/shoplisl/[39mnode_modules/[4m@vitest/runner[24m/dist/chunk-hooks.js:1442:25[90m)[39m
[90m    at processTicksAndRejections (node:internal/process/task_queues:105:5)[39m

stdout | src/app/shared/components/voice-ai-assistant/voice-ai-assistant.component.spec.ts > VoiceAIAssistantComponent > Scrolling & PWA Viewport > should detect PWA mode and apply fixes
💬 Chat loaded: { total: [33m0[39m, userMessages: [33m0[39m }

stderr | src/app/shared/components/voice-ai-assistant/voice-ai-assistant.component.spec.ts > VoiceAIAssistantComponent > Scrolling & PWA Viewport > should detect PWA mode and apply fixes
TypeError: Cannot read properties of undefined (reading 'search')
    at VoiceAIAssistantComponent.handleDeepLinkParameters [90m(/home/user/shoplisl/[39msrc/app/shared/components/voice-ai-assistant/voice-ai-assistant.component.ts:214:59[90m)[39m
    at VoiceAIAssistantComponent.ngOnInit [90m(/home/user/shoplisl/[39msrc/app/shared/components/voice-ai-assistant/voice-ai-assistant.component.ts:126:10[90m)[39m
    at [90m/home/user/shoplisl/[39msrc/app/shared/components/voice-ai-assistant/voice-ai-assistant.component.spec.ts:1856:17
    at [90mfile:///home/user/shoplisl/[39mnode_modules/[4m@vitest/runner[24m/dist/chunk-hooks.js:155:11
    at [90mfile:///home/user/shoplisl/[39mnode_modules/[4m@vitest/runner[24m/dist/chunk-hooks.js:1897:20
    at new ZoneAwarePromise [90m(/home/user/shoplisl/[39mnode_modules/[4mzone.js[24m/fesm2015/zone.js:2701:25[90m)[39m
    at runWithTimeout [90m(file:///home/user/shoplisl/[39mnode_modules/[4m@vitest/runner[24m/dist/chunk-hooks.js:1863:10[90m)[39m
    at runHook [90m(file:///home/user/shoplisl/[39mnode_modules/[4m@vitest/runner[24m/dist/chunk-hooks.js:1436:51[90m)[39m
    at callSuiteHook [90m(file:///home/user/shoplisl/[39mnode_modules/[4m@vitest/runner[24m/dist/chunk-hooks.js:1442:25[90m)[39m
[90m    at processTicksAndRejections (node:internal/process/task_queues:105:5)[39m

stdout | src/app/shared/components/voice-ai-assistant/voice-ai-assistant.component.spec.ts > VoiceAIAssistantComponent > Scrolling & PWA Viewport > should call onContentChange and scroll
💬 Chat loaded: { total: [33m0[39m, userMessages: [33m0[39m }

stderr | src/app/shared/components/voice-ai-assistant/voice-ai-assistant.component.spec.ts > VoiceAIAssistantComponent > Scrolling & PWA Viewport > should call onContentChange and scroll
TypeError: Cannot read properties of undefined (reading 'search')
    at VoiceAIAssistantComponent.handleDeepLinkParameters [90m(/home/user/shoplisl/[39msrc/app/shared/components/voice-ai-assistant/voice-ai-assistant.component.ts:214:59[90m)[39m
    at VoiceAIAssistantComponent.ngOnInit [90m(/home/user/shoplisl/[39msrc/app/shared/components/voice-ai-assistant/voice-ai-assistant.component.ts:126:10[90m)[39m
    at [90m/home/user/shoplisl/[39msrc/app/shared/components/voice-ai-assistant/voice-ai-assistant.component.spec.ts:1856:17
    at [90mfile:///home/user/shoplisl/[39mnode_modules/[4m@vitest/runner[24m/dist/chunk-hooks.js:155:11
    at [90mfile:///home/user/shoplisl/[39mnode_modules/[4m@vitest/runner[24m/dist/chunk-hooks.js:1897:20
    at new ZoneAwarePromise [90m(/home/user/shoplisl/[39mnode_modules/[4mzone.js[24m/fesm2015/zone.js:2701:25[90m)[39m
    at runWithTimeout [90m(file:///home/user/shoplisl/[39mnode_modules/[4m@vitest/runner[24m/dist/chunk-hooks.js:1863:10[90m)[39m
    at runHook [90m(file:///home/user/shoplisl/[39mnode_modules/[4m@vitest/runner[24m/dist/chunk-hooks.js:1436:51[90m)[39m
    at callSuiteHook [90m(file:///home/user/shoplisl/[39mnode_modules/[4m@vitest/runner[24m/dist/chunk-hooks.js:1442:25[90m)[39m
[90m    at processTicksAndRejections (node:internal/process/task_queues:105:5)[39m

stdout | src/app/shared/components/voice-ai-assistant/voice-ai-assistant.component.spec.ts > VoiceAIAssistantComponent > Cleanup > should cleanup on destroy
💬 Chat loaded: { total: [33m0[39m, userMessages: [33m0[39m }

stderr | src/app/shared/components/voice-ai-assistant/voice-ai-assistant.component.spec.ts > VoiceAIAssistantComponent > Cleanup > should cleanup on destroy
TypeError: Cannot read properties of undefined (reading 'search')
    at VoiceAIAssistantComponent.handleDeepLinkParameters [90m(/home/user/shoplisl/[39msrc/app/shared/components/voice-ai-assistant/voice-ai-assistant.component.ts:214:59[90m)[39m
    at VoiceAIAssistantComponent.ngOnInit [90m(/home/user/shoplisl/[39msrc/app/shared/components/voice-ai-assistant/voice-ai-assistant.component.ts:126:10[90m)[39m
    at [90m/home/user/shoplisl/[39msrc/app/shared/components/voice-ai-assistant/voice-ai-assistant.component.spec.ts:1951:17
    at [90mfile:///home/user/shoplisl/[39mnode_modules/[4m@vitest/runner[24m/dist/chunk-hooks.js:155:11
    at [90mfile:///home/user/shoplisl/[39mnode_modules/[4m@vitest/runner[24m/dist/chunk-hooks.js:1897:20
    at new ZoneAwarePromise [90m(/home/user/shoplisl/[39mnode_modules/[4mzone.js[24m/fesm2015/zone.js:2701:25[90m)[39m
    at runWithTimeout [90m(file:///home/user/shoplisl/[39mnode_modules/[4m@vitest/runner[24m/dist/chunk-hooks.js:1863:10[90m)[39m
    at runHook [90m(file:///home/user/shoplisl/[39mnode_modules/[4m@vitest/runner[24m/dist/chunk-hooks.js:1436:51[90m)[39m
    at callSuiteHook [90m(file:///home/user/shoplisl/[39mnode_modules/[4m@vitest/runner[24m/dist/chunk-hooks.js:1442:25[90m)[39m
[90m    at processTicksAndRejections (node:internal/process/task_queues:105:5)[39m

stdout | src/app/shared/components/voice-ai-assistant/voice-ai-assistant.component.spec.ts > VoiceAIAssistantComponent > Cleanup > should complete destroy subject
💬 Chat loaded: { total: [33m0[39m, userMessages: [33m0[39m }

stderr | src/app/shared/components/voice-ai-assistant/voice-ai-assistant.component.spec.ts > VoiceAIAssistantComponent > Cleanup > should complete destroy subject
TypeError: Cannot read properties of undefined (reading 'search')
    at VoiceAIAssistantComponent.handleDeepLinkParameters [90m(/home/user/shoplisl/[39msrc/app/shared/components/voice-ai-assistant/voice-ai-assistant.component.ts:214:59[90m)[39m
    at VoiceAIAssistantComponent.ngOnInit [90m(/home/user/shoplisl/[39msrc/app/shared/components/voice-ai-assistant/voice-ai-assistant.component.ts:126:10[90m)[39m
    at [90m/home/user/shoplisl/[39msrc/app/shared/components/voice-ai-assistant/voice-ai-assistant.component.spec.ts:1951:17
    at [90mfile:///home/user/shoplisl/[39mnode_modules/[4m@vitest/runner[24m/dist/chunk-hooks.js:155:11
    at [90mfile:///home/user/shoplisl/[39mnode_modules/[4m@vitest/runner[24m/dist/chunk-hooks.js:1897:20
    at new ZoneAwarePromise [90m(/home/user/shoplisl/[39mnode_modules/[4mzone.js[24m/fesm2015/zone.js:2701:25[90m)[39m
    at runWithTimeout [90m(file:///home/user/shoplisl/[39mnode_modules/[4m@vitest/runner[24m/dist/chunk-hooks.js:1863:10[90m)[39m
    at runHook [90m(file:///home/user/shoplisl/[39mnode_modules/[4m@vitest/runner[24m/dist/chunk-hooks.js:1436:51[90m)[39m
    at callSuiteHook [90m(file:///home/user/shoplisl/[39mnode_modules/[4m@vitest/runner[24m/dist/chunk-hooks.js:1442:25[90m)[39m
[90m    at processTicksAndRejections (node:internal/process/task_queues:105:5)[39m

stdout | src/app/shared/components/voice-ai-assistant/voice-ai-assistant.component.spec.ts > VoiceAIAssistantComponent > Cleanup > should remove window event listeners
💬 Chat loaded: { total: [33m0[39m, userMessages: [33m0[39m }

stderr | src/app/shared/components/voice-ai-assistant/voice-ai-assistant.component.spec.ts > VoiceAIAssistantComponent > Cleanup > should remove window event listeners
TypeError: Cannot read properties of undefined (reading 'search')
    at VoiceAIAssistantComponent.handleDeepLinkParameters [90m(/home/user/shoplisl/[39msrc/app/shared/components/voice-ai-assistant/voice-ai-assistant.component.ts:214:59[90m)[39m
    at VoiceAIAssistantComponent.ngOnInit [90m(/home/user/shoplisl/[39msrc/app/shared/components/voice-ai-assistant/voice-ai-assistant.component.ts:126:10[90m)[39m
    at [90m/home/user/shoplisl/[39msrc/app/shared/components/voice-ai-assistant/voice-ai-assistant.component.spec.ts:1951:17
    at [90mfile:///home/user/shoplisl/[39mnode_modules/[4m@vitest/runner[24m/dist/chunk-hooks.js:155:11
    at [90mfile:///home/user/shoplisl/[39mnode_modules/[4m@vitest/runner[24m/dist/chunk-hooks.js:1897:20
    at new ZoneAwarePromise [90m(/home/user/shoplisl/[39mnode_modules/[4mzone.js[24m/fesm2015/zone.js:2701:25[90m)[39m
    at runWithTimeout [90m(file:///home/user/shoplisl/[39mnode_modules/[4m@vitest/runner[24m/dist/chunk-hooks.js:1863:10[90m)[39m
    at runHook [90m(file:///home/user/shoplisl/[39mnode_modules/[4m@vitest/runner[24m/dist/chunk-hooks.js:1436:51[90m)[39m
    at callSuiteHook [90m(file:///home/user/shoplisl/[39mnode_modules/[4m@vitest/runner[24m/dist/chunk-hooks.js:1442:25[90m)[39m
[90m    at processTicksAndRejections (node:internal/process/task_queues:105:5)[39m

stdout | src/app/shared/components/voice-ai-assistant/voice-ai-assistant.component.spec.ts > VoiceAIAssistantComponent > Cleanup > should cleanup voice input service on destroy
💬 Chat loaded: { total: [33m0[39m, userMessages: [33m0[39m }

stderr | src/app/shared/components/voice-ai-assistant/voice-ai-assistant.component.spec.ts > VoiceAIAssistantComponent > Cleanup > should cleanup voice input service on destroy
TypeError: Cannot read properties of undefined (reading 'search')
    at VoiceAIAssistantComponent.handleDeepLinkParameters [90m(/home/user/shoplisl/[39msrc/app/shared/components/voice-ai-assistant/voice-ai-assistant.component.ts:214:59[90m)[39m
    at VoiceAIAssistantComponent.ngOnInit [90m(/home/user/shoplisl/[39msrc/app/shared/components/voice-ai-assistant/voice-ai-assistant.component.ts:126:10[90m)[39m
    at [90m/home/user/shoplisl/[39msrc/app/shared/components/voice-ai-assistant/voice-ai-assistant.component.spec.ts:1951:17
    at [90mfile:///home/user/shoplisl/[39mnode_modules/[4m@vitest/runner[24m/dist/chunk-hooks.js:155:11
    at [90mfile:///home/user/shoplisl/[39mnode_modules/[4m@vitest/runner[24m/dist/chunk-hooks.js:1897:20
    at new ZoneAwarePromise [90m(/home/user/shoplisl/[39mnode_modules/[4mzone.js[24m/fesm2015/zone.js:2701:25[90m)[39m
    at runWithTimeout [90m(file:///home/user/shoplisl/[39mnode_modules/[4m@vitest/runner[24m/dist/chunk-hooks.js:1863:10[90m)[39m
    at runHook [90m(file:///home/user/shoplisl/[39mnode_modules/[4m@vitest/runner[24m/dist/chunk-hooks.js:1436:51[90m)[39m
    at callSuiteHook [90m(file:///home/user/shoplisl/[39mnode_modules/[4m@vitest/runner[24m/dist/chunk-hooks.js:1442:25[90m)[39m
[90m    at processTicksAndRejections (node:internal/process/task_queues:105:5)[39m

stdout | src/app/shared/components/voice-ai-assistant/voice-ai-assistant.component.spec.ts > VoiceAIAssistantComponent > Error Handling > should handle network errors in sendMessage
💬 Chat loaded: { total: [33m0[39m, userMessages: [33m0[39m }

stderr | src/app/shared/components/voice-ai-assistant/voice-ai-assistant.component.spec.ts > VoiceAIAssistantComponent > Error Handling > should handle network errors in sendMessage
TypeError: Cannot read properties of undefined (reading 'search')
    at VoiceAIAssistantComponent.handleDeepLinkParameters [90m(/home/user/shoplisl/[39msrc/app/shared/components/voice-ai-assistant/voice-ai-assistant.component.ts:214:59[90m)[39m
    at VoiceAIAssistantComponent.ngOnInit [90m(/home/user/shoplisl/[39msrc/app/shared/components/voice-ai-assistant/voice-ai-assistant.component.ts:126:10[90m)[39m
    at [90m/home/user/shoplisl/[39msrc/app/shared/components/voice-ai-assistant/voice-ai-assistant.component.spec.ts:1994:17
    at [90mfile:///home/user/shoplisl/[39mnode_modules/[4m@vitest/runner[24m/dist/chunk-hooks.js:155:11
    at [90mfile:///home/user/shoplisl/[39mnode_modules/[4m@vitest/runner[24m/dist/chunk-hooks.js:1897:20
    at new ZoneAwarePromise [90m(/home/user/shoplisl/[39mnode_modules/[4mzone.js[24m/fesm2015/zone.js:2701:25[90m)[39m
    at runWithTimeout [90m(file:///home/user/shoplisl/[39mnode_modules/[4m@vitest/runner[24m/dist/chunk-hooks.js:1863:10[90m)[39m
    at runHook [90m(file:///home/user/shoplisl/[39mnode_modules/[4m@vitest/runner[24m/dist/chunk-hooks.js:1436:51[90m)[39m
    at callSuiteHook [90m(file:///home/user/shoplisl/[39mnode_modules/[4m@vitest/runner[24m/dist/chunk-hooks.js:1442:25[90m)[39m
[90m    at processTicksAndRejections (node:internal/process/task_queues:105:5)[39m

stdout | src/app/shared/components/voice-ai-assistant/voice-ai-assistant.component.spec.ts > VoiceAIAssistantComponent > Error Handling > should handle disambiguation selection errors
💬 Chat loaded: { total: [33m0[39m, userMessages: [33m0[39m }

stderr | src/app/shared/components/voice-ai-assistant/voice-ai-assistant.component.spec.ts > VoiceAIAssistantComponent > Error Handling > should handle disambiguation selection errors
TypeError: Cannot read properties of undefined (reading 'search')
    at VoiceAIAssistantComponent.handleDeepLinkParameters [90m(/home/user/shoplisl/[39msrc/app/shared/components/voice-ai-assistant/voice-ai-assistant.component.ts:214:59[90m)[39m
    at VoiceAIAssistantComponent.ngOnInit [90m(/home/user/shoplisl/[39msrc/app/shared/components/voice-ai-assistant/voice-ai-assistant.component.ts:126:10[90m)[39m
    at [90m/home/user/shoplisl/[39msrc/app/shared/components/voice-ai-assistant/voice-ai-assistant.component.spec.ts:1994:17
    at [90mfile:///home/user/shoplisl/[39mnode_modules/[4m@vitest/runner[24m/dist/chunk-hooks.js:155:11
    at [90mfile:///home/user/shoplisl/[39mnode_modules/[4m@vitest/runner[24m/dist/chunk-hooks.js:1897:20
    at new ZoneAwarePromise [90m(/home/user/shoplisl/[39mnode_modules/[4mzone.js[24m/fesm2015/zone.js:2701:25[90m)[39m
    at runWithTimeout [90m(file:///home/user/shoplisl/[39mnode_modules/[4m@vitest/runner[24m/dist/chunk-hooks.js:1863:10[90m)[39m
    at runHook [90m(file:///home/user/shoplisl/[39mnode_modules/[4m@vitest/runner[24m/dist/chunk-hooks.js:1436:51[90m)[39m
    at callSuiteHook [90m(file:///home/user/shoplisl/[39mnode_modules/[4m@vitest/runner[24m/dist/chunk-hooks.js:1442:25[90m)[39m
[90m    at processTicksAndRejections (node:internal/process/task_queues:105:5)[39m

stdout | src/app/shared/components/voice-ai-assistant/voice-ai-assistant.component.spec.ts > VoiceAIAssistantComponent > Error Handling > should handle context sync errors gracefully
💬 Chat loaded: { total: [33m0[39m, userMessages: [33m0[39m }

stderr | src/app/shared/components/voice-ai-assistant/voice-ai-assistant.component.spec.ts > VoiceAIAssistantComponent > Error Handling > should handle context sync errors gracefully
TypeError: Cannot read properties of undefined (reading 'search')
    at VoiceAIAssistantComponent.handleDeepLinkParameters [90m(/home/user/shoplisl/[39msrc/app/shared/components/voice-ai-assistant/voice-ai-assistant.component.ts:214:59[90m)[39m
    at VoiceAIAssistantComponent.ngOnInit [90m(/home/user/shoplisl/[39msrc/app/shared/components/voice-ai-assistant/voice-ai-assistant.component.ts:126:10[90m)[39m
    at [90m/home/user/shoplisl/[39msrc/app/shared/components/voice-ai-assistant/voice-ai-assistant.component.spec.ts:1994:17
    at [90mfile:///home/user/shoplisl/[39mnode_modules/[4m@vitest/runner[24m/dist/chunk-hooks.js:155:11
    at [90mfile:///home/user/shoplisl/[39mnode_modules/[4m@vitest/runner[24m/dist/chunk-hooks.js:1897:20
    at new ZoneAwarePromise [90m(/home/user/shoplisl/[39mnode_modules/[4mzone.js[24m/fesm2015/zone.js:2701:25[90m)[39m
    at runWithTimeout [90m(file:///home/user/shoplisl/[39mnode_modules/[4m@vitest/runner[24m/dist/chunk-hooks.js:1863:10[90m)[39m
    at runHook [90m(file:///home/user/shoplisl/[39mnode_modules/[4m@vitest/runner[24m/dist/chunk-hooks.js:1436:51[90m)[39m
    at callSuiteHook [90m(file:///home/user/shoplisl/[39mnode_modules/[4m@vitest/runner[24m/dist/chunk-hooks.js:1442:25[90m)[39m
[90m    at processTicksAndRejections (node:internal/process/task_queues:105:5)[39m

stdout | src/app/shared/components/voice-ai-assistant/voice-ai-assistant.component.spec.ts > VoiceAIAssistantComponent > Error Handling > should handle skip all errors
💬 Chat loaded: { total: [33m0[39m, userMessages: [33m0[39m }

stderr | src/app/shared/components/voice-ai-assistant/voice-ai-assistant.component.spec.ts > VoiceAIAssistantComponent > Error Handling > should handle skip all errors
TypeError: Cannot read properties of undefined (reading 'search')
    at VoiceAIAssistantComponent.handleDeepLinkParameters [90m(/home/user/shoplisl/[39msrc/app/shared/components/voice-ai-assistant/voice-ai-assistant.component.ts:214:59[90m)[39m
    at VoiceAIAssistantComponent.ngOnInit [90m(/home/user/shoplisl/[39msrc/app/shared/components/voice-ai-assistant/voice-ai-assistant.component.ts:126:10[90m)[39m
    at [90m/home/user/shoplisl/[39msrc/app/shared/components/voice-ai-assistant/voice-ai-assistant.component.spec.ts:1994:17
    at [90mfile:///home/user/shoplisl/[39mnode_modules/[4m@vitest/runner[24m/dist/chunk-hooks.js:155:11
    at [90mfile:///home/user/shoplisl/[39mnode_modules/[4m@vitest/runner[24m/dist/chunk-hooks.js:1897:20
    at new ZoneAwarePromise [90m(/home/user/shoplisl/[39mnode_modules/[4mzone.js[24m/fesm2015/zone.js:2701:25[90m)[39m
    at runWithTimeout [90m(file:///home/user/shoplisl/[39mnode_modules/[4m@vitest/runner[24m/dist/chunk-hooks.js:1863:10[90m)[39m
    at runHook [90m(file:///home/user/shoplisl/[39mnode_modules/[4m@vitest/runner[24m/dist/chunk-hooks.js:1436:51[90m)[39m
    at callSuiteHook [90m(file:///home/user/shoplisl/[39mnode_modules/[4m@vitest/runner[24m/dist/chunk-hooks.js:1442:25[90m)[39m
[90m    at processTicksAndRejections (node:internal/process/task_queues:105:5)[39m

stdout | src/app/shared/components/voice-ai-assistant/voice-ai-assistant.component.spec.ts > VoiceAIAssistantComponent > Edge Cases > should handle null disambiguation in selectDisambiguationOption
💬 Chat loaded: { total: [33m0[39m, userMessages: [33m0[39m }

stderr | src/app/shared/components/voice-ai-assistant/voice-ai-assistant.component.spec.ts > VoiceAIAssistantComponent > Edge Cases > should handle null disambiguation in selectDisambiguationOption
TypeError: Cannot read properties of undefined (reading 'search')
    at VoiceAIAssistantComponent.handleDeepLinkParameters [90m(/home/user/shoplisl/[39msrc/app/shared/components/voice-ai-assistant/voice-ai-assistant.component.ts:214:59[90m)[39m
    at VoiceAIAssistantComponent.ngOnInit [90m(/home/user/shoplisl/[39msrc/app/shared/components/voice-ai-assistant/voice-ai-assistant.component.ts:126:10[90m)[39m
    at [90m/home/user/shoplisl/[39msrc/app/shared/components/voice-ai-assistant/voice-ai-assistant.component.spec.ts:2073:17
    at [90mfile:///home/user/shoplisl/[39mnode_modules/[4m@vitest/runner[24m/dist/chunk-hooks.js:155:11
    at [90mfile:///home/user/shoplisl/[39mnode_modules/[4m@vitest/runner[24m/dist/chunk-hooks.js:1897:20
    at new ZoneAwarePromise [90m(/home/user/shoplisl/[39mnode_modules/[4mzone.js[24m/fesm2015/zone.js:2701:25[90m)[39m
    at runWithTimeout [90m(file:///home/user/shoplisl/[39mnode_modules/[4m@vitest/runner[24m/dist/chunk-hooks.js:1863:10[90m)[39m
    at runHook [90m(file:///home/user/shoplisl/[39mnode_modules/[4m@vitest/runner[24m/dist/chunk-hooks.js:1436:51[90m)[39m
    at callSuiteHook [90m(file:///home/user/shoplisl/[39mnode_modules/[4m@vitest/runner[24m/dist/chunk-hooks.js:1442:25[90m)[39m
[90m    at processTicksAndRejections (node:internal/process/task_queues:105:5)[39m

stdout | src/app/shared/components/voice-ai-assistant/voice-ai-assistant.component.spec.ts > VoiceAIAssistantComponent > Edge Cases > should handle empty continuation keywords
💬 Chat loaded: { total: [33m0[39m, userMessages: [33m0[39m }

stderr | src/app/shared/components/voice-ai-assistant/voice-ai-assistant.component.spec.ts > VoiceAIAssistantComponent > Edge Cases > should handle empty continuation keywords
TypeError: Cannot read properties of undefined (reading 'search')
    at VoiceAIAssistantComponent.handleDeepLinkParameters [90m(/home/user/shoplisl/[39msrc/app/shared/components/voice-ai-assistant/voice-ai-assistant.component.ts:214:59[90m)[39m
    at VoiceAIAssistantComponent.ngOnInit [90m(/home/user/shoplisl/[39msrc/app/shared/components/voice-ai-assistant/voice-ai-assistant.component.ts:126:10[90m)[39m
    at [90m/home/user/shoplisl/[39msrc/app/shared/components/voice-ai-assistant/voice-ai-assistant.component.spec.ts:2073:17
    at [90mfile:///home/user/shoplisl/[39mnode_modules/[4m@vitest/runner[24m/dist/chunk-hooks.js:155:11
    at [90mfile:///home/user/shoplisl/[39mnode_modules/[4m@vitest/runner[24m/dist/chunk-hooks.js:1897:20
    at new ZoneAwarePromise [90m(/home/user/shoplisl/[39mnode_modules/[4mzone.js[24m/fesm2015/zone.js:2701:25[90m)[39m
    at runWithTimeout [90m(file:///home/user/shoplisl/[39mnode_modules/[4m@vitest/runner[24m/dist/chunk-hooks.js:1863:10[90m)[39m
    at runHook [90m(file:///home/user/shoplisl/[39mnode_modules/[4m@vitest/runner[24m/dist/chunk-hooks.js:1436:51[90m)[39m
    at callSuiteHook [90m(file:///home/user/shoplisl/[39mnode_modules/[4m@vitest/runner[24m/dist/chunk-hooks.js:1442:25[90m)[39m
[90m    at processTicksAndRejections (node:internal/process/task_queues:105:5)[39m

stdout | src/app/shared/components/voice-ai-assistant/voice-ai-assistant.component.spec.ts > VoiceAIAssistantComponent > Edge Cases > should handle invalid recipe input
💬 Chat loaded: { total: [33m0[39m, userMessages: [33m0[39m }

stderr | src/app/shared/components/voice-ai-assistant/voice-ai-assistant.component.spec.ts > VoiceAIAssistantComponent > Edge Cases > should handle invalid recipe input
TypeError: Cannot read properties of undefined (reading 'search')
    at VoiceAIAssistantComponent.handleDeepLinkParameters [90m(/home/user/shoplisl/[39msrc/app/shared/components/voice-ai-assistant/voice-ai-assistant.component.ts:214:59[90m)[39m
    at VoiceAIAssistantComponent.ngOnInit [90m(/home/user/shoplisl/[39msrc/app/shared/components/voice-ai-assistant/voice-ai-assistant.component.ts:126:10[90m)[39m
    at [90m/home/user/shoplisl/[39msrc/app/shared/components/voice-ai-assistant/voice-ai-assistant.component.spec.ts:2073:17
    at [90mfile:///home/user/shoplisl/[39mnode_modules/[4m@vitest/runner[24m/dist/chunk-hooks.js:155:11
    at [90mfile:///home/user/shoplisl/[39mnode_modules/[4m@vitest/runner[24m/dist/chunk-hooks.js:1897:20
    at new ZoneAwarePromise [90m(/home/user/shoplisl/[39mnode_modules/[4mzone.js[24m/fesm2015/zone.js:2701:25[90m)[39m
    at runWithTimeout [90m(file:///home/user/shoplisl/[39mnode_modules/[4m@vitest/runner[24m/dist/chunk-hooks.js:1863:10[90m)[39m
    at runHook [90m(file:///home/user/shoplisl/[39mnode_modules/[4m@vitest/runner[24m/dist/chunk-hooks.js:1436:51[90m)[39m
    at callSuiteHook [90m(file:///home/user/shoplisl/[39mnode_modules/[4m@vitest/runner[24m/dist/chunk-hooks.js:1442:25[90m)[39m
[90m    at processTicksAndRejections (node:internal/process/task_queues:105:5)[39m

stdout | src/app/shared/components/voice-ai-assistant/voice-ai-assistant.component.spec.ts > VoiceAIAssistantComponent > Edge Cases > should handle missing speech synthesis
💬 Chat loaded: { total: [33m0[39m, userMessages: [33m0[39m }

stderr | src/app/shared/components/voice-ai-assistant/voice-ai-assistant.component.spec.ts > VoiceAIAssistantComponent > Edge Cases > should handle missing speech synthesis
TypeError: Cannot read properties of undefined (reading 'search')
    at VoiceAIAssistantComponent.handleDeepLinkParameters [90m(/home/user/shoplisl/[39msrc/app/shared/components/voice-ai-assistant/voice-ai-assistant.component.ts:214:59[90m)[39m
    at VoiceAIAssistantComponent.ngOnInit [90m(/home/user/shoplisl/[39msrc/app/shared/components/voice-ai-assistant/voice-ai-assistant.component.ts:126:10[90m)[39m
    at [90m/home/user/shoplisl/[39msrc/app/shared/components/voice-ai-assistant/voice-ai-assistant.component.spec.ts:2073:17
    at [90mfile:///home/user/shoplisl/[39mnode_modules/[4m@vitest/runner[24m/dist/chunk-hooks.js:155:11
    at [90mfile:///home/user/shoplisl/[39mnode_modules/[4m@vitest/runner[24m/dist/chunk-hooks.js:1897:20
    at new ZoneAwarePromise [90m(/home/user/shoplisl/[39mnode_modules/[4mzone.js[24m/fesm2015/zone.js:2701:25[90m)[39m
    at runWithTimeout [90m(file:///home/user/shoplisl/[39mnode_modules/[4m@vitest/runner[24m/dist/chunk-hooks.js:1863:10[90m)[39m
    at runHook [90m(file:///home/user/shoplisl/[39mnode_modules/[4m@vitest/runner[24m/dist/chunk-hooks.js:1436:51[90m)[39m
    at callSuiteHook [90m(file:///home/user/shoplisl/[39mnode_modules/[4m@vitest/runner[24m/dist/chunk-hooks.js:1442:25[90m)[39m
[90m    at processTicksAndRejections (node:internal/process/task_queues:105:5)[39m

stdout | src/app/shared/components/voice-ai-assistant/voice-ai-assistant.component.spec.ts > VoiceAIAssistantComponent > Edge Cases > should handle quick continuation without examples
💬 Chat loaded: { total: [33m0[39m, userMessages: [33m0[39m }

stderr | src/app/shared/components/voice-ai-assistant/voice-ai-assistant.component.spec.ts > VoiceAIAssistantComponent > Edge Cases > should handle quick continuation without examples
TypeError: Cannot read properties of undefined (reading 'search')
    at VoiceAIAssistantComponent.handleDeepLinkParameters [90m(/home/user/shoplisl/[39msrc/app/shared/components/voice-ai-assistant/voice-ai-assistant.component.ts:214:59[90m)[39m
    at VoiceAIAssistantComponent.ngOnInit [90m(/home/user/shoplisl/[39msrc/app/shared/components/voice-ai-assistant/voice-ai-assistant.component.ts:126:10[90m)[39m
    at [90m/home/user/shoplisl/[39msrc/app/shared/components/voice-ai-assistant/voice-ai-assistant.component.spec.ts:2073:17
    at [90mfile:///home/user/shoplisl/[39mnode_modules/[4m@vitest/runner[24m/dist/chunk-hooks.js:155:11
    at [90mfile:///home/user/shoplisl/[39mnode_modules/[4m@vitest/runner[24m/dist/chunk-hooks.js:1897:20
    at new ZoneAwarePromise [90m(/home/user/shoplisl/[39mnode_modules/[4mzone.js[24m/fesm2015/zone.js:2701:25[90m)[39m
    at runWithTimeout [90m(file:///home/user/shoplisl/[39mnode_modules/[4m@vitest/runner[24m/dist/chunk-hooks.js:1863:10[90m)[39m
    at runHook [90m(file:///home/user/shoplisl/[39mnode_modules/[4m@vitest/runner[24m/dist/chunk-hooks.js:1436:51[90m)[39m
    at callSuiteHook [90m(file:///home/user/shoplisl/[39mnode_modules/[4m@vitest/runner[24m/dist/chunk-hooks.js:1442:25[90m)[39m
[90m    at processTicksAndRejections (node:internal/process/task_queues:105:5)[39m

stdout | src/app/shared/components/voice-ai-assistant/voice-ai-assistant.component.spec.ts > VoiceAIAssistantComponent > Edge Cases > should handle trackByOptionId with missing id
💬 Chat loaded: { total: [33m0[39m, userMessages: [33m0[39m }

stderr | src/app/shared/components/voice-ai-assistant/voice-ai-assistant.component.spec.ts > VoiceAIAssistantComponent > Edge Cases > should handle trackByOptionId with missing id
TypeError: Cannot read properties of undefined (reading 'search')
    at VoiceAIAssistantComponent.handleDeepLinkParameters [90m(/home/user/shoplisl/[39msrc/app/shared/components/voice-ai-assistant/voice-ai-assistant.component.ts:214:59[90m)[39m
    at VoiceAIAssistantComponent.ngOnInit [90m(/home/user/shoplisl/[39msrc/app/shared/components/voice-ai-assistant/voice-ai-assistant.component.ts:126:10[90m)[39m
    at [90m/home/user/shoplisl/[39msrc/app/shared/components/voice-ai-assistant/voice-ai-assistant.component.spec.ts:2073:17
    at [90mfile:///home/user/shoplisl/[39mnode_modules/[4m@vitest/runner[24m/dist/chunk-hooks.js:155:11
    at [90mfile:///home/user/shoplisl/[39mnode_modules/[4m@vitest/runner[24m/dist/chunk-hooks.js:1897:20
    at new ZoneAwarePromise [90m(/home/user/shoplisl/[39mnode_modules/[4mzone.js[24m/fesm2015/zone.js:2701:25[90m)[39m
    at runWithTimeout [90m(file:///home/user/shoplisl/[39mnode_modules/[4m@vitest/runner[24m/dist/chunk-hooks.js:1863:10[90m)[39m
    at runHook [90m(file:///home/user/shoplisl/[39mnode_modules/[4m@vitest/runner[24m/dist/chunk-hooks.js:1436:51[90m)[39m
    at callSuiteHook [90m(file:///home/user/shoplisl/[39mnode_modules/[4m@vitest/runner[24m/dist/chunk-hooks.js:1442:25[90m)[39m
[90m    at processTicksAndRejections (node:internal/process/task_queues:105:5)[39m

stdout | src/app/shared/components/voice-ai-assistant/voice-ai-assistant.component.spec.ts > VoiceAIAssistantComponent > Edge Cases > should handle trackByOptionId with id
💬 Chat loaded: { total: [33m0[39m, userMessages: [33m0[39m }

stderr | src/app/shared/components/voice-ai-assistant/voice-ai-assistant.component.spec.ts > VoiceAIAssistantComponent > Edge Cases > should handle trackByOptionId with id
TypeError: Cannot read properties of undefined (reading 'search')
    at VoiceAIAssistantComponent.handleDeepLinkParameters [90m(/home/user/shoplisl/[39msrc/app/shared/components/voice-ai-assistant/voice-ai-assistant.component.ts:214:59[90m)[39m
    at VoiceAIAssistantComponent.ngOnInit [90m(/home/user/shoplisl/[39msrc/app/shared/components/voice-ai-assistant/voice-ai-assistant.component.ts:126:10[90m)[39m
    at [90m/home/user/shoplisl/[39msrc/app/shared/components/voice-ai-assistant/voice-ai-assistant.component.spec.ts:2073:17
    at [90mfile:///home/user/shoplisl/[39mnode_modules/[4m@vitest/runner[24m/dist/chunk-hooks.js:155:11
    at [90mfile:///home/user/shoplisl/[39mnode_modules/[4m@vitest/runner[24m/dist/chunk-hooks.js:1897:20
    at new ZoneAwarePromise [90m(/home/user/shoplisl/[39mnode_modules/[4mzone.js[24m/fesm2015/zone.js:2701:25[90m)[39m
    at runWithTimeout [90m(file:///home/user/shoplisl/[39mnode_modules/[4m@vitest/runner[24m/dist/chunk-hooks.js:1863:10[90m)[39m
    at runHook [90m(file:///home/user/shoplisl/[39mnode_modules/[4m@vitest/runner[24m/dist/chunk-hooks.js:1436:51[90m)[39m
    at callSuiteHook [90m(file:///home/user/shoplisl/[39mnode_modules/[4m@vitest/runner[24m/dist/chunk-hooks.js:1442:25[90m)[39m
[90m    at processTicksAndRejections (node:internal/process/task_queues:105:5)[39m

stdout | src/app/shared/components/voice-ai-assistant/voice-ai-assistant.component.spec.ts > VoiceAIAssistantComponent > Edge Cases > should handle conversation mode with "nein" keyword
💬 Chat loaded: { total: [33m0[39m, userMessages: [33m0[39m }

stderr | src/app/shared/components/voice-ai-assistant/voice-ai-assistant.component.spec.ts > VoiceAIAssistantComponent > Edge Cases > should handle conversation mode with "nein" keyword
TypeError: Cannot read properties of undefined (reading 'search')
    at VoiceAIAssistantComponent.handleDeepLinkParameters [90m(/home/user/shoplisl/[39msrc/app/shared/components/voice-ai-assistant/voice-ai-assistant.component.ts:214:59[90m)[39m
    at VoiceAIAssistantComponent.ngOnInit [90m(/home/user/shoplisl/[39msrc/app/shared/components/voice-ai-assistant/voice-ai-assistant.component.ts:126:10[90m)[39m
    at [90m/home/user/shoplisl/[39msrc/app/shared/components/voice-ai-assistant/voice-ai-assistant.component.spec.ts:2073:17
    at [90mfile:///home/user/shoplisl/[39mnode_modules/[4m@vitest/runner[24m/dist/chunk-hooks.js:155:11
    at [90mfile:///home/user/shoplisl/[39mnode_modules/[4m@vitest/runner[24m/dist/chunk-hooks.js:1897:20
    at new ZoneAwarePromise [90m(/home/user/shoplisl/[39mnode_modules/[4mzone.js[24m/fesm2015/zone.js:2701:25[90m)[39m
    at runWithTimeout [90m(file:///home/user/shoplisl/[39mnode_modules/[4m@vitest/runner[24m/dist/chunk-hooks.js:1863:10[90m)[39m
    at runHook [90m(file:///home/user/shoplisl/[39mnode_modules/[4m@vitest/runner[24m/dist/chunk-hooks.js:1436:51[90m)[39m
    at callSuiteHook [90m(file:///home/user/shoplisl/[39mnode_modules/[4m@vitest/runner[24m/dist/chunk-hooks.js:1442:25[90m)[39m
[90m    at processTicksAndRejections (node:internal/process/task_queues:105:5)[39m

stdout | src/app/shared/components/voice-ai-assistant/voice-ai-assistant.component.spec.ts > VoiceAIAssistantComponent > Edge Cases > should handle conversation mode with "fertig" keyword
💬 Chat loaded: { total: [33m0[39m, userMessages: [33m0[39m }

stderr | src/app/shared/components/voice-ai-assistant/voice-ai-assistant.component.spec.ts > VoiceAIAssistantComponent > Edge Cases > should handle conversation mode with "fertig" keyword
TypeError: Cannot read properties of undefined (reading 'search')
    at VoiceAIAssistantComponent.handleDeepLinkParameters [90m(/home/user/shoplisl/[39msrc/app/shared/components/voice-ai-assistant/voice-ai-assistant.component.ts:214:59[90m)[39m
    at VoiceAIAssistantComponent.ngOnInit [90m(/home/user/shoplisl/[39msrc/app/shared/components/voice-ai-assistant/voice-ai-assistant.component.ts:126:10[90m)[39m
    at [90m/home/user/shoplisl/[39msrc/app/shared/components/voice-ai-assistant/voice-ai-assistant.component.spec.ts:2073:17
    at [90mfile:///home/user/shoplisl/[39mnode_modules/[4m@vitest/runner[24m/dist/chunk-hooks.js:155:11
    at [90mfile:///home/user/shoplisl/[39mnode_modules/[4m@vitest/runner[24m/dist/chunk-hooks.js:1897:20
    at new ZoneAwarePromise [90m(/home/user/shoplisl/[39mnode_modules/[4mzone.js[24m/fesm2015/zone.js:2701:25[90m)[39m
    at runWithTimeout [90m(file:///home/user/shoplisl/[39mnode_modules/[4m@vitest/runner[24m/dist/chunk-hooks.js:1863:10[90m)[39m
    at runHook [90m(file:///home/user/shoplisl/[39mnode_modules/[4m@vitest/runner[24m/dist/chunk-hooks.js:1436:51[90m)[39m
    at callSuiteHook [90m(file:///home/user/shoplisl/[39mnode_modules/[4m@vitest/runner[24m/dist/chunk-hooks.js:1442:25[90m)[39m
[90m    at processTicksAndRejections (node:internal/process/task_queues:105:5)[39m

stdout | src/app/shared/components/voice-ai-assistant/voice-ai-assistant.component.spec.ts > VoiceAIAssistantComponent > Edge Cases > should handle help command
💬 Chat loaded: { total: [33m0[39m, userMessages: [33m0[39m }

stderr | src/app/shared/components/voice-ai-assistant/voice-ai-assistant.component.spec.ts > VoiceAIAssistantComponent > Edge Cases > should handle help command
TypeError: Cannot read properties of undefined (reading 'search')
    at VoiceAIAssistantComponent.handleDeepLinkParameters [90m(/home/user/shoplisl/[39msrc/app/shared/components/voice-ai-assistant/voice-ai-assistant.component.ts:214:59[90m)[39m
    at VoiceAIAssistantComponent.ngOnInit [90m(/home/user/shoplisl/[39msrc/app/shared/components/voice-ai-assistant/voice-ai-assistant.component.ts:126:10[90m)[39m
    at [90m/home/user/shoplisl/[39msrc/app/shared/components/voice-ai-assistant/voice-ai-assistant.component.spec.ts:2073:17
    at [90mfile:///home/user/shoplisl/[39mnode_modules/[4m@vitest/runner[24m/dist/chunk-hooks.js:155:11
    at [90mfile:///home/user/shoplisl/[39mnode_modules/[4m@vitest/runner[24m/dist/chunk-hooks.js:1897:20
    at new ZoneAwarePromise [90m(/home/user/shoplisl/[39mnode_modules/[4mzone.js[24m/fesm2015/zone.js:2701:25[90m)[39m
    at runWithTimeout [90m(file:///home/user/shoplisl/[39mnode_modules/[4m@vitest/runner[24m/dist/chunk-hooks.js:1863:10[90m)[39m
    at runHook [90m(file:///home/user/shoplisl/[39mnode_modules/[4m@vitest/runner[24m/dist/chunk-hooks.js:1436:51[90m)[39m
    at callSuiteHook [90m(file:///home/user/shoplisl/[39mnode_modules/[4m@vitest/runner[24m/dist/chunk-hooks.js:1442:25[90m)[39m
[90m    at processTicksAndRejections (node:internal/process/task_queues:105:5)[39m

stdout | src/app/shared/components/voice-ai-assistant/voice-ai-assistant.component.spec.ts > VoiceAIAssistantComponent > Edge Cases > should handle list creation command
💬 Chat loaded: { total: [33m0[39m, userMessages: [33m0[39m }

stderr | src/app/shared/components/voice-ai-assistant/voice-ai-assistant.component.spec.ts > VoiceAIAssistantComponent > Edge Cases > should handle list creation command
TypeError: Cannot read properties of undefined (reading 'search')
    at VoiceAIAssistantComponent.handleDeepLinkParameters [90m(/home/user/shoplisl/[39msrc/app/shared/components/voice-ai-assistant/voice-ai-assistant.component.ts:214:59[90m)[39m
    at VoiceAIAssistantComponent.ngOnInit [90m(/home/user/shoplisl/[39msrc/app/shared/components/voice-ai-assistant/voice-ai-assistant.component.ts:126:10[90m)[39m
    at [90m/home/user/shoplisl/[39msrc/app/shared/components/voice-ai-assistant/voice-ai-assistant.component.spec.ts:2073:17
    at [90mfile:///home/user/shoplisl/[39mnode_modules/[4m@vitest/runner[24m/dist/chunk-hooks.js:155:11
    at [90mfile:///home/user/shoplisl/[39mnode_modules/[4m@vitest/runner[24m/dist/chunk-hooks.js:1897:20
    at new ZoneAwarePromise [90m(/home/user/shoplisl/[39mnode_modules/[4mzone.js[24m/fesm2015/zone.js:2701:25[90m)[39m
    at runWithTimeout [90m(file:///home/user/shoplisl/[39mnode_modules/[4m@vitest/runner[24m/dist/chunk-hooks.js:1863:10[90m)[39m
    at runHook [90m(file:///home/user/shoplisl/[39mnode_modules/[4m@vitest/runner[24m/dist/chunk-hooks.js:1436:51[90m)[39m
    at callSuiteHook [90m(file:///home/user/shoplisl/[39mnode_modules/[4m@vitest/runner[24m/dist/chunk-hooks.js:1442:25[90m)[39m
[90m    at processTicksAndRejections (node:internal/process/task_queues:105:5)[39m

 ❯ src/app/shared/components/voice-ai-assistant/voice-ai-assistant.component.spec.ts (131 tests | 130 failed) 389ms
   ✓ VoiceAIAssistantComponent > should create 6ms
   × VoiceAIAssistantComponent > Initialization > should initialize chat on ngOnInit 18ms
     → Cannot read properties of undefined (reading 'search')
   × VoiceAIAssistantComponent > Initialization > should disable context logging topic by default 3ms
     → Cannot read properties of undefined (reading 'search')
   × VoiceAIAssistantComponent > Initialization > should sync context bidirectionally on init 3ms
     → Cannot read properties of undefined (reading 'search')
   × VoiceAIAssistantComponent > Initialization > should subscribe to voice input service on init 3ms
     → Cannot read properties of undefined (reading 'search')
   × VoiceAIAssistantComponent > Initialization > should setup PWA viewport on browser platform 9ms
     → setupPWAViewport does not exist
   × VoiceAIAssistantComponent > Initialization > should subscribe to messages for auto-scroll 2ms
     → scrollToBottom does not exist
   × VoiceAIAssistantComponent > Context Synchronization > should sync context from chat to AI when chat has active context 5ms
     → Cannot read properties of undefined (reading 'search')
   × VoiceAIAssistantComponent > Context Synchronization > should sync context from AI to chat when AI has active context 3ms
     → Cannot read properties of undefined (reading 'search')
   × VoiceAIAssistantComponent > Context Synchronization > should prefer more recent context based on timestamp 4ms
     → Cannot read properties of undefined (reading 'search')
   × VoiceAIAssistantComponent > Context Synchronization > should invalidate cache after sync 3ms
     → Cannot read properties of undefined (reading 'search')
   × VoiceAIAssistantComponent > Context Synchronization > should cache active context for performance 3ms
     → Cannot read properties of undefined (reading 'search')
   × VoiceAIAssistantComponent > Context Synchronization > should expire cache after duration 2ms
     → Cannot read properties of undefined (reading 'search')
   × VoiceAIAssistantComponent > Message Flow > should not send empty messages 3ms
     → Cannot read properties of undefined (reading 'search')
   × VoiceAIAssistantComponent > Message Flow > should not send messages when already processing 2ms
     → Cannot read properties of undefined (reading 'search')
   × VoiceAIAssistantComponent > Message Flow > should prevent double execution with isProcessingMessage flag 3ms
     → Cannot read properties of undefined (reading 'search')
   × VoiceAIAssistantComponent > Message Flow > should add user message to chat 2ms
     → Cannot read properties of undefined (reading 'search')
   × VoiceAIAssistantComponent > Message Flow > should clear input after sending 2ms
     → Cannot read properties of undefined (reading 'search')
   × VoiceAIAssistantComponent > Message Flow > should set processing flag during execution 2ms
     → Cannot read properties of undefined (reading 'search')
   × VoiceAIAssistantComponent > Message Flow > should clear disambiguation before sending 9ms
     → Cannot read properties of undefined (reading 'search')
   × VoiceAIAssistantComponent > Message Flow > should sync context before sending 2ms
     → Cannot read properties of undefined (reading 'search')
   × VoiceAIAssistantComponent > Message Flow > should handle AI execution errors gracefully 2ms
     → Cannot read properties of undefined (reading 'search')
   × VoiceAIAssistantComponent > Message Flow > should scroll after message handling 2ms
     → Cannot read properties of undefined (reading 'search')
   × VoiceAIAssistantComponent > AI Result Handling > should add AI response message to chat 4ms
     → Cannot read properties of undefined (reading 'search')
   × VoiceAIAssistantComponent > AI Result Handling > should add error message for failed result 5ms
     → Cannot read properties of undefined (reading 'search')
   × VoiceAIAssistantComponent > AI Result Handling > should handle disambiguation when needed 2ms
     → Cannot read properties of undefined (reading 'search')
   × VoiceAIAssistantComponent > AI Result Handling > should update conversation context from result 2ms
     → Cannot read properties of undefined (reading 'search')
   × VoiceAIAssistantComponent > AI Result Handling > should show follow-up prompt after delay 4ms
     → Cannot read properties of undefined (reading 'search')
   × VoiceAIAssistantComponent > AI Result Handling > should force context after list creation 2ms
     → Cannot read properties of undefined (reading 'search')
   × VoiceAIAssistantComponent > AI Result Handling > should force context after article addition 2ms
     → Cannot read properties of undefined (reading 'search')
   × VoiceAIAssistantComponent > AI Result Handling > should scroll multiple times for dynamic content 2ms
     → Cannot read properties of undefined (reading 'search')
   × VoiceAIAssistantComponent > Conversation State > should detect active conversation 2ms
     → Cannot read properties of undefined (reading 'search')
   × VoiceAIAssistantComponent > Conversation State > should return false when no active conversation 2ms
     → Cannot read properties of undefined (reading 'search')
   × VoiceAIAssistantComponent > Conversation State > should cache conversation status for performance 10ms
     → Cannot read properties of undefined (reading 'search')
   × VoiceAIAssistantComponent > Conversation State > should get current target list from context 2ms
     → Cannot read properties of undefined (reading 'search')
   × VoiceAIAssistantComponent > Conversation State > should return null when no target list 2ms
     → Cannot read properties of undefined (reading 'search')
   × VoiceAIAssistantComponent > Conversation State > should get conversation status message 2ms
     → Cannot read properties of undefined (reading 'search')
   × VoiceAIAssistantComponent > Conversation State > should show "no active conversation" when context is empty 2ms
     → Cannot read properties of undefined (reading 'search')
   × VoiceAIAssistantComponent > Conversation State > should finish adding articles and clear context 2ms
     → Cannot read properties of undefined (reading 'search')
   × VoiceAIAssistantComponent > Conversation State > should clear all contexts 2ms
     → Cannot read properties of undefined (reading 'search')
   × VoiceAIAssistantComponent > Continuation Keywords > should detect continuation keywords 4ms
     → Cannot read properties of undefined (reading 'search')
   × VoiceAIAssistantComponent > Continuation Keywords > should not detect regular messages as continuation 3ms
     → Cannot read properties of undefined (reading 'search')
   × VoiceAIAssistantComponent > Continuation Keywords > should handle continuation with recent action 3ms
     → Cannot read properties of undefined (reading 'search')
   × VoiceAIAssistantComponent > Continuation Keywords > should fail continuation without recent action 2ms
     → Cannot read properties of undefined (reading 'search')
   × VoiceAIAssistantComponent > Continuation Keywords > should fail continuation with expired action 2ms
     → Cannot read properties of undefined (reading 'search')
   × VoiceAIAssistantComponent > Continuation Keywords > should activate conversation mode with bare continuation keyword 2ms
     → Cannot read properties of undefined (reading 'search')
   × VoiceAIAssistantComponent > Recipe Processing > should detect recipe input 2ms
     → Cannot read properties of undefined (reading 'search')
   × VoiceAIAssistantComponent > Recipe Processing > should not detect regular messages as recipe 9ms
     → Cannot read properties of undefined (reading 'search')
   × VoiceAIAssistantComponent > Recipe Processing > should preserve context during recipe processing 2ms
     → Cannot read properties of undefined (reading 'search')
   × VoiceAIAssistantComponent > Recipe Processing > should force context restoration if missing after recipe 2ms
     → Cannot read properties of undefined (reading 'search')
   × VoiceAIAssistantComponent > Recipe Processing > should handle recipe without active context 1ms
     → Cannot read properties of undefined (reading 'search')
   × VoiceAIAssistantComponent > Recipe Processing > should trigger recipe processing from sendMessage 2ms
     → Cannot read properties of undefined (reading 'search')
   × VoiceAIAssistantComponent > Disambiguation > should handle disambiguation setup 2ms
     → Cannot read properties of undefined (reading 'search')
   × VoiceAIAssistantComponent > Disambiguation > should handle disambiguation option selection 1ms
     → Cannot read properties of undefined (reading 'search')
   × VoiceAIAssistantComponent > Disambiguation > should handle skip option 4ms
     → Cannot read properties of undefined (reading 'search')
   × VoiceAIAssistantComponent > Disambiguation > should preserve context during disambiguation 2ms
     → Cannot read properties of undefined (reading 'search')
   × VoiceAIAssistantComponent > Disambiguation > should handle disambiguation timeout 2ms
     → Cannot read properties of undefined (reading 'search')
   × VoiceAIAssistantComponent > Disambiguation > should handle disambiguation errors 2ms
     → Cannot read properties of undefined (reading 'search')
   × VoiceAIAssistantComponent > Disambiguation > should cancel disambiguation 2ms
     → Cannot read properties of undefined (reading 'search')
   × VoiceAIAssistantComponent > Disambiguation > should skip current article 2ms
     → Cannot read properties of undefined (reading 'search')
   × VoiceAIAssistantComponent > Disambiguation > should skip all remaining items 2ms
     → Cannot read properties of undefined (reading 'search')
   × VoiceAIAssistantComponent > Voice Input > should toggle voice recording using service 14ms
     → Cannot read properties of undefined (reading 'search')
   × VoiceAIAssistantComponent > Voice Input > should handle voice recognition result from service 2ms
     → Cannot read properties of undefined (reading 'search')
   × VoiceAIAssistantComponent > Voice Input > should handle voice recognition error from service 3ms
     → Cannot read properties of undefined (reading 'search')
   × VoiceAIAssistantComponent > Voice Input > should handle permission denied error from service 2ms
     → Cannot read properties of undefined (reading 'search')
   × VoiceAIAssistantComponent > Voice Input > should update recording state from service observable 2ms
     → Cannot read properties of undefined (reading 'search')
   × VoiceAIAssistantComponent > Voice Input > should set voice input source and audio feedback flag on voice result 2ms
     → Cannot read properties of undefined (reading 'search')
   × VoiceAIAssistantComponent > Voice Output > should speak text when audio feedback enabled 2ms
     → Cannot read properties of undefined (reading 'search')
   × VoiceAIAssistantComponent > Voice Output > should not speak when already speaking 2ms
     → Cannot read properties of undefined (reading 'search')
   × VoiceAIAssistantComponent > Voice Output > should clean emojis from speech text 1ms
     → Cannot read properties of undefined (reading 'search')
   × VoiceAIAssistantComponent > Voice Output > should cancel previous speech before new one 2ms
     → Cannot read properties of undefined (reading 'search')
   × VoiceAIAssistantComponent > Voice Output > should reset isSpeaking flag on utterance end 2ms
     → Cannot read properties of undefined (reading 'search')
   × VoiceAIAssistantComponent > Voice Output > should reset isSpeaking flag on utterance error 3ms
     → Cannot read properties of undefined (reading 'search')
   × VoiceAIAssistantComponent > Voice Output > should provide audio feedback for successful actions 2ms
     → Cannot read properties of undefined (reading 'search')
   × VoiceAIAssistantComponent > Voice Output > should not provide audio feedback for text input 10ms
     → Cannot read properties of undefined (reading 'search')
   × VoiceAIAssistantComponent > UI Helpers > should get placeholder for active conversation 2ms
     → Cannot read properties of undefined (reading 'search')
   × VoiceAIAssistantComponent > UI Helpers > should get default placeholder without active conversation 2ms
     → Cannot read properties of undefined (reading 'search')
   × VoiceAIAssistantComponent > UI Helpers > should get voice tooltip based on recording state 1ms
     → Cannot read properties of undefined (reading 'search')
   × VoiceAIAssistantComponent > UI Helpers > should get send tooltip based on conversation state 2ms
     → Cannot read properties of undefined (reading 'search')
   × VoiceAIAssistantComponent > UI Helpers > should send quick message 2ms
     → Cannot read properties of undefined (reading 'search')
   × VoiceAIAssistantComponent > UI Helpers > should detect if continuation can be used 2ms
     → Cannot read properties of undefined (reading 'search')
   × VoiceAIAssistantComponent > UI Helpers > should detect when continuation cannot be used 2ms
     → Cannot read properties of undefined (reading 'search')
   × VoiceAIAssistantComponent > UI Helpers > should handle onEnterKey with Ctrl pressed 1ms
     → Cannot read properties of undefined (reading 'search')
   × VoiceAIAssistantComponent > UI Helpers > should set text input source 2ms
     → Cannot read properties of undefined (reading 'search')
   × VoiceAIAssistantComponent > Disambiguation UI Helpers > should detect recipe processing 2ms
     → Cannot read properties of undefined (reading 'search')
   × VoiceAIAssistantComponent > Disambiguation UI Helpers > should detect sequential recipe processing 3ms
     → Cannot read properties of undefined (reading 'search')
   × VoiceAIAssistantComponent > Disambiguation UI Helpers > should get current item index 2ms
     → Cannot read properties of undefined (reading 'search')
   × VoiceAIAssistantComponent > Disambiguation UI Helpers > should get total items count 2ms
     → Cannot read properties of undefined (reading 'search')
   × VoiceAIAssistantComponent > Disambiguation UI Helpers > should calculate progress percentage 8ms
     → Cannot read properties of undefined (reading 'search')
   × VoiceAIAssistantComponent > Disambiguation UI Helpers > should detect when skip all is available 1ms
     → Cannot read properties of undefined (reading 'search')
   × VoiceAIAssistantComponent > Disambiguation UI Helpers > should detect when skip all is not available 2ms
     → Cannot read properties of undefined (reading 'search')
   × VoiceAIAssistantComponent > Disambiguation UI Helpers > should get disambiguation header color 1ms
     → Cannot read properties of undefined (reading 'search')
   × VoiceAIAssistantComponent > Disambiguation UI Helpers > should get disambiguation header icon 1ms
     → Cannot read properties of undefined (reading 'search')
   × VoiceAIAssistantComponent > Disambiguation UI Helpers > should get action description 1ms
     → Cannot read properties of undefined (reading 'search')
   × VoiceAIAssistantComponent > Disambiguation UI Helpers > should get default icon for option type 1ms
     → Cannot read properties of undefined (reading 'search')
   × VoiceAIAssistantComponent > Disambiguation UI Helpers > should get action hint for option 1ms
     → Cannot read properties of undefined (reading 'search')
   × VoiceAIAssistantComponent > Disambiguation UI Helpers > should get department name 2ms
     → Cannot read properties of undefined (reading 'search')
   × VoiceAIAssistantComponent > Disambiguation UI Helpers > should get confidence text 1ms
     → Cannot read properties of undefined (reading 'search')
   × VoiceAIAssistantComponent > Navigation & Chat Management > should navigate back to lists 2ms
     → Cannot read properties of undefined (reading 'search')
   × VoiceAIAssistantComponent > Navigation & Chat Management > should clear chat 1ms
     → Cannot read properties of undefined (reading 'search')
   × VoiceAIAssistantComponent > Navigation & Chat Management > should export chat 1ms
     → Cannot read properties of undefined (reading 'search')
   × VoiceAIAssistantComponent > Navigation & Chat Management > should show contextual help 1ms
     → Cannot read properties of undefined (reading 'search')
   × VoiceAIAssistantComponent > Navigation & Chat Management > should show recipe help 10ms
     → Cannot read properties of undefined (reading 'search')
   × VoiceAIAssistantComponent > Navigation & Chat Management > should trigger manual recovery 9ms
     → Cannot read properties of undefined (reading 'search')
   × VoiceAIAssistantComponent > Navigation & Chat Management > should toggle verbose logging 3ms
     → Cannot read properties of undefined (reading 'search')
   × VoiceAIAssistantComponent > Scrolling & PWA Viewport > should scroll to bottom when messagesContainer exists 3ms
     → Cannot read properties of undefined (reading 'search')
   × VoiceAIAssistantComponent > Scrolling & PWA Viewport > should handle missing messagesContainer gracefully 3ms
     → Cannot read properties of undefined (reading 'search')
   × VoiceAIAssistantComponent > Scrolling & PWA Viewport > should fallback to scrollTop for older browsers 3ms
     → Cannot read properties of undefined (reading 'search')
   × VoiceAIAssistantComponent > Scrolling & PWA Viewport > should set viewport height CSS variable 3ms
     → Cannot read properties of undefined (reading 'search')
   × VoiceAIAssistantComponent > Scrolling & PWA Viewport > should setup PWA viewport listeners 5ms
     → Cannot read properties of undefined (reading 'search')
   × VoiceAIAssistantComponent > Scrolling & PWA Viewport > should detect PWA mode and apply fixes 3ms
     → Cannot read properties of undefined (reading 'search')
   × VoiceAIAssistantComponent > Scrolling & PWA Viewport > should call onContentChange and scroll 3ms
     → Cannot read properties of undefined (reading 'search')
   × VoiceAIAssistantComponent > Cleanup > should cleanup on destroy 3ms
     → Cannot read properties of undefined (reading 'search')
   × VoiceAIAssistantComponent > Cleanup > should complete destroy subject 3ms
     → Cannot read properties of undefined (reading 'search')
   × VoiceAIAssistantComponent > Cleanup > should remove window event listeners 4ms
     → Cannot read properties of undefined (reading 'search')
   × VoiceAIAssistantComponent > Cleanup > should cleanup voice input service on destroy 17ms
     → Cannot read properties of undefined (reading 'search')
   × VoiceAIAssistantComponent > Error Handling > should handle network errors in sendMessage 2ms
     → Cannot read properties of undefined (reading 'search')
   × VoiceAIAssistantComponent > Error Handling > should handle disambiguation selection errors 2ms
     → Cannot read properties of undefined (reading 'search')
   × VoiceAIAssistantComponent > Error Handling > should handle context sync errors gracefully 3ms
     → Cannot read properties of undefined (reading 'search')
   × VoiceAIAssistantComponent > Error Handling > should handle skip all errors 1ms
     → Cannot read properties of undefined (reading 'search')
   × VoiceAIAssistantComponent > Edge Cases > should handle null disambiguation in selectDisambiguationOption 1ms
     → Cannot read properties of undefined (reading 'search')
   × VoiceAIAssistantComponent > Edge Cases > should handle empty continuation keywords 2ms
     → Cannot read properties of undefined (reading 'search')
   × VoiceAIAssistantComponent > Edge Cases > should handle invalid recipe input 1ms
     → Cannot read properties of undefined (reading 'search')
   × VoiceAIAssistantComponent > Edge Cases > should handle missing speech synthesis 2ms
     → Cannot read properties of undefined (reading 'search')
   × VoiceAIAssistantComponent > Edge Cases > should handle quick continuation without examples 1ms
     → Cannot read properties of undefined (reading 'search')
   × VoiceAIAssistantComponent > Edge Cases > should handle trackByOptionId with missing id 2ms
     → Cannot read properties of undefined (reading 'search')
   × VoiceAIAssistantComponent > Edge Cases > should handle trackByOptionId with id 2ms
     → Cannot read properties of undefined (reading 'search')
   × VoiceAIAssistantComponent > Edge Cases > should handle conversation mode with "nein" keyword 2ms
     → Cannot read properties of undefined (reading 'search')
   × VoiceAIAssistantComponent > Edge Cases > should handle conversation mode with "fertig" keyword 2ms
     → Cannot read properties of undefined (reading 'search')
   × VoiceAIAssistantComponent > Edge Cases > should handle help command 2ms
     → Cannot read properties of undefined (reading 'search')
   × VoiceAIAssistantComponent > Edge Cases > should handle list creation command 2ms
     → Cannot read properties of undefined (reading 'search')
stdout | src/app/features/lists/list-detail/list-detail.spec.ts > ListDetailComponent > Shopping Mode Filters > should update shopping filter signal
🔄 Switching shopping filter to: erledigt
🔄 Switching shopping filter to: alle

stderr | src/app/features/lists/list-detail/list-detail.spec.ts > ListDetailComponent > Department Grouping > should handle articles with empty departments
Articles found with unknown department: miscellaneous [
  {
    id: [32m'article6'[39m,
    name: [32m'Another Test'[39m,
    icon: [32m'🥛'[39m,
    notes: [90mundefined[39m,
    amount: [32m''[39m,
    departmentId: [32m''[39m,
    isChecked: [33mfalse[39m,
    isInList: [33mfalse[39m,
    listAmount: [32m''[39m
  },
  {
    id: [32m'article5'[39m,
    name: [32m'Test Item'[39m,
    icon: [32m'🥛'[39m,
    notes: [90mundefined[39m,
    amount: [32m''[39m,
    departmentId: [32m''[39m,
    isChecked: [33mfalse[39m,
    isInList: [33mfalse[39m,
    listAmount: [32m''[39m
  }
]

stdout | src/app/features/lists/list-detail/list-detail.spec.ts > ListDetailComponent > FAB Controls > should close FAB when changing filter
🔄 Switching shopping filter to: alle

 ✓ src/app/features/lists/list-detail/list-detail.spec.ts (57 tests) 4557ms
   ✓ ListDetailComponent > Shopping Mode Filters > should show all items when filter is "alle"  403ms
   ✓ ListDetailComponent > Shopping Mode Filters > should show only checked items when filter is "erledigt"  402ms
   ✓ ListDetailComponent > Edit Mode Filters > should show all articles in "alle" filter  402ms
   ✓ ListDetailComponent > Edit Mode Filters > should show only listed articles in "gelistet" filter  403ms
   ✓ ListDetailComponent > Edit Mode Filters > should show only missing articles in "fehlend" filter  401ms
   ✓ ListDetailComponent > Search Functionality > should filter articles by search query  655ms
   ✓ ListDetailComponent > Department Grouping > should group articles by department  302ms
   ✓ ListDetailComponent > Department Grouping > should respect department order from list  303ms
   ✓ ListDetailComponent > Department Grouping > should handle articles with empty departments  303ms
   ✓ ListDetailComponent > Department Grouping > should sort articles within departments  301ms
   ✓ ListDetailComponent > Edge Cases > should handle empty article list  303ms
 ↓ src/app/features/lists/list-item/list-item.spec.ts (1 test | 1 skipped)
 ↓ src/app/features/shops/shop-overview/shop-overview.spec.ts (1 test | 1 skipped)
 ↓ src/app/shared/components/navigation/navigation.spec.ts (1 test | 1 skipped)
 ↓ src/app/features/shops/shop-categories/shop-categories.spec.ts (1 test | 1 skipped)
 ↓ src/app/features/shops/shop-detail/shop-detail.spec.ts (1 test | 1 skipped)
 ✓ src/app/core/interceptors/error-interceptor.spec.ts (1 test) 4ms
 ✓ src/app/core/guards/data-guard.spec.ts (1 test) 4ms
 ✓ src/app/core/services/firebase.spec.ts (1 test) 19ms
 ✓ src/app/core/services/offline.spec.ts (1 test) 26ms
 ↓ src/app/app.spec.ts (2 tests | 2 skipped)
 ↓ src/app/features/articles/article-overview/article-overview.spec.ts (1 test | 1 skipped)

⎯⎯⎯⎯⎯⎯ Failed Tests 133 ⎯⎯⎯⎯⎯⎯

 FAIL  src/app/shared/components/voice-ai-assistant/voice-ai-assistant.component.spec.ts > VoiceAIAssistantComponent > Initialization > should initialize chat on ngOnInit
TypeError: Cannot read properties of undefined (reading 'search')
 ❯ VoiceAIAssistantComponent.handleDeepLinkParameters src/app/shared/components/voice-ai-assistant/voice-ai-assistant.component.ts:214:59
    212|    */
    213|   private handleDeepLinkParameters(): void {
    214|     const urlParams = new URLSearchParams(window.location.search);
       |                                                           ^
    215|     const addItem = urlParams.get('add');
    216|     const command = urlParams.get('command');
 ❯ VoiceAIAssistantComponent.ngOnInit src/app/shared/components/voice-ai-assistant/voice-ai-assistant.component.ts:126:10
 ❯ src/app/shared/components/voice-ai-assistant/voice-ai-assistant.component.spec.ts:255:17
 ❯ new ZoneAwarePromise node_modules/zone.js/fesm2015/zone.js:2701:25

⎯⎯⎯⎯⎯⎯⎯⎯⎯⎯⎯⎯⎯⎯⎯⎯⎯⎯⎯⎯⎯⎯[1/133]⎯

 FAIL  src/app/shared/components/voice-ai-assistant/voice-ai-assistant.component.spec.ts > VoiceAIAssistantComponent > Initialization > should disable context logging topic by default
TypeError: Cannot read properties of undefined (reading 'search')
 ❯ VoiceAIAssistantComponent.handleDeepLinkParameters src/app/shared/components/voice-ai-assistant/voice-ai-assistant.component.ts:214:59
    212|    */
    213|   private handleDeepLinkParameters(): void {
    214|     const urlParams = new URLSearchParams(window.location.search);
       |                                                           ^
    215|     const addItem = urlParams.get('add');
    216|     const command = urlParams.get('command');
 ❯ VoiceAIAssistantComponent.ngOnInit src/app/shared/components/voice-ai-assistant/voice-ai-assistant.component.ts:126:10
 ❯ src/app/shared/components/voice-ai-assistant/voice-ai-assistant.component.spec.ts:261:17
 ❯ new ZoneAwarePromise node_modules/zone.js/fesm2015/zone.js:2701:25

⎯⎯⎯⎯⎯⎯⎯⎯⎯⎯⎯⎯⎯⎯⎯⎯⎯⎯⎯⎯⎯⎯[2/133]⎯

 FAIL  src/app/shared/components/voice-ai-assistant/voice-ai-assistant.component.spec.ts > VoiceAIAssistantComponent > Initialization > should sync context bidirectionally on init
TypeError: Cannot read properties of undefined (reading 'search')
 ❯ VoiceAIAssistantComponent.handleDeepLinkParameters src/app/shared/components/voice-ai-assistant/voice-ai-assistant.component.ts:214:59
    212|    */
    213|   private handleDeepLinkParameters(): void {
    214|     const urlParams = new URLSearchParams(window.location.search);
       |                                                           ^
    215|     const addItem = urlParams.get('add');
    216|     const command = urlParams.get('command');
 ❯ VoiceAIAssistantComponent.ngOnInit src/app/shared/components/voice-ai-assistant/voice-ai-assistant.component.ts:126:10
 ❯ src/app/shared/components/voice-ai-assistant/voice-ai-assistant.component.spec.ts:269:17
 ❯ new ZoneAwarePromise node_modules/zone.js/fesm2015/zone.js:2701:25

⎯⎯⎯⎯⎯⎯⎯⎯⎯⎯⎯⎯⎯⎯⎯⎯⎯⎯⎯⎯⎯⎯[3/133]⎯

 FAIL  src/app/shared/components/voice-ai-assistant/voice-ai-assistant.component.spec.ts > VoiceAIAssistantComponent > Initialization > should subscribe to voice input service on init
TypeError: Cannot read properties of undefined (reading 'search')
 ❯ VoiceAIAssistantComponent.handleDeepLinkParameters src/app/shared/components/voice-ai-assistant/voice-ai-assistant.component.ts:214:59
    212|    */
    213|   private handleDeepLinkParameters(): void {
    214|     const urlParams = new URLSearchParams(window.location.search);
       |                                                           ^
    215|     const addItem = urlParams.get('add');
    216|     const command = urlParams.get('command');
 ❯ VoiceAIAssistantComponent.ngOnInit src/app/shared/components/voice-ai-assistant/voice-ai-assistant.component.ts:126:10
 ❯ src/app/shared/components/voice-ai-assistant/voice-ai-assistant.component.spec.ts:275:17
 ❯ new ZoneAwarePromise node_modules/zone.js/fesm2015/zone.js:2701:25

⎯⎯⎯⎯⎯⎯⎯⎯⎯⎯⎯⎯⎯⎯⎯⎯⎯⎯⎯⎯⎯⎯[4/133]⎯

 FAIL  src/app/shared/components/voice-ai-assistant/voice-ai-assistant.component.spec.ts > VoiceAIAssistantComponent > Initialization > should setup PWA viewport on browser platform
Error: setupPWAViewport does not exist
 ❯ src/app/shared/components/voice-ai-assistant/voice-ai-assistant.component.spec.ts:282:27
    280| 
    281|     it('should setup PWA viewport on browser platform', () => {
    282|       const setupSpy = vi.spyOn(component as any, 'setupPWAViewport');
       |                           ^
    283| 
    284|       component.ngOnInit();
 ❯ new ZoneAwarePromise node_modules/zone.js/fesm2015/zone.js:2701:25

⎯⎯⎯⎯⎯⎯⎯⎯⎯⎯⎯⎯⎯⎯⎯⎯⎯⎯⎯⎯⎯⎯[5/133]⎯

 FAIL  src/app/shared/components/voice-ai-assistant/voice-ai-assistant.component.spec.ts > VoiceAIAssistantComponent > Initialization > should subscribe to messages for auto-scroll
Error: scrollToBottom does not exist
 ❯ src/app/shared/components/voice-ai-assistant/voice-ai-assistant.component.spec.ts:290:28
    288| 
    289|     it('should subscribe to messages for auto-scroll', async () => {
    290|       const scrollSpy = vi.spyOn(component as any, 'scrollToBottom');
       |                            ^
    291| 
    292|       component.ngOnInit();
 ❯ new ZoneAwarePromise node_modules/zone.js/fesm2015/zone.js:2701:25

⎯⎯⎯⎯⎯⎯⎯⎯⎯⎯⎯⎯⎯⎯⎯⎯⎯⎯⎯⎯⎯⎯[6/133]⎯

 FAIL  src/app/shared/components/voice-ai-assistant/voice-ai-assistant.component.spec.ts > VoiceAIAssistantComponent > Context Synchronization > should sync context from chat to AI when chat has active context
 FAIL  src/app/shared/components/voice-ai-assistant/voice-ai-assistant.component.spec.ts > VoiceAIAssistantComponent > Context Synchronization > should sync context from AI to chat when AI has active context
 FAIL  src/app/shared/components/voice-ai-assistant/voice-ai-assistant.component.spec.ts > VoiceAIAssistantComponent > Context Synchronization > should prefer more recent context based on timestamp
 FAIL  src/app/shared/components/voice-ai-assistant/voice-ai-assistant.component.spec.ts > VoiceAIAssistantComponent > Context Synchronization > should invalidate cache after sync
 FAIL  src/app/shared/components/voice-ai-assistant/voice-ai-assistant.component.spec.ts > VoiceAIAssistantComponent > Context Synchronization > should cache active context for performance
 FAIL  src/app/shared/components/voice-ai-assistant/voice-ai-assistant.component.spec.ts > VoiceAIAssistantComponent > Context Synchronization > should expire cache after duration
TypeError: Cannot read properties of undefined (reading 'search')
 ❯ VoiceAIAssistantComponent.handleDeepLinkParameters src/app/shared/components/voice-ai-assistant/voice-ai-assistant.component.ts:214:59
    212|    */
    213|   private handleDeepLinkParameters(): void {
    214|     const urlParams = new URLSearchParams(window.location.search);
       |                                                           ^
    215|     const addItem = urlParams.get('add');
    216|     const command = urlParams.get('command');
 ❯ VoiceAIAssistantComponent.ngOnInit src/app/shared/components/voice-ai-assistant/voice-ai-assistant.component.ts:126:10
 ❯ src/app/shared/components/voice-ai-assistant/voice-ai-assistant.component.spec.ts:310:17
 ❯ new ZoneAwarePromise node_modules/zone.js/fesm2015/zone.js:2701:25

⎯⎯⎯⎯⎯⎯⎯⎯⎯⎯⎯⎯⎯⎯⎯⎯⎯⎯⎯⎯⎯⎯[7/133]⎯

 FAIL  src/app/shared/components/voice-ai-assistant/voice-ai-assistant.component.spec.ts > VoiceAIAssistantComponent > Message Flow > should not send empty messages
 FAIL  src/app/shared/components/voice-ai-assistant/voice-ai-assistant.component.spec.ts > VoiceAIAssistantComponent > Message Flow > should not send messages when already processing
 FAIL  src/app/shared/components/voice-ai-assistant/voice-ai-assistant.component.spec.ts > VoiceAIAssistantComponent > Message Flow > should prevent double execution with isProcessingMessage flag
 FAIL  src/app/shared/components/voice-ai-assistant/voice-ai-assistant.component.spec.ts > VoiceAIAssistantComponent > Message Flow > should add user message to chat
 FAIL  src/app/shared/components/voice-ai-assistant/voice-ai-assistant.component.spec.ts > VoiceAIAssistantComponent > Message Flow > should clear input after sending
 FAIL  src/app/shared/components/voice-ai-assistant/voice-ai-assistant.component.spec.ts > VoiceAIAssistantComponent > Message Flow > should set processing flag during execution
 FAIL  src/app/shared/components/voice-ai-assistant/voice-ai-assistant.component.spec.ts > VoiceAIAssistantComponent > Message Flow > should clear disambiguation before sending
 FAIL  src/app/shared/components/voice-ai-assistant/voice-ai-assistant.component.spec.ts > VoiceAIAssistantComponent > Message Flow > should sync context before sending
 FAIL  src/app/shared/components/voice-ai-assistant/voice-ai-assistant.component.spec.ts > VoiceAIAssistantComponent > Message Flow > should handle AI execution errors gracefully
 FAIL  src/app/shared/components/voice-ai-assistant/voice-ai-assistant.component.spec.ts > VoiceAIAssistantComponent > Message Flow > should scroll after message handling
TypeError: Cannot read properties of undefined (reading 'search')
 ❯ VoiceAIAssistantComponent.handleDeepLinkParameters src/app/shared/components/voice-ai-assistant/voice-ai-assistant.component.ts:214:59
    212|    */
    213|   private handleDeepLinkParameters(): void {
    214|     const urlParams = new URLSearchParams(window.location.search);
       |                                                           ^
    215|     const addItem = urlParams.get('add');
    216|     const command = urlParams.get('command');
 ❯ VoiceAIAssistantComponent.ngOnInit src/app/shared/components/voice-ai-assistant/voice-ai-assistant.component.ts:126:10
 ❯ src/app/shared/components/voice-ai-assistant/voice-ai-assistant.component.spec.ts:465:17
 ❯ new ZoneAwarePromise node_modules/zone.js/fesm2015/zone.js:2701:25

⎯⎯⎯⎯⎯⎯⎯⎯⎯⎯⎯⎯⎯⎯⎯⎯⎯⎯⎯⎯⎯⎯[8/133]⎯

 FAIL  src/app/shared/components/voice-ai-assistant/voice-ai-assistant.component.spec.ts > VoiceAIAssistantComponent > AI Result Handling > should add AI response message to chat
 FAIL  src/app/shared/components/voice-ai-assistant/voice-ai-assistant.component.spec.ts > VoiceAIAssistantComponent > AI Result Handling > should add error message for failed result
 FAIL  src/app/shared/components/voice-ai-assistant/voice-ai-assistant.component.spec.ts > VoiceAIAssistantComponent > AI Result Handling > should handle disambiguation when needed
 FAIL  src/app/shared/components/voice-ai-assistant/voice-ai-assistant.component.spec.ts > VoiceAIAssistantComponent > AI Result Handling > should update conversation context from result
 FAIL  src/app/shared/components/voice-ai-assistant/voice-ai-assistant.component.spec.ts > VoiceAIAssistantComponent > AI Result Handling > should show follow-up prompt after delay
 FAIL  src/app/shared/components/voice-ai-assistant/voice-ai-assistant.component.spec.ts > VoiceAIAssistantComponent > AI Result Handling > should force context after list creation
 FAIL  src/app/shared/components/voice-ai-assistant/voice-ai-assistant.component.spec.ts > VoiceAIAssistantComponent > AI Result Handling > should force context after article addition
 FAIL  src/app/shared/components/voice-ai-assistant/voice-ai-assistant.component.spec.ts > VoiceAIAssistantComponent > AI Result Handling > should scroll multiple times for dynamic content
TypeError: Cannot read properties of undefined (reading 'search')
 ❯ VoiceAIAssistantComponent.handleDeepLinkParameters src/app/shared/components/voice-ai-assistant/voice-ai-assistant.component.ts:214:59
    212|    */
    213|   private handleDeepLinkParameters(): void {
    214|     const urlParams = new URLSearchParams(window.location.search);
       |                                                           ^
    215|     const addItem = urlParams.get('add');
    216|     const command = urlParams.get('command');
 ❯ VoiceAIAssistantComponent.ngOnInit src/app/shared/components/voice-ai-assistant/voice-ai-assistant.component.ts:126:10
 ❯ src/app/shared/components/voice-ai-assistant/voice-ai-assistant.component.spec.ts:600:17
 ❯ new ZoneAwarePromise node_modules/zone.js/fesm2015/zone.js:2701:25

⎯⎯⎯⎯⎯⎯⎯⎯⎯⎯⎯⎯⎯⎯⎯⎯⎯⎯⎯⎯⎯⎯[9/133]⎯

 FAIL  src/app/shared/components/voice-ai-assistant/voice-ai-assistant.component.spec.ts > VoiceAIAssistantComponent > Conversation State > should detect active conversation
 FAIL  src/app/shared/components/voice-ai-assistant/voice-ai-assistant.component.spec.ts > VoiceAIAssistantComponent > Conversation State > should return false when no active conversation
 FAIL  src/app/shared/components/voice-ai-assistant/voice-ai-assistant.component.spec.ts > VoiceAIAssistantComponent > Conversation State > should cache conversation status for performance
 FAIL  src/app/shared/components/voice-ai-assistant/voice-ai-assistant.component.spec.ts > VoiceAIAssistantComponent > Conversation State > should get current target list from context
 FAIL  src/app/shared/components/voice-ai-assistant/voice-ai-assistant.component.spec.ts > VoiceAIAssistantComponent > Conversation State > should return null when no target list
 FAIL  src/app/shared/components/voice-ai-assistant/voice-ai-assistant.component.spec.ts > VoiceAIAssistantComponent > Conversation State > should get conversation status message
 FAIL  src/app/shared/components/voice-ai-assistant/voice-ai-assistant.component.spec.ts > VoiceAIAssistantComponent > Conversation State > should show "no active conversation" when context is empty
 FAIL  src/app/shared/components/voice-ai-assistant/voice-ai-assistant.component.spec.ts > VoiceAIAssistantComponent > Conversation State > should finish adding articles and clear context
 FAIL  src/app/shared/components/voice-ai-assistant/voice-ai-assistant.component.spec.ts > VoiceAIAssistantComponent > Conversation State > should clear all contexts
TypeError: Cannot read properties of undefined (reading 'search')
 ❯ VoiceAIAssistantComponent.handleDeepLinkParameters src/app/shared/components/voice-ai-assistant/voice-ai-assistant.component.ts:214:59
    212|    */
    213|   private handleDeepLinkParameters(): void {
    214|     const urlParams = new URLSearchParams(window.location.search);
       |                                                           ^
    215|     const addItem = urlParams.get('add');
    216|     const command = urlParams.get('command');
 ❯ VoiceAIAssistantComponent.ngOnInit src/app/shared/components/voice-ai-assistant/voice-ai-assistant.component.ts:126:10
 ❯ src/app/shared/components/voice-ai-assistant/voice-ai-assistant.component.spec.ts:739:17
 ❯ new ZoneAwarePromise node_modules/zone.js/fesm2015/zone.js:2701:25

⎯⎯⎯⎯⎯⎯⎯⎯⎯⎯⎯⎯⎯⎯⎯⎯⎯⎯⎯⎯⎯[10/133]⎯

 FAIL  src/app/shared/components/voice-ai-assistant/voice-ai-assistant.component.spec.ts > VoiceAIAssistantComponent > Continuation Keywords > should detect continuation keywords
 FAIL  src/app/shared/components/voice-ai-assistant/voice-ai-assistant.component.spec.ts > VoiceAIAssistantComponent > Continuation Keywords > should not detect regular messages as continuation
 FAIL  src/app/shared/components/voice-ai-assistant/voice-ai-assistant.component.spec.ts > VoiceAIAssistantComponent > Continuation Keywords > should handle continuation with recent action
 FAIL  src/app/shared/components/voice-ai-assistant/voice-ai-assistant.component.spec.ts > VoiceAIAssistantComponent > Continuation Keywords > should fail continuation without recent action
 FAIL  src/app/shared/components/voice-ai-assistant/voice-ai-assistant.component.spec.ts > VoiceAIAssistantComponent > Continuation Keywords > should fail continuation with expired action
 FAIL  src/app/shared/components/voice-ai-assistant/voice-ai-assistant.component.spec.ts > VoiceAIAssistantComponent > Continuation Keywords > should activate conversation mode with bare continuation keyword
TypeError: Cannot read properties of undefined (reading 'search')
 ❯ VoiceAIAssistantComponent.handleDeepLinkParameters src/app/shared/components/voice-ai-assistant/voice-ai-assistant.component.ts:214:59
    212|    */
    213|   private handleDeepLinkParameters(): void {
    214|     const urlParams = new URLSearchParams(window.location.search);
       |                                                           ^
    215|     const addItem = urlParams.get('add');
    216|     const command = urlParams.get('command');
 ❯ VoiceAIAssistantComponent.ngOnInit src/app/shared/components/voice-ai-assistant/voice-ai-assistant.component.ts:126:10
 ❯ src/app/shared/components/voice-ai-assistant/voice-ai-assistant.component.spec.ts:863:17
 ❯ new ZoneAwarePromise node_modules/zone.js/fesm2015/zone.js:2701:25

⎯⎯⎯⎯⎯⎯⎯⎯⎯⎯⎯⎯⎯⎯⎯⎯⎯⎯⎯⎯⎯[11/133]⎯

 FAIL  src/app/shared/components/voice-ai-assistant/voice-ai-assistant.component.spec.ts > VoiceAIAssistantComponent > Recipe Processing > should detect recipe input
 FAIL  src/app/shared/components/voice-ai-assistant/voice-ai-assistant.component.spec.ts > VoiceAIAssistantComponent > Recipe Processing > should not detect regular messages as recipe
 FAIL  src/app/shared/components/voice-ai-assistant/voice-ai-assistant.component.spec.ts > VoiceAIAssistantComponent > Recipe Processing > should preserve context during recipe processing
 FAIL  src/app/shared/components/voice-ai-assistant/voice-ai-assistant.component.spec.ts > VoiceAIAssistantComponent > Recipe Processing > should force context restoration if missing after recipe
 FAIL  src/app/shared/components/voice-ai-assistant/voice-ai-assistant.component.spec.ts > VoiceAIAssistantComponent > Recipe Processing > should handle recipe without active context
 FAIL  src/app/shared/components/voice-ai-assistant/voice-ai-assistant.component.spec.ts > VoiceAIAssistantComponent > Recipe Processing > should trigger recipe processing from sendMessage
TypeError: Cannot read properties of undefined (reading 'search')
 ❯ VoiceAIAssistantComponent.handleDeepLinkParameters src/app/shared/components/voice-ai-assistant/voice-ai-assistant.component.ts:214:59
    212|    */
    213|   private handleDeepLinkParameters(): void {
    214|     const urlParams = new URLSearchParams(window.location.search);
       |                                                           ^
    215|     const addItem = urlParams.get('add');
    216|     const command = urlParams.get('command');
 ❯ VoiceAIAssistantComponent.ngOnInit src/app/shared/components/voice-ai-assistant/voice-ai-assistant.component.ts:126:10
 ❯ src/app/shared/components/voice-ai-assistant/voice-ai-assistant.component.spec.ts:961:17
 ❯ new ZoneAwarePromise node_modules/zone.js/fesm2015/zone.js:2701:25

⎯⎯⎯⎯⎯⎯⎯⎯⎯⎯⎯⎯⎯⎯⎯⎯⎯⎯⎯⎯⎯[12/133]⎯

 FAIL  src/app/shared/components/voice-ai-assistant/voice-ai-assistant.component.spec.ts > VoiceAIAssistantComponent > Disambiguation > should handle disambiguation setup
 FAIL  src/app/shared/components/voice-ai-assistant/voice-ai-assistant.component.spec.ts > VoiceAIAssistantComponent > Disambiguation > should handle disambiguation option selection
 FAIL  src/app/shared/components/voice-ai-assistant/voice-ai-assistant.component.spec.ts > VoiceAIAssistantComponent > Disambiguation > should handle skip option
 FAIL  src/app/shared/components/voice-ai-assistant/voice-ai-assistant.component.spec.ts > VoiceAIAssistantComponent > Disambiguation > should preserve context during disambiguation
 FAIL  src/app/shared/components/voice-ai-assistant/voice-ai-assistant.component.spec.ts > VoiceAIAssistantComponent > Disambiguation > should handle disambiguation timeout
 FAIL  src/app/shared/components/voice-ai-assistant/voice-ai-assistant.component.spec.ts > VoiceAIAssistantComponent > Disambiguation > should handle disambiguation errors
 FAIL  src/app/shared/components/voice-ai-assistant/voice-ai-assistant.component.spec.ts > VoiceAIAssistantComponent > Disambiguation > should cancel disambiguation
 FAIL  src/app/shared/components/voice-ai-assistant/voice-ai-assistant.component.spec.ts > VoiceAIAssistantComponent > Disambiguation > should skip current article
 FAIL  src/app/shared/components/voice-ai-assistant/voice-ai-assistant.component.spec.ts > VoiceAIAssistantComponent > Disambiguation > should skip all remaining items
TypeError: Cannot read properties of undefined (reading 'search')
 ❯ VoiceAIAssistantComponent.handleDeepLinkParameters src/app/shared/components/voice-ai-assistant/voice-ai-assistant.component.ts:214:59
    212|    */
    213|   private handleDeepLinkParameters(): void {
    214|     const urlParams = new URLSearchParams(window.location.search);
       |                                                           ^
    215|     const addItem = urlParams.get('add');
    216|     const command = urlParams.get('command');
 ❯ VoiceAIAssistantComponent.ngOnInit src/app/shared/components/voice-ai-assistant/voice-ai-assistant.component.ts:126:10
 ❯ src/app/shared/components/voice-ai-assistant/voice-ai-assistant.component.spec.ts:1053:17
 ❯ new ZoneAwarePromise node_modules/zone.js/fesm2015/zone.js:2701:25

⎯⎯⎯⎯⎯⎯⎯⎯⎯⎯⎯⎯⎯⎯⎯⎯⎯⎯⎯⎯⎯[13/133]⎯

 FAIL  src/app/shared/components/voice-ai-assistant/voice-ai-assistant.component.spec.ts > VoiceAIAssistantComponent > Voice Input > should toggle voice recording using service
 FAIL  src/app/shared/components/voice-ai-assistant/voice-ai-assistant.component.spec.ts > VoiceAIAssistantComponent > Voice Input > should handle voice recognition result from service
 FAIL  src/app/shared/components/voice-ai-assistant/voice-ai-assistant.component.spec.ts > VoiceAIAssistantComponent > Voice Input > should handle voice recognition error from service
 FAIL  src/app/shared/components/voice-ai-assistant/voice-ai-assistant.component.spec.ts > VoiceAIAssistantComponent > Voice Input > should handle permission denied error from service
 FAIL  src/app/shared/components/voice-ai-assistant/voice-ai-assistant.component.spec.ts > VoiceAIAssistantComponent > Voice Input > should update recording state from service observable
 FAIL  src/app/shared/components/voice-ai-assistant/voice-ai-assistant.component.spec.ts > VoiceAIAssistantComponent > Voice Input > should set voice input source and audio feedback flag on voice result
TypeError: Cannot read properties of undefined (reading 'search')
 ❯ VoiceAIAssistantComponent.handleDeepLinkParameters src/app/shared/components/voice-ai-assistant/voice-ai-assistant.component.ts:214:59
    212|    */
    213|   private handleDeepLinkParameters(): void {
    214|     const urlParams = new URLSearchParams(window.location.search);
       |                                                           ^
    215|     const addItem = urlParams.get('add');
    216|     const command = urlParams.get('command');
 ❯ VoiceAIAssistantComponent.ngOnInit src/app/shared/components/voice-ai-assistant/voice-ai-assistant.component.ts:126:10
 ❯ src/app/shared/components/voice-ai-assistant/voice-ai-assistant.component.spec.ts:1320:17
 ❯ new ZoneAwarePromise node_modules/zone.js/fesm2015/zone.js:2701:25

⎯⎯⎯⎯⎯⎯⎯⎯⎯⎯⎯⎯⎯⎯⎯⎯⎯⎯⎯⎯⎯[14/133]⎯

 FAIL  src/app/shared/components/voice-ai-assistant/voice-ai-assistant.component.spec.ts > VoiceAIAssistantComponent > Voice Output > should speak text when audio feedback enabled
 FAIL  src/app/shared/components/voice-ai-assistant/voice-ai-assistant.component.spec.ts > VoiceAIAssistantComponent > Voice Output > should not speak when already speaking
 FAIL  src/app/shared/components/voice-ai-assistant/voice-ai-assistant.component.spec.ts > VoiceAIAssistantComponent > Voice Output > should clean emojis from speech text
 FAIL  src/app/shared/components/voice-ai-assistant/voice-ai-assistant.component.spec.ts > VoiceAIAssistantComponent > Voice Output > should cancel previous speech before new one
 FAIL  src/app/shared/components/voice-ai-assistant/voice-ai-assistant.component.spec.ts > VoiceAIAssistantComponent > Voice Output > should reset isSpeaking flag on utterance end
 FAIL  src/app/shared/components/voice-ai-assistant/voice-ai-assistant.component.spec.ts > VoiceAIAssistantComponent > Voice Output > should reset isSpeaking flag on utterance error
 FAIL  src/app/shared/components/voice-ai-assistant/voice-ai-assistant.component.spec.ts > VoiceAIAssistantComponent > Voice Output > should provide audio feedback for successful actions
 FAIL  src/app/shared/components/voice-ai-assistant/voice-ai-assistant.component.spec.ts > VoiceAIAssistantComponent > Voice Output > should not provide audio feedback for text input
TypeError: Cannot read properties of undefined (reading 'search')
 ❯ VoiceAIAssistantComponent.handleDeepLinkParameters src/app/shared/components/voice-ai-assistant/voice-ai-assistant.component.ts:214:59
    212|    */
    213|   private handleDeepLinkParameters(): void {
    214|     const urlParams = new URLSearchParams(window.location.search);
       |                                                           ^
    215|     const addItem = urlParams.get('add');
    216|     const command = urlParams.get('command');
 ❯ VoiceAIAssistantComponent.ngOnInit src/app/shared/components/voice-ai-assistant/voice-ai-assistant.component.ts:126:10
 ❯ src/app/shared/components/voice-ai-assistant/voice-ai-assistant.component.spec.ts:1417:17
 ❯ new ZoneAwarePromise node_modules/zone.js/fesm2015/zone.js:2701:25

⎯⎯⎯⎯⎯⎯⎯⎯⎯⎯⎯⎯⎯⎯⎯⎯⎯⎯⎯⎯⎯[15/133]⎯

 FAIL  src/app/shared/components/voice-ai-assistant/voice-ai-assistant.component.spec.ts > VoiceAIAssistantComponent > UI Helpers > should get placeholder for active conversation
 FAIL  src/app/shared/components/voice-ai-assistant/voice-ai-assistant.component.spec.ts > VoiceAIAssistantComponent > UI Helpers > should get default placeholder without active conversation
 FAIL  src/app/shared/components/voice-ai-assistant/voice-ai-assistant.component.spec.ts > VoiceAIAssistantComponent > UI Helpers > should get voice tooltip based on recording state
 FAIL  src/app/shared/components/voice-ai-assistant/voice-ai-assistant.component.spec.ts > VoiceAIAssistantComponent > UI Helpers > should get send tooltip based on conversation state
 FAIL  src/app/shared/components/voice-ai-assistant/voice-ai-assistant.component.spec.ts > VoiceAIAssistantComponent > UI Helpers > should send quick message
 FAIL  src/app/shared/components/voice-ai-assistant/voice-ai-assistant.component.spec.ts > VoiceAIAssistantComponent > UI Helpers > should detect if continuation can be used
 FAIL  src/app/shared/components/voice-ai-assistant/voice-ai-assistant.component.spec.ts > VoiceAIAssistantComponent > UI Helpers > should detect when continuation cannot be used
 FAIL  src/app/shared/components/voice-ai-assistant/voice-ai-assistant.component.spec.ts > VoiceAIAssistantComponent > UI Helpers > should handle onEnterKey with Ctrl pressed
 FAIL  src/app/shared/components/voice-ai-assistant/voice-ai-assistant.component.spec.ts > VoiceAIAssistantComponent > UI Helpers > should set text input source
TypeError: Cannot read properties of undefined (reading 'search')
 ❯ VoiceAIAssistantComponent.handleDeepLinkParameters src/app/shared/components/voice-ai-assistant/voice-ai-assistant.component.ts:214:59
    212|    */
    213|   private handleDeepLinkParameters(): void {
    214|     const urlParams = new URLSearchParams(window.location.search);
       |                                                           ^
    215|     const addItem = urlParams.get('add');
    216|     const command = urlParams.get('command');
 ❯ VoiceAIAssistantComponent.ngOnInit src/app/shared/components/voice-ai-assistant/voice-ai-assistant.component.ts:126:10
 ❯ src/app/shared/components/voice-ai-assistant/voice-ai-assistant.component.spec.ts:1516:17
 ❯ new ZoneAwarePromise node_modules/zone.js/fesm2015/zone.js:2701:25

⎯⎯⎯⎯⎯⎯⎯⎯⎯⎯⎯⎯⎯⎯⎯⎯⎯⎯⎯⎯⎯[16/133]⎯

 FAIL  src/app/shared/components/voice-ai-assistant/voice-ai-assistant.component.spec.ts > VoiceAIAssistantComponent > Disambiguation UI Helpers > should detect recipe processing
 FAIL  src/app/shared/components/voice-ai-assistant/voice-ai-assistant.component.spec.ts > VoiceAIAssistantComponent > Disambiguation UI Helpers > should detect sequential recipe processing
 FAIL  src/app/shared/components/voice-ai-assistant/voice-ai-assistant.component.spec.ts > VoiceAIAssistantComponent > Disambiguation UI Helpers > should get current item index
 FAIL  src/app/shared/components/voice-ai-assistant/voice-ai-assistant.component.spec.ts > VoiceAIAssistantComponent > Disambiguation UI Helpers > should get total items count
 FAIL  src/app/shared/components/voice-ai-assistant/voice-ai-assistant.component.spec.ts > VoiceAIAssistantComponent > Disambiguation UI Helpers > should calculate progress percentage
 FAIL  src/app/shared/components/voice-ai-assistant/voice-ai-assistant.component.spec.ts > VoiceAIAssistantComponent > Disambiguation UI Helpers > should detect when skip all is available
 FAIL  src/app/shared/components/voice-ai-assistant/voice-ai-assistant.component.spec.ts > VoiceAIAssistantComponent > Disambiguation UI Helpers > should detect when skip all is not available
 FAIL  src/app/shared/components/voice-ai-assistant/voice-ai-assistant.component.spec.ts > VoiceAIAssistantComponent > Disambiguation UI Helpers > should get disambiguation header color
 FAIL  src/app/shared/components/voice-ai-assistant/voice-ai-assistant.component.spec.ts > VoiceAIAssistantComponent > Disambiguation UI Helpers > should get disambiguation header icon
 FAIL  src/app/shared/components/voice-ai-assistant/voice-ai-assistant.component.spec.ts > VoiceAIAssistantComponent > Disambiguation UI Helpers > should get action description
 FAIL  src/app/shared/components/voice-ai-assistant/voice-ai-assistant.component.spec.ts > VoiceAIAssistantComponent > Disambiguation UI Helpers > should get default icon for option type
 FAIL  src/app/shared/components/voice-ai-assistant/voice-ai-assistant.component.spec.ts > VoiceAIAssistantComponent > Disambiguation UI Helpers > should get action hint for option
 FAIL  src/app/shared/components/voice-ai-assistant/voice-ai-assistant.component.spec.ts > VoiceAIAssistantComponent > Disambiguation UI Helpers > should get department name
 FAIL  src/app/shared/components/voice-ai-assistant/voice-ai-assistant.component.spec.ts > VoiceAIAssistantComponent > Disambiguation UI Helpers > should get confidence text
TypeError: Cannot read properties of undefined (reading 'search')
 ❯ VoiceAIAssistantComponent.handleDeepLinkParameters src/app/shared/components/voice-ai-assistant/voice-ai-assistant.component.ts:214:59
    212|    */
    213|   private handleDeepLinkParameters(): void {
    214|     const urlParams = new URLSearchParams(window.location.search);
       |                                                           ^
    215|     const addItem = urlParams.get('add');
    216|     const command = urlParams.get('command');
 ❯ VoiceAIAssistantComponent.ngOnInit src/app/shared/components/voice-ai-assistant/voice-ai-assistant.component.ts:126:10
 ❯ src/app/shared/components/voice-ai-assistant/voice-ai-assistant.component.spec.ts:1637:17
 ❯ new ZoneAwarePromise node_modules/zone.js/fesm2015/zone.js:2701:25

⎯⎯⎯⎯⎯⎯⎯⎯⎯⎯⎯⎯⎯⎯⎯⎯⎯⎯⎯⎯⎯[17/133]⎯

 FAIL  src/app/shared/components/voice-ai-assistant/voice-ai-assistant.component.spec.ts > VoiceAIAssistantComponent > Navigation & Chat Management > should navigate back to lists
 FAIL  src/app/shared/components/voice-ai-assistant/voice-ai-assistant.component.spec.ts > VoiceAIAssistantComponent > Navigation & Chat Management > should clear chat
 FAIL  src/app/shared/components/voice-ai-assistant/voice-ai-assistant.component.spec.ts > VoiceAIAssistantComponent > Navigation & Chat Management > should export chat
 FAIL  src/app/shared/components/voice-ai-assistant/voice-ai-assistant.component.spec.ts > VoiceAIAssistantComponent > Navigation & Chat Management > should show contextual help
 FAIL  src/app/shared/components/voice-ai-assistant/voice-ai-assistant.component.spec.ts > VoiceAIAssistantComponent > Navigation & Chat Management > should show recipe help
 FAIL  src/app/shared/components/voice-ai-assistant/voice-ai-assistant.component.spec.ts > VoiceAIAssistantComponent > Navigation & Chat Management > should trigger manual recovery
 FAIL  src/app/shared/components/voice-ai-assistant/voice-ai-assistant.component.spec.ts > VoiceAIAssistantComponent > Navigation & Chat Management > should toggle verbose logging
TypeError: Cannot read properties of undefined (reading 'search')
 ❯ VoiceAIAssistantComponent.handleDeepLinkParameters src/app/shared/components/voice-ai-assistant/voice-ai-assistant.component.ts:214:59
    212|    */
    213|   private handleDeepLinkParameters(): void {
    214|     const urlParams = new URLSearchParams(window.location.search);
       |                                                           ^
    215|     const addItem = urlParams.get('add');
    216|     const command = urlParams.get('command');
 ❯ VoiceAIAssistantComponent.ngOnInit src/app/shared/components/voice-ai-assistant/voice-ai-assistant.component.ts:126:10
 ❯ src/app/shared/components/voice-ai-assistant/voice-ai-assistant.component.spec.ts:1776:17
 ❯ new ZoneAwarePromise node_modules/zone.js/fesm2015/zone.js:2701:25

⎯⎯⎯⎯⎯⎯⎯⎯⎯⎯⎯⎯⎯⎯⎯⎯⎯⎯⎯⎯⎯[18/133]⎯

 FAIL  src/app/shared/components/voice-ai-assistant/voice-ai-assistant.component.spec.ts > VoiceAIAssistantComponent > Scrolling & PWA Viewport > should scroll to bottom when messagesContainer exists
 FAIL  src/app/shared/components/voice-ai-assistant/voice-ai-assistant.component.spec.ts > VoiceAIAssistantComponent > Scrolling & PWA Viewport > should handle missing messagesContainer gracefully
 FAIL  src/app/shared/components/voice-ai-assistant/voice-ai-assistant.component.spec.ts > VoiceAIAssistantComponent > Scrolling & PWA Viewport > should fallback to scrollTop for older browsers
 FAIL  src/app/shared/components/voice-ai-assistant/voice-ai-assistant.component.spec.ts > VoiceAIAssistantComponent > Scrolling & PWA Viewport > should set viewport height CSS variable
 FAIL  src/app/shared/components/voice-ai-assistant/voice-ai-assistant.component.spec.ts > VoiceAIAssistantComponent > Scrolling & PWA Viewport > should setup PWA viewport listeners
 FAIL  src/app/shared/components/voice-ai-assistant/voice-ai-assistant.component.spec.ts > VoiceAIAssistantComponent > Scrolling & PWA Viewport > should detect PWA mode and apply fixes
 FAIL  src/app/shared/components/voice-ai-assistant/voice-ai-assistant.component.spec.ts > VoiceAIAssistantComponent > Scrolling & PWA Viewport > should call onContentChange and scroll
TypeError: Cannot read properties of undefined (reading 'search')
 ❯ VoiceAIAssistantComponent.handleDeepLinkParameters src/app/shared/components/voice-ai-assistant/voice-ai-assistant.component.ts:214:59
    212|    */
    213|   private handleDeepLinkParameters(): void {
    214|     const urlParams = new URLSearchParams(window.location.search);
       |                                                           ^
    215|     const addItem = urlParams.get('add');
    216|     const command = urlParams.get('command');
 ❯ VoiceAIAssistantComponent.ngOnInit src/app/shared/components/voice-ai-assistant/voice-ai-assistant.component.ts:126:10
 ❯ src/app/shared/components/voice-ai-assistant/voice-ai-assistant.component.spec.ts:1856:17
 ❯ new ZoneAwarePromise node_modules/zone.js/fesm2015/zone.js:2701:25

⎯⎯⎯⎯⎯⎯⎯⎯⎯⎯⎯⎯⎯⎯⎯⎯⎯⎯⎯⎯⎯[19/133]⎯

 FAIL  src/app/shared/components/voice-ai-assistant/voice-ai-assistant.component.spec.ts > VoiceAIAssistantComponent > Cleanup > should cleanup on destroy
 FAIL  src/app/shared/components/voice-ai-assistant/voice-ai-assistant.component.spec.ts > VoiceAIAssistantComponent > Cleanup > should complete destroy subject
 FAIL  src/app/shared/components/voice-ai-assistant/voice-ai-assistant.component.spec.ts > VoiceAIAssistantComponent > Cleanup > should remove window event listeners
 FAIL  src/app/shared/components/voice-ai-assistant/voice-ai-assistant.component.spec.ts > VoiceAIAssistantComponent > Cleanup > should cleanup voice input service on destroy
TypeError: Cannot read properties of undefined (reading 'search')
 ❯ VoiceAIAssistantComponent.handleDeepLinkParameters src/app/shared/components/voice-ai-assistant/voice-ai-assistant.component.ts:214:59
    212|    */
    213|   private handleDeepLinkParameters(): void {
    214|     const urlParams = new URLSearchParams(window.location.search);
       |                                                           ^
    215|     const addItem = urlParams.get('add');
    216|     const command = urlParams.get('command');
 ❯ VoiceAIAssistantComponent.ngOnInit src/app/shared/components/voice-ai-assistant/voice-ai-assistant.component.ts:126:10
 ❯ src/app/shared/components/voice-ai-assistant/voice-ai-assistant.component.spec.ts:1951:17
 ❯ new ZoneAwarePromise node_modules/zone.js/fesm2015/zone.js:2701:25

⎯⎯⎯⎯⎯⎯⎯⎯⎯⎯⎯⎯⎯⎯⎯⎯⎯⎯⎯⎯⎯[20/133]⎯

 FAIL  src/app/shared/components/voice-ai-assistant/voice-ai-assistant.component.spec.ts > VoiceAIAssistantComponent > Error Handling > should handle network errors in sendMessage
 FAIL  src/app/shared/components/voice-ai-assistant/voice-ai-assistant.component.spec.ts > VoiceAIAssistantComponent > Error Handling > should handle disambiguation selection errors
 FAIL  src/app/shared/components/voice-ai-assistant/voice-ai-assistant.component.spec.ts > VoiceAIAssistantComponent > Error Handling > should handle context sync errors gracefully
 FAIL  src/app/shared/components/voice-ai-assistant/voice-ai-assistant.component.spec.ts > VoiceAIAssistantComponent > Error Handling > should handle skip all errors
TypeError: Cannot read properties of undefined (reading 'search')
 ❯ VoiceAIAssistantComponent.handleDeepLinkParameters src/app/shared/components/voice-ai-assistant/voice-ai-assistant.component.ts:214:59
    212|    */
    213|   private handleDeepLinkParameters(): void {
    214|     const urlParams = new URLSearchParams(window.location.search);
       |                                                           ^
    215|     const addItem = urlParams.get('add');
    216|     const command = urlParams.get('command');
 ❯ VoiceAIAssistantComponent.ngOnInit src/app/shared/components/voice-ai-assistant/voice-ai-assistant.component.ts:126:10
 ❯ src/app/shared/components/voice-ai-assistant/voice-ai-assistant.component.spec.ts:1994:17
 ❯ new ZoneAwarePromise node_modules/zone.js/fesm2015/zone.js:2701:25

⎯⎯⎯⎯⎯⎯⎯⎯⎯⎯⎯⎯⎯⎯⎯⎯⎯⎯⎯⎯⎯[21/133]⎯

 FAIL  src/app/shared/components/voice-ai-assistant/voice-ai-assistant.component.spec.ts > VoiceAIAssistantComponent > Edge Cases > should handle null disambiguation in selectDisambiguationOption
 FAIL  src/app/shared/components/voice-ai-assistant/voice-ai-assistant.component.spec.ts > VoiceAIAssistantComponent > Edge Cases > should handle empty continuation keywords
 FAIL  src/app/shared/components/voice-ai-assistant/voice-ai-assistant.component.spec.ts > VoiceAIAssistantComponent > Edge Cases > should handle invalid recipe input
 FAIL  src/app/shared/components/voice-ai-assistant/voice-ai-assistant.component.spec.ts > VoiceAIAssistantComponent > Edge Cases > should handle missing speech synthesis
 FAIL  src/app/shared/components/voice-ai-assistant/voice-ai-assistant.component.spec.ts > VoiceAIAssistantComponent > Edge Cases > should handle quick continuation without examples
 FAIL  src/app/shared/components/voice-ai-assistant/voice-ai-assistant.component.spec.ts > VoiceAIAssistantComponent > Edge Cases > should handle trackByOptionId with missing id
 FAIL  src/app/shared/components/voice-ai-assistant/voice-ai-assistant.component.spec.ts > VoiceAIAssistantComponent > Edge Cases > should handle trackByOptionId with id
 FAIL  src/app/shared/components/voice-ai-assistant/voice-ai-assistant.component.spec.ts > VoiceAIAssistantComponent > Edge Cases > should handle conversation mode with "nein" keyword
 FAIL  src/app/shared/components/voice-ai-assistant/voice-ai-assistant.component.spec.ts > VoiceAIAssistantComponent > Edge Cases > should handle conversation mode with "fertig" keyword
 FAIL  src/app/shared/components/voice-ai-assistant/voice-ai-assistant.component.spec.ts > VoiceAIAssistantComponent > Edge Cases > should handle help command
 FAIL  src/app/shared/components/voice-ai-assistant/voice-ai-assistant.component.spec.ts > VoiceAIAssistantComponent > Edge Cases > should handle list creation command
TypeError: Cannot read properties of undefined (reading 'search')
 ❯ VoiceAIAssistantComponent.handleDeepLinkParameters src/app/shared/components/voice-ai-assistant/voice-ai-assistant.component.ts:214:59
    212|    */
    213|   private handleDeepLinkParameters(): void {
    214|     const urlParams = new URLSearchParams(window.location.search);
       |                                                           ^
    215|     const addItem = urlParams.get('add');
    216|     const command = urlParams.get('command');
 ❯ VoiceAIAssistantComponent.ngOnInit src/app/shared/components/voice-ai-assistant/voice-ai-assistant.component.ts:126:10
 ❯ src/app/shared/components/voice-ai-assistant/voice-ai-assistant.component.spec.ts:2073:17
 ❯ new ZoneAwarePromise node_modules/zone.js/fesm2015/zone.js:2701:25

⎯⎯⎯⎯⎯⎯⎯⎯⎯⎯⎯⎯⎯⎯⎯⎯⎯⎯⎯⎯⎯[22/133]⎯

 FAIL  src/app/shared/components/voice-ai-assistant/services/chat-ui.service.spec.ts > ChatUIService > PWA Mode > should detect PWA standalone mode
AssertionError: expected "spy" to be called with arguments: [ +0, +0 ][90m

Number of calls: [1m0[22m
[39m
 ❯ src/app/shared/components/voice-ai-assistant/services/chat-ui.service.spec.ts:173:35
    171|         'calc(75px + env(safe-area-inset-bottom, 0px))'
    172|       );
    173|       expect(mockWindow.scrollTo).toHaveBeenCalledWith(0, 0);
       |                                   ^
    174|     });
    175| 
 ❯ new ZoneAwarePromise node_modules/zone.js/fesm2015/zone.js:2701:25

⎯⎯⎯⎯⎯⎯⎯⎯⎯⎯⎯⎯⎯⎯⎯⎯⎯⎯⎯⎯⎯[23/133]⎯

 FAIL  src/app/shared/components/voice-ai-assistant/services/voice-input.service.spec.ts > VoiceInputService > Recording Lifecycle > should start recording successfully
AssertionError: expected false to be true // Object.is equality

[32m- Expected[39m
[31m+ Received[39m

[32m- true[39m
[31m+ false[39m

 ❯ src/app/shared/components/voice-ai-assistant/services/voice-input.service.spec.ts:128:27
    126| 
    127|       const isRecording = await isRecordingPromise;
    128|       expect(isRecording).toBe(true);
       |                           ^
    129|       expect(mockRecognition.start).toHaveBeenCalled();
    130|       expect(service.isRecording()).toBe(true);

⎯⎯⎯⎯⎯⎯⎯⎯⎯⎯⎯⎯⎯⎯⎯⎯⎯⎯⎯⎯⎯[24/133]⎯

 FAIL  src/app/shared/components/voice-ai-assistant/services/voice-output.service.spec.ts > VoiceOutputService > Speaking Functionality > should update speaking state observable
AssertionError: expected false to be true // Object.is equality

[32m- Expected[39m
[31m+ Received[39m

[32m- true[39m
[31m+ false[39m

 ❯ src/app/shared/components/voice-ai-assistant/services/voice-output.service.spec.ts:190:26
    188| 
    189|       const isSpeaking = await speakingPromise;
    190|       expect(isSpeaking).toBe(true);
       |                          ^
    191|     });
    192| 

⎯⎯⎯⎯⎯⎯⎯⎯⎯⎯⎯⎯⎯⎯⎯⎯⎯⎯⎯⎯⎯[25/133]⎯


 Test Files  4 failed | 14 passed | 8 skipped (26)
      Tests  133 failed | 479 passed | 11 skipped (623)
   Start at  08:05:10
   Duration  16.76s (transform 4.16s, setup 45.14s, collect 12.62s, tests 6.26s, environment 128.29s, prepare 10.77s)

